Archive member included to satisfy reference by file (symbol)

app/libapp.a(main.c.obj)      (--whole-archive)
app/libapp.a(lcd_text.c.obj)  (--whole-archive)
app/libapp.a(font5x7.c.obj)   (--whole-archive)
app/libapp.a(mpu6050.c.obj)   (--whole-archive)
app/libapp.a(sensor.c.obj)    (--whole-archive)
app/libapp.a(cli.c.obj)       (--whole-archive)
zephyr/libzephyr.a(validate_libc.c.obj)
                              (--whole-archive)
zephyr/libzephyr.a(heap.c.obj)
                              (--whole-archive)
zephyr/libzephyr.a(cbprintf_packaged.c.obj)
                              (--whole-archive)
zephyr/libzephyr.a(clock.c.obj)
                              (--whole-archive)
zephyr/libzephyr.a(printk.c.obj)
                              (--whole-archive)
zephyr/libzephyr.a(sem.c.obj)
                              (--whole-archive)
zephyr/libzephyr.a(thread_entry.c.obj)
                              (--whole-archive)
zephyr/libzephyr.a(cbprintf_complete.c.obj)
                              (--whole-archive)
zephyr/libzephyr.a(assert.c.obj)
                              (--whole-archive)
zephyr/libzephyr.a(mpsc_pbuf.c.obj)
                              (--whole-archive)
zephyr/libzephyr.a(dec.c.obj)
                              (--whole-archive)
zephyr/libzephyr.a(hex.c.obj)
                              (--whole-archive)
zephyr/libzephyr.a(rb.c.obj)  (--whole-archive)
zephyr/libzephyr.a(timeutil.c.obj)
                              (--whole-archive)
zephyr/libzephyr.a(bitarray.c.obj)
                              (--whole-archive)
zephyr/libzephyr.a(bitmask.c.obj)
                              (--whole-archive)
zephyr/libzephyr.a(getopt.c.obj)
                              (--whole-archive)
zephyr/libzephyr.a(getopt_common.c.obj)
                              (--whole-archive)
zephyr/libzephyr.a(ring_buffer.c.obj)
                              (--whole-archive)
zephyr/libzephyr.a(last_section_id.c.obj)
                              (--whole-archive)
zephyr/libzephyr.a(configs.c.obj)
                              (--whole-archive)
zephyr/libzephyr.a(soc_irq.S.obj)
                              (--whole-archive)
zephyr/libzephyr.a(soc_common_irq.c.obj)
                              (--whole-archive)
zephyr/libzephyr.a(vector.S.obj)
                              (--whole-archive)
zephyr/libzephyr.a(entry.S.obj)
                              (--whole-archive)
zephyr/libzephyr.a(soc.c.obj)
                              (--whole-archive)
zephyr/libzephyr.a(soc_irq.S.obj)
                              (--whole-archive)
zephyr/libzephyr.a(log_core.c.obj)
                              (--whole-archive)
zephyr/libzephyr.a(log_mgmt.c.obj)
                              (--whole-archive)
zephyr/libzephyr.a(log_cache.c.obj)
                              (--whole-archive)
zephyr/libzephyr.a(log_msg.c.obj)
                              (--whole-archive)
zephyr/libzephyr.a(log_output.c.obj)
                              (--whole-archive)
zephyr/libzephyr.a(log_backend_uart.c.obj)
                              (--whole-archive)
zephyr/libzephyr.a(tracing_none.c.obj)
                              (--whole-archive)
zephyr/libzephyr.a(mipi_dbi_spi.c.obj)
                              (--whole-archive)
zephyr/arch/common/libarch__common.a(sw_isr_common.c.obj)
                              (--whole-archive)
zephyr/arch/common/libarch__common.a(init.c.obj)
                              (--whole-archive)
zephyr/arch/common/libarch__common.a(xip.c.obj)
                              (--whole-archive)
zephyr/arch/arch/riscv/core/libarch__riscv__core.a(cpu_idle.c.obj)
                              (--whole-archive)
zephyr/arch/arch/riscv/core/libarch__riscv__core.a(fatal.c.obj)
                              (--whole-archive)
zephyr/arch/arch/riscv/core/libarch__riscv__core.a(irq_manage.c.obj)
                              (--whole-archive)
zephyr/arch/arch/riscv/core/libarch__riscv__core.a(prep_c.c.obj)
                              (--whole-archive)
zephyr/arch/arch/riscv/core/libarch__riscv__core.a(reboot.c.obj)
                              (--whole-archive)
zephyr/arch/arch/riscv/core/libarch__riscv__core.a(reset.S.obj)
                              (--whole-archive)
zephyr/arch/arch/riscv/core/libarch__riscv__core.a(switch.S.obj)
                              (--whole-archive)
zephyr/arch/arch/riscv/core/libarch__riscv__core.a(thread.c.obj)
                              (--whole-archive)
zephyr/arch/arch/riscv/core/libarch__riscv__core.a(isr.S.obj)
                              (--whole-archive)
zephyr/arch/arch/riscv/core/libarch__riscv__core.a(tls.c.obj)
                              (--whole-archive)
zephyr/arch/arch/riscv/core/libarch__riscv__core.a(stacktrace.c.obj)
                              (--whole-archive)
zephyr/lib/libc/picolibc/liblib__libc__picolibc.a(assert.c.obj)
                              (--whole-archive)
zephyr/lib/libc/picolibc/liblib__libc__picolibc.a(cbprintf.c.obj)
[...]
Memory Configuration

Name             Origin             Length             Attributes
ROM              0x0000000008000000 0x0000000000020000 xr
RAM              0x0000000020000000 0x0000000000008000 xrw
IDT_LIST         0x00000000fffff000 0x0000000000001000 xw
*default*        0x0000000000000000 0xffffffffffffffff

Linker script and memory map

                0x00000000080077e6                vfprintf = __l_vfprintf
                0x0000000000000000                vfscanf = __l_vfscanf
LOAD zephyr/CMakeFiles/zephyr_final.dir/misc/empty_file.c.obj
LOAD zephyr/CMakeFiles/zephyr_final.dir/isr_tables.c.obj
LOAD zephyr/CMakeFiles/offsets.dir/./arch/riscv/core/offsets/offsets.c.obj
LOAD app/libapp.a
LOAD zephyr/libzephyr.a
LOAD zephyr/arch/common/libarch__common.a
LOAD zephyr/arch/arch/riscv/core/libarch__riscv__core.a
LOAD zephyr/lib/libc/picolibc/liblib__libc__picolibc.a
LOAD zephyr/lib/libc/common/liblib__libc__common.a
LOAD zephyr/lib/posix/c_lib_ext/liblib__posix__c_lib_ext.a
LOAD zephyr/drivers/interrupt_controller/libdrivers__interrupt_controller.a
LOAD zephyr/drivers/clock_control/libdrivers__clock_control.a
LOAD zephyr/drivers/console/libdrivers__console.a
LOAD zephyr/drivers/display/libdrivers__display.a
LOAD zephyr/drivers/gpio/libdrivers__gpio.a
LOAD zephyr/drivers/i2c/libdrivers__i2c.a
LOAD zephyr/drivers/pinctrl/libdrivers__pinctrl.a
LOAD zephyr/drivers/reset/libdrivers__reset.a
LOAD zephyr/drivers/serial/libdrivers__serial.a
LOAD zephyr/drivers/spi/libdrivers__spi.a
LOAD zephyr/drivers/timer/libdrivers__timer.a
LOAD modules/hal_gigadevice/libhal_gigadevice.a
LOAD zephyr/kernel/libkernel.a
LOAD zephyr/arch/common/libisr_tables.a
LOAD /home/dinesh/zephyr-sdk-0.17.4/riscv64-zephyr-elf/bin/../lib/gcc/../../picolibc/riscv64-zephyr-elf/lib/rv32imac_zicsr_zifencei/ilp32/libc.a
LOAD /home/dinesh/zephyr-sdk-0.17.4/riscv64-zephyr-elf/bin/../lib/gcc/riscv64-zephyr-elf/12.2.0/rv32imac_zicsr_zifencei/ilp32/libgcc.a

.rel.plt        0x0000000000000000        0x0
 *(SORT_BY_ALIGNMENT(.rel.plt))
                [!provide]                        PROVIDE (__rel_iplt_start = .)
 *(SORT_BY_ALIGNMENT(.rel.iplt))
                [!provide]                        PROVIDE (__rel_iplt_end = .)

.rela.plt       0x0000000000000000        0x0
 *(SORT_BY_ALIGNMENT(.rela.plt))
                [!provide]                        PROVIDE (__rela_iplt_start = .)
 *(SORT_BY_ALIGNMENT(.rela.iplt))
                [!provide]                        PROVIDE (__rela_iplt_end = .)

.rel.dyn
 *(SORT_BY_ALIGNMENT(.rel.*))

.rela.dyn       0x0000000008000000        0x0
 *(SORT_BY_ALIGNMENT(.rela.*))
 .rela.text.cbvprintf_package
                0x0000000008000000        0x0 zephyr/CMakeFiles/zephyr_final.dir/isr_tables.c.obj
 .rela.text.cbprintf_package_convert
                0x0000000008000000        0x0 zephyr/CMakeFiles/zephyr_final.dir/isr_tables.c.obj
 .rela.sdata._char_out
                0x0000000008000000        0x0 zephyr/CMakeFiles/zephyr_final.dir/isr_tables.c.obj
 .rela.vectors.__start
                0x0000000008000000        0x0 zephyr/CMakeFiles/zephyr_final.dir/isr_tables.c.obj
 .rela.text.activate_foreach_backend
                0x0000000008000000        0x0 zephyr/CMakeFiles/zephyr_final.dir/isr_tables.c.obj
 .rela.text.z_log_init
                0x0000000008000000        0x0 zephyr/CMakeFiles/zephyr_final.dir/isr_tables.c.obj
 .rela.text.dropped_notify
                0x0000000008000000        0x0 zephyr/CMakeFiles/zephyr_final.dir/isr_tables.c.obj
 .rela.text.log_core_init
                0x0000000008000000        0x0 zephyr/CMakeFiles/zephyr_final.dir/isr_tables.c.obj
 .rela.text.z_impl_log_process
                0x0000000008000000        0x0 zephyr/CMakeFiles/zephyr_final.dir/isr_tables.c.obj
 .rela.text.z_impl_log_panic
                0x0000000008000000        0x0 zephyr/CMakeFiles/zephyr_final.dir/isr_tables.c.obj
 .rela.text.log_process_thread_func
                0x0000000008000000        0x0 zephyr/CMakeFiles/zephyr_final.dir/isr_tables.c.obj
 .rela.text.log_source_name_get
                0x0000000008000000        0x0 zephyr/CMakeFiles/zephyr_final.dir/isr_tables.c.obj
 .rela.text.log_msg_get_source_id
                0x0000000008000000        0x0 zephyr/CMakeFiles/zephyr_final.dir/isr_tables.c.obj
 .rela.text.arch_bss_zero
                0x0000000008000000        0x0 zephyr/CMakeFiles/zephyr_final.dir/isr_tables.c.obj
 .rela.text.arch_data_copy
                0x0000000008000000        0x0 zephyr/CMakeFiles/zephyr_final.dir/isr_tables.c.obj
 .rela.text.arch_tls_stack_setup
                0x0000000008000000        0x0 zephyr/CMakeFiles/zephyr_final.dir/isr_tables.c.obj
 .rela.text.walk_stackframe
                0x0000000008000000        0x0 zephyr/CMakeFiles/zephyr_final.dir/isr_tables.c.obj
 .rela.text.malloc_prepare
                0x0000000008000000        0x0 zephyr/CMakeFiles/zephyr_final.dir/isr_tables.c.obj
 .rela.text.bg_thread_main
                0x0000000008000000        0x0 zephyr/CMakeFiles/zephyr_final.dir/isr_tables.c.obj
 .rela.rodata.levels.0
                0x0000000008000000        0x0 zephyr/CMakeFiles/zephyr_final.dir/isr_tables.c.obj
 .rela.text.statics_init
                0x0000000008000000        0x0 zephyr/CMakeFiles/zephyr_final.dir/isr_tables.c.obj

.plt
 *(SORT_BY_ALIGNMENT(.plt))

.iplt
 *(SORT_BY_ALIGNMENT(.iplt))
                0x0000000008000000                __rom_region_start = 0x8000000

rom_start       0x0000000008000000       0x50
                0x0000000008000000                . = ALIGN (0x10)
                0x0000000008000000                __rom_start_address = .
 FILL mask 0x00
                0x0000000008000000                . = (. + (0x0 - (. - __rom_start_address)))
                0x0000000008000000                . = ALIGN (0x4)
 *(SORT_BY_ALIGNMENT(.init.*))
 .init.__nuclei_start
                0x0000000008000000       0x34 zephyr/libzephyr.a(entry.S.obj)
                0x0000000008000000                __nuclei_start
 *(SORT_BY_ALIGNMENT(.vectors.*))
 *fill*         0x0000000008000034        0x0 00
 .vectors.__start
                0x0000000008000034       0x1c zephyr/libzephyr.a(vector.S.obj)
                0x0000000008000034                __start

reset           0x0000000008000050        0x4
 *(SORT_BY_ALIGNMENT(.reset.*))
 .reset.__reset
                0x0000000008000050        0x4 zephyr/arch/arch/riscv/core/libarch__riscv__core.a(reset.S.obj)
                0x0000000008000050                __reset

exceptions      0x0000000008000080      0x1b2
 *(SORT_BY_ALIGNMENT(.exception.entry.*))
 .exception.entry._isr_wrapper
                0x0000000008000080      0x160 zephyr/arch/arch/riscv/core/libarch__riscv__core.a(isr.S.obj)
                0x0000000008000080                _isr_wrapper
                0x0000000008000192                z_riscv_thread_start
 *(SORT_BY_ALIGNMENT(.exception.other.*))
 .exception.other.__soc_save_context
                0x00000000080001e0        0x2 zephyr/libzephyr.a(soc_irq.S.obj)
                0x00000000080001e0                __soc_save_context
 *fill*         0x00000000080001e2        0x2 
 .exception.other.__soc_restore_context
                0x00000000080001e4       0x16 zephyr/libzephyr.a(soc_irq.S.obj)
                0x00000000080001e4                __soc_restore_context
 *fill*         0x00000000080001fa        0x2 
 .exception.other.__soc_handle_all_irqs
                0x00000000080001fc       0x36 zephyr/drivers/interrupt_controller/libdrivers__interrupt_controller.a(intc_clic.S.obj)
                0x00000000080001fc                __soc_handle_all_irqs

text            0x0000000008000234     0x7b04
                0x0000000008000234                . = ALIGN (0x4)
 *(SORT_BY_ALIGNMENT(.openocd_debug))
 *(SORT_BY_ALIGNMENT(.openocd_debug.*))
                0x0000000008000234                __text_region_start = .
 *(SORT_BY_ALIGNMENT(.text))
 .text          0x0000000008000234       0x3c /home/dinesh/zephyr-sdk-0.17.4/riscv64-zephyr-elf/bin/../lib/gcc/riscv64-zephyr-elf/12.2.0/rv32imac_zicsr_zifencei/ilp32/libgcc.a(_clzsi2.o)
                0x0000000008000234                __clzsi2
 .text          0x0000000008000270       0x3c /home/dinesh/zephyr-sdk-0.17.4/riscv64-zephyr-elf/bin/../lib/gcc/riscv64-zephyr-elf/12.2.0/rv32imac_zicsr_zifencei/ilp32/libgcc.a(_ctzsi2.o)
                0x0000000008000270                __ctzsi2
 .text          0x00000000080002ac      0x35e /home/dinesh/zephyr-sdk-0.17.4/riscv64-zephyr-elf/bin/../lib/gcc/riscv64-zephyr-elf/12.2.0/rv32imac_zicsr_zifencei/ilp32/libgcc.a(_udivdi3.o)
                0x00000000080002ac                __udivdi3
 *(SORT_BY_ALIGNMENT(.text.*))
 *fill*         0x000000000800060a        0x2 
 .text.__initialize
                0x000000000800060c       0x2a zephyr/arch/arch/riscv/core/libarch__riscv__core.a(reset.S.obj)
                0x000000000800060c                __initialize
 *fill*         0x0000000008000636        0x2 
 .text.z_riscv_switch
                0x0000000008000638       0x72 zephyr/arch/arch/riscv/core/libarch__riscv__core.a(switch.S.obj)
                0x0000000008000638                z_riscv_switch
 .text._OffsetAbsSyms
                0x00000000080006aa        0x2 zephyr/CMakeFiles/offsets.dir/./arch/riscv/core/offsets/offsets.c.obj
                0x00000000080006aa                _OffsetAbsSyms
 .text.main     0x00000000080006ac       0x12 app/libapp.a(main.c.obj)
                0x00000000080006ac                main
 .text.lcd_draw_char
                0x00000000080006be       0xe2 app/libapp.a(lcd_text.c.obj)
                0x00000000080006be                lcd_draw_char
 .text.lcd_draw_string
                0x00000000080007a0       0x36 app/libapp.a(lcd_text.c.obj)
                0x00000000080007a0                lcd_draw_string
 .text.lcd_draw_int
                0x00000000080007d6       0x36 app/libapp.a(lcd_text.c.obj)
                0x00000000080007d6                lcd_draw_int
 .text.lcd_clear
                0x000000000800080c       0x60 app/libapp.a(lcd_text.c.obj)
                0x000000000800080c                lcd_clear
 .text.mpu6050_init
                0x000000000800086c       0x36 app/libapp.a(mpu6050.c.obj)
                0x000000000800086c                mpu6050_init
 .text.mpu6050_read
                0x00000000080008a2      0x11c app/libapp.a(mpu6050.c.obj)
                0x00000000080008a2                mpu6050_read
 .text.sensor_thread
                0x00000000080009be      0x18e app/libapp.a(sensor.c.obj)
                0x00000000080009be                sensor_thread
 .text.sensor_init
                0x0000000008000b4c       0x46 app/libapp.a(sensor.c.obj)
                0x0000000008000b4c                sensor_init
 .text.sensor_set_rate
                0x0000000008000b92        0xa app/libapp.a(sensor.c.obj)
                0x0000000008000b92                sensor_set_rate
 .text.sensor_lcd_enable
                0x0000000008000b9c       0x32 app/libapp.a(sensor.c.obj)
                0x0000000008000b9c                sensor_lcd_enable
 .text.sensor_get_data
                0x0000000008000bce       0x36 app/libapp.a(sensor.c.obj)
                0x0000000008000bce                sensor_get_data
 .text.uart_poll_out
                0x0000000008000c04        0x6 app/libapp.a(cli.c.obj)
 .text.cli_thread
                0x0000000008000c0a      0x1d6 app/libapp.a(cli.c.obj)
                0x0000000008000c0a                cli_thread
 .text.uart_cb  0x0000000008000de0       0xe6 app/libapp.a(cli.c.obj)
                0x0000000008000de0                uart_cb
 .text.cli_init
                0x0000000008000ec6       0x44 app/libapp.a(cli.c.obj)
                0x0000000008000ec6                cli_init
 .text.chunk_size
                0x0000000008000f0a        0xc zephyr/libzephyr.a(heap.c.obj)
 .text.free_list_add
                0x0000000008000f16       0x7c zephyr/libzephyr.a(heap.c.obj)
 .text.sys_heap_init
                0x0000000008000f92       0xa4 zephyr/libzephyr.a(heap.c.obj)
                0x0000000008000f92                sys_heap_init
 .text.cbvprintf_package
                0x0000000008001036      0x428 zephyr/libzephyr.a(cbprintf_packaged.c.obj)
                0x0000000008001036                cbvprintf_package
 .text.cbpprintf_external
                0x000000000800145e       0x9a zephyr/libzephyr.a(cbprintf_packaged.c.obj)
                0x000000000800145e                cbpprintf_external
 .text.is_ptr   0x00000000080014f8       0x5e zephyr/libzephyr.a(cbprintf_packaged.c.obj)
                0x00000000080014f8                is_ptr
 .text.cbprintf_package_convert
                0x0000000008001556      0x482 zephyr/libzephyr.a(cbprintf_packaged.c.obj)
                0x0000000008001556                cbprintf_package_convert
 .text.arch_printk_char_out
                0x00000000080019d8        0x4 zephyr/libzephyr.a(printk.c.obj)
                0x00000000080019d8                arch_printk_char_out
 .text.__printk_hook_install
                0x00000000080019dc        0x6 zephyr/libzephyr.a(printk.c.obj)
                0x00000000080019dc                __printk_hook_install
 .text.printk   0x00000000080019e2       0x20 zephyr/libzephyr.a(printk.c.obj)
                0x00000000080019e2                printk
 .text.z_thread_entry
                0x0000000008001a02       0x2a zephyr/libzephyr.a(thread_entry.c.obj)
                0x0000000008001a02                z_thread_entry
 .text.free_space
                0x0000000008001a2c       0x26 zephyr/libzephyr.a(mpsc_pbuf.c.obj)
 .text.get_usage
                0x0000000008001a52       0x28 zephyr/libzephyr.a(mpsc_pbuf.c.obj)
 .text.idx_inc  0x0000000008001a7a       0x1c zephyr/libzephyr.a(mpsc_pbuf.c.obj)
 .text.rd_idx_inc
                0x0000000008001a96       0x1e zephyr/libzephyr.a(mpsc_pbuf.c.obj)
 .text.add_skip_item
                0x0000000008001ab4       0x44 zephyr/libzephyr.a(mpsc_pbuf.c.obj)
 .text.drop_item_locked
                0x0000000008001af8       0xfe zephyr/libzephyr.a(mpsc_pbuf.c.obj)
 .text.post_drop_action
                0x0000000008001bf6       0x48 zephyr/libzephyr.a(mpsc_pbuf.c.obj)
 .text.max_utilization_update
                0x0000000008001c3e       0x2a zephyr/libzephyr.a(mpsc_pbuf.c.obj)
 .text.mpsc_pbuf_init
                0x0000000008001c68       0x4e zephyr/libzephyr.a(mpsc_pbuf.c.obj)
                0x0000000008001c68                mpsc_pbuf_init
 .text.mpsc_pbuf_alloc
                0x0000000008001cb6      0x100 zephyr/libzephyr.a(mpsc_pbuf.c.obj)
                0x0000000008001cb6                mpsc_pbuf_alloc
 .text.mpsc_pbuf_commit
                0x0000000008001db6       0x42 zephyr/libzephyr.a(mpsc_pbuf.c.obj)
                0x0000000008001db6                mpsc_pbuf_commit
 .text.mpsc_pbuf_claim
                0x0000000008001df8       0xb6 zephyr/libzephyr.a(mpsc_pbuf.c.obj)
                0x0000000008001df8                mpsc_pbuf_claim
 .text.mpsc_pbuf_free
                0x0000000008001eae       0x7c zephyr/libzephyr.a(mpsc_pbuf.c.obj)
                0x0000000008001eae                mpsc_pbuf_free
 .text.mpsc_pbuf_is_pending
                0x0000000008001f2a       0x26 zephyr/libzephyr.a(mpsc_pbuf.c.obj)
                0x0000000008001f2a                mpsc_pbuf_is_pending
 .text._ConfigAbsSyms
                0x0000000008001f50        0x2 zephyr/libzephyr.a(configs.c.obj)
                0x0000000008001f50                _ConfigAbsSyms
 .text.arch_irq_enable
                0x0000000008001f52        0x4 zephyr/libzephyr.a(soc_common_irq.c.obj)
                0x0000000008001f52                arch_irq_enable
 .text.z_riscv_irq_priority_set
                0x0000000008001f56        0x4 zephyr/libzephyr.a(soc_common_irq.c.obj)
                0x0000000008001f56                z_riscv_irq_priority_set
 .text.soc_interrupt_init
                0x0000000008001f5a        0xe zephyr/libzephyr.a(soc_common_irq.c.obj)
                0x0000000008001f5a                soc_interrupt_init
 .text.soc_early_init_hook
                0x0000000008001f68       0x1e zephyr/libzephyr.a(soc.c.obj)
                0x0000000008001f68                soc_early_init_hook
 .text.log_msg_generic_get_wlen
                0x0000000008001f86       0x22 zephyr/libzephyr.a(log_core.c.obj)
 .text.dummy_timestamp
                0x0000000008001fa8        0x4 zephyr/libzephyr.a(log_core.c.obj)
 .text.activate_foreach_backend
                0x0000000008001fac       0x7a zephyr/libzephyr.a(log_core.c.obj)
 .text.atomic_inc
                0x0000000008002026        0xe zephyr/libzephyr.a(log_core.c.obj)
 .text.enable_logger
                0x0000000008002034       0x5e zephyr/libzephyr.a(log_core.c.obj)
 .text.default_lf_get_timestamp
                0x0000000008002092       0x16 zephyr/libzephyr.a(log_core.c.obj)
 .text.log_process_thread_timer_expiry_fn
                0x00000000080020a8        0x8 zephyr/libzephyr.a(log_core.c.obj)
 .text.z_log_init
                0x00000000080020b0       0xa6 zephyr/libzephyr.a(log_core.c.obj)
 .text.log_format_func_t_get
                0x0000000008002156       0x10 zephyr/libzephyr.a(log_core.c.obj)
                0x0000000008002156                log_format_func_t_get
 .text.z_log_vprintk
                0x0000000008002166       0x12 zephyr/libzephyr.a(log_core.c.obj)
                0x0000000008002166                z_log_vprintk
 .text.log_set_timestamp_func
                0x0000000008002178       0x1e zephyr/libzephyr.a(log_core.c.obj)
                0x0000000008002178                log_set_timestamp_func
 .text.z_log_notify_backend_enabled
                0x0000000008002196       0x22 zephyr/libzephyr.a(log_core.c.obj)
                0x0000000008002196                z_log_notify_backend_enabled
 .text.z_log_dropped
                0x00000000080021b8       0x34 zephyr/libzephyr.a(log_core.c.obj)
                0x00000000080021b8                z_log_dropped
 .text.z_log_notify_drop
                0x00000000080021ec        0x4 zephyr/libzephyr.a(log_core.c.obj)
 .text.z_log_dropped_read_and_clear
                0x00000000080021f0       0x10 zephyr/libzephyr.a(log_core.c.obj)
                0x00000000080021f0                z_log_dropped_read_and_clear
 .text.dropped_notify
                0x0000000008002200       0x46 zephyr/libzephyr.a(log_core.c.obj)
                0x0000000008002200                dropped_notify
 .text.z_log_msg_init
                0x0000000008002246       0x2a zephyr/libzephyr.a(log_core.c.obj)
                0x0000000008002246                z_log_msg_init
 .text.log_core_init
                0x0000000008002270       0x50 zephyr/libzephyr.a(log_core.c.obj)
                0x0000000008002270                log_core_init
 .text.z_log_msg_alloc
                0x00000000080022c0       0x12 zephyr/libzephyr.a(log_core.c.obj)
                0x00000000080022c0                z_log_msg_alloc
 .text.z_log_msg_local_claim
                0x00000000080022d2        0xc zephyr/libzephyr.a(log_core.c.obj)
                0x00000000080022d2                z_log_msg_local_claim
 .text.z_log_msg_free
                0x00000000080022de        0x8 zephyr/libzephyr.a(log_core.c.obj)
                0x00000000080022de                z_log_msg_free
 .text.z_log_msg_pending
                0x00000000080022e6        0xa zephyr/libzephyr.a(log_core.c.obj)
                0x00000000080022e6                z_log_msg_pending
 .text.z_impl_log_process
                0x00000000080022f0       0xb2 zephyr/libzephyr.a(log_core.c.obj)
                0x00000000080022f0                z_impl_log_process
 .text.z_impl_log_panic
                0x00000000080023a2       0x54 zephyr/libzephyr.a(log_core.c.obj)
                0x00000000080023a2                z_impl_log_panic
 .text.log_process_thread_func
                0x00000000080023f6       0x9a zephyr/libzephyr.a(log_core.c.obj)
 .text.z_log_msg_post_finalize
                0x0000000008002490       0x66 zephyr/libzephyr.a(log_core.c.obj)
 .text.z_log_msg_commit
                0x00000000080024f6       0x22 zephyr/libzephyr.a(log_core.c.obj)
                0x00000000080024f6                z_log_msg_commit
 .text.z_log_get_tag
                0x0000000008002518        0x4 zephyr/libzephyr.a(log_core.c.obj)
                0x0000000008002518                z_log_get_tag
 .text.log_source_name_get
                0x000000000800251c       0x22 zephyr/libzephyr.a(log_mgmt.c.obj)
                0x000000000800251c                log_source_name_get
 .text.log_backend_enable
                0x000000000800253e       0x16 zephyr/libzephyr.a(log_mgmt.c.obj)
                0x000000000800253e                log_backend_enable
 .text.z_cbprintf_cpy
                0x0000000008002554       0x3e zephyr/libzephyr.a(log_msg.c.obj)
 .text.z_log_msg_finalize
                0x0000000008002592       0x40 zephyr/libzephyr.a(log_msg.c.obj)
                0x0000000008002592                z_log_msg_finalize
 .text.z_log_msg_simple_create
                0x00000000080025d2       0x7c zephyr/libzephyr.a(log_msg.c.obj)
 .text.z_impl_z_log_msg_simple_create_0
                0x000000000800264e       0x12 zephyr/libzephyr.a(log_msg.c.obj)
                0x000000000800264e                z_impl_z_log_msg_simple_create_0
 .text.z_impl_z_log_msg_simple_create_1
                0x0000000008002660       0x14 zephyr/libzephyr.a(log_msg.c.obj)
                0x0000000008002660                z_impl_z_log_msg_simple_create_1
 .text.z_impl_z_log_msg_simple_create_2
                0x0000000008002674       0x16 zephyr/libzephyr.a(log_msg.c.obj)
                0x0000000008002674                z_impl_z_log_msg_simple_create_2
 .text.z_impl_z_log_msg_static_create
                0x000000000800268a      0x152 zephyr/libzephyr.a(log_msg.c.obj)
                0x000000000800268a                z_impl_z_log_msg_static_create
 .text.z_log_msg_runtime_vcreate
                0x00000000080027dc       0xcc zephyr/libzephyr.a(log_msg.c.obj)
                0x00000000080027dc                z_log_msg_runtime_vcreate
 .text.log_msg_get_source_id
                0x00000000080028a8       0x1a zephyr/libzephyr.a(log_msg.c.obj)
                0x00000000080028a8                log_msg_get_source_id
 .text.log_output_write
                0x00000000080028c2       0x32 zephyr/libzephyr.a(log_output.c.obj)
 .text.log_output_flush
                0x00000000080028f4       0x22 zephyr/libzephyr.a(log_output.c.obj)
 .text.print_formatted
                0x0000000008002916       0x2a zephyr/libzephyr.a(log_output.c.obj)
 .text.newline_print
                0x0000000008002940       0x22 zephyr/libzephyr.a(log_output.c.obj)
 .text.out_func
                0x0000000008002962       0x3a zephyr/libzephyr.a(log_output.c.obj)
 .text.cr_out_func
                0x000000000800299c       0x28 zephyr/libzephyr.a(log_output.c.obj)
 .text.log_output_process
                0x00000000080029c4      0x2d8 zephyr/libzephyr.a(log_output.c.obj)
                0x00000000080029c4                log_output_process
 .text.log_output_msg_process
                0x0000000008002c9c       0x7c zephyr/libzephyr.a(log_output.c.obj)
                0x0000000008002c9c                log_output_msg_process
 .text.log_output_dropped_process
                0x0000000008002d18       0x70 zephyr/libzephyr.a(log_output.c.obj)
                0x0000000008002d18                log_output_dropped_process
 .text.log_output_timestamp_freq_set
                0x0000000008002d88       0x26 zephyr/libzephyr.a(log_output.c.obj)
                0x0000000008002d88                log_output_timestamp_freq_set
 .text.format_set
                0x0000000008002dae        0xc zephyr/libzephyr.a(log_backend_uart.c.obj)
 .text.log_backend_uart_init
                0x0000000008002dba        0xc zephyr/libzephyr.a(log_backend_uart.c.obj)
 .text.panic    0x0000000008002dc6       0x52 zephyr/libzephyr.a(log_backend_uart.c.obj)
 .text.dropped  0x0000000008002e18        0x8 zephyr/libzephyr.a(log_backend_uart.c.obj)
 .text.process  0x0000000008002e20       0x24 zephyr/libzephyr.a(log_backend_uart.c.obj)
 .text.char_out
                0x0000000008002e44       0x42 zephyr/libzephyr.a(log_backend_uart.c.obj)
 .text.sys_trace_idle
                0x0000000008002e86        0x2 zephyr/libzephyr.a(tracing_none.c.obj)
                0x0000000008002e86                sys_trace_idle
 .text.sys_trace_idle_exit
                0x0000000008002e88        0x2 zephyr/libzephyr.a(tracing_none.c.obj)
                0x0000000008002e88                sys_trace_idle_exit
 .text.gpio_pin_configure_dt
                0x0000000008002e8a       0x60 zephyr/libzephyr.a(mipi_dbi_spi.c.obj)
 .text.gpio_pin_set_dt
                0x0000000008002eea       0x2a zephyr/libzephyr.a(mipi_dbi_spi.c.obj)
 .text.mipi_dbi_spi_release
                0x0000000008002f14        0xc zephyr/libzephyr.a(mipi_dbi_spi.c.obj)
 .text.mipi_dbi_spi_reset
                0x0000000008002f20       0x48 zephyr/libzephyr.a(mipi_dbi_spi.c.obj)
 .text.mipi_dbi_spi_init
                0x0000000008002f68       0xa4 zephyr/libzephyr.a(mipi_dbi_spi.c.obj)
 .text.mipi_dbi_spi_write_helper
                0x000000000800300c       0xd4 zephyr/libzephyr.a(mipi_dbi_spi.c.obj)
 .text.mipi_dbi_spi_write_display
                0x00000000080030e0        0xa zephyr/libzephyr.a(mipi_dbi_spi.c.obj)
 .text.mipi_dbi_spi_command_write
                0x00000000080030ea        0xa zephyr/libzephyr.a(mipi_dbi_spi.c.obj)
 .text.arch_early_memset
                0x00000000080030f4        0x4 zephyr/arch/common/libarch__common.a(init.c.obj)
                0x00000000080030f4                arch_early_memset
 .text.arch_early_memcpy
                0x00000000080030f8        0x4 zephyr/arch/common/libarch__common.a(init.c.obj)
                0x00000000080030f8                arch_early_memcpy
 .text.arch_bss_zero
                0x00000000080030fc       0x14 zephyr/arch/common/libarch__common.a(init.c.obj)
                0x00000000080030fc                arch_bss_zero
 .text.arch_data_copy
                0x0000000008003110       0x48 zephyr/arch/common/libarch__common.a(xip.c.obj)
                0x0000000008003110                arch_data_copy
 .text.arch_cpu_idle
                0x0000000008003158       0x1c zephyr/arch/arch/riscv/core/libarch__riscv__core.a(cpu_idle.c.obj)
                0x0000000008003158                arch_cpu_idle
 .text.z_log_msg_simple_create_2.constprop.0
                0x0000000008003174        0xc zephyr/arch/arch/riscv/core/libarch__riscv__core.a(fatal.c.obj)
 .text.z_riscv_get_sp_before_exc
                0x0000000008003180        0x6 zephyr/arch/arch/riscv/core/libarch__riscv__core.a(fatal.c.obj)
                0x0000000008003180                z_riscv_get_sp_before_exc
 .text.z_riscv_fatal_error
                0x0000000008003186      0x248 zephyr/arch/arch/riscv/core/libarch__riscv__core.a(fatal.c.obj)
                0x0000000008003186                z_riscv_fatal_error
 .text.z_riscv_fault
                0x00000000080033ce        0xc zephyr/arch/arch/riscv/core/libarch__riscv__core.a(fatal.c.obj)
                0x00000000080033ce                z_riscv_fault
 .text.z_irq_spurious
                0x00000000080033da       0x2a zephyr/arch/arch/riscv/core/libarch__riscv__core.a(irq_manage.c.obj)
                0x00000000080033da                z_irq_spurious
 .text.z_prep_c
                0x0000000008003404       0x14 zephyr/arch/arch/riscv/core/libarch__riscv__core.a(prep_c.c.obj)
                0x0000000008003404                z_prep_c
 .text.arch_new_thread
                0x0000000008003418       0x38 zephyr/arch/arch/riscv/core/libarch__riscv__core.a(thread.c.obj)
                0x0000000008003418                arch_new_thread
 .text.arch_coprocessors_disable
                0x0000000008003450        0x6 zephyr/arch/arch/riscv/core/libarch__riscv__core.a(thread.c.obj)
                0x0000000008003450                arch_coprocessors_disable
 .text.arch_tls_stack_setup
                0x0000000008003456       0x54 zephyr/arch/arch/riscv/core/libarch__riscv__core.a(tls.c.obj)
                0x0000000008003456                arch_tls_stack_setup
 .text.in_stack_bound
                0x00000000080034aa       0x38 zephyr/arch/arch/riscv/core/libarch__riscv__core.a(stacktrace.c.obj)
 .text.walk_stackframe
                0x00000000080034e2       0xc2 zephyr/arch/arch/riscv/core/libarch__riscv__core.a(stacktrace.c.obj)
 .text.in_fatal_stack_bound
                0x00000000080035a4       0x32 zephyr/arch/arch/riscv/core/libarch__riscv__core.a(stacktrace.c.obj)
 .text.print_trace_address
                0x00000000080035d6       0x4e zephyr/arch/arch/riscv/core/libarch__riscv__core.a(stacktrace.c.obj)
 .text.z_riscv_unwind_stack
                0x0000000008003624       0x5c zephyr/arch/arch/riscv/core/libarch__riscv__core.a(stacktrace.c.obj)
                0x0000000008003624                z_riscv_unwind_stack
 .text.cbputc   0x0000000008003680       0x12 zephyr/lib/libc/picolibc/liblib__libc__picolibc.a(cbprintf.c.obj)
 .text.cbvprintf
                0x0000000008003692       0x32 zephyr/lib/libc/picolibc/liblib__libc__picolibc.a(cbprintf.c.obj)
                0x0000000008003692                cbvprintf
 .text.z_impl_zephyr_fputc
                0x00000000080036c4       0x12 zephyr/lib/libc/picolibc/liblib__libc__picolibc.a(stdio.c.obj)
                0x00000000080036c4                z_impl_zephyr_fputc
 .text.picolibc_put
                0x00000000080036d6        0xe zephyr/lib/libc/picolibc/liblib__libc__picolibc.a(stdio.c.obj)
 .text.__stdout_hook_install
                0x00000000080036e4       0x1a zephyr/lib/libc/picolibc/liblib__libc__picolibc.a(stdio.c.obj)
                0x00000000080036e4                __stdout_hook_install
 .text.malloc_prepare
                0x00000000080036fe       0x24 zephyr/lib/libc/common/liblib__libc__common.a(malloc.c.obj)
 .text.clic_init
                0x0000000008003722       0x52 zephyr/drivers/interrupt_controller/libdrivers__interrupt_controller.a(intc_clic.c.obj)
 .text.riscv_clic_irq_enable
                0x0000000008003774       0x16 zephyr/drivers/interrupt_controller/libdrivers__interrupt_controller.a(intc_clic.c.obj)
                0x0000000008003774                riscv_clic_irq_enable
 .text.riscv_clic_irq_priority_set
                0x000000000800378a       0x7e zephyr/drivers/interrupt_controller/libdrivers__interrupt_controller.a(intc_clic.c.obj)
                0x000000000800378a                riscv_clic_irq_priority_set
 .text.gd32_exti_isr
                0x0000000008003808       0x62 zephyr/drivers/interrupt_controller/libdrivers__interrupt_controller.a(intc_gd32_exti.c.obj)
 .text.gd32_exti_init
                0x000000000800386a       0x56 zephyr/drivers/interrupt_controller/libdrivers__interrupt_controller.a(intc_gd32_exti.c.obj)
 .text.gd32_exti_enable
                0x00000000080038c0       0x26 zephyr/drivers/interrupt_controller/libdrivers__interrupt_controller.a(intc_gd32_exti.c.obj)
                0x00000000080038c0                gd32_exti_enable
 .text.gd32_exti_disable
                0x00000000080038e6       0x1a zephyr/drivers/interrupt_controller/libdrivers__interrupt_controller.a(intc_gd32_exti.c.obj)
                0x00000000080038e6                gd32_exti_disable
 .text.gd32_exti_trigger
                0x0000000008003900       0x42 zephyr/drivers/interrupt_controller/libdrivers__interrupt_controller.a(intc_gd32_exti.c.obj)
                0x0000000008003900                gd32_exti_trigger
 .text.gd32_exti_configure
                0x0000000008003942       0x22 zephyr/drivers/interrupt_controller/libdrivers__interrupt_controller.a(intc_gd32_exti.c.obj)
                0x0000000008003942                gd32_exti_configure
 .text.clock_control_gd32_on
                0x0000000008003964       0x22 zephyr/drivers/clock_control/libdrivers__clock_control.a(clock_control_gd32.c.obj)
 .text.clock_control_gd32_off
                0x0000000008003986       0x26 zephyr/drivers/clock_control/libdrivers__clock_control.a(clock_control_gd32.c.obj)
 .text.clock_control_gd32_get_rate
                0x00000000080039ac       0x80 zephyr/drivers/clock_control/libdrivers__clock_control.a(clock_control_gd32.c.obj)
 .text.clock_control_gd32_get_status
                0x0000000008003a2c       0x24 zephyr/drivers/clock_control/libdrivers__clock_control.a(clock_control_gd32.c.obj)
 .text.uart_console_init
                0x0000000008003a50       0x36 zephyr/drivers/console/libdrivers__console.a(uart_console.c.obj)
 .text.console_out
                0x0000000008003a86       0x46 zephyr/drivers/console/libdrivers__console.a(uart_console.c.obj)
 .text.st7735r_get_capabilities
                0x0000000008003acc       0x50 zephyr/drivers/display/libdrivers__display.a(display_st7735r.c.obj)
 .text.st7735r_transmit_hold.isra.0
                0x0000000008003b1c       0x1e zephyr/drivers/display/libdrivers__display.a(display_st7735r.c.obj)
 .text.mipi_dbi_release.isra.0
                0x0000000008003b3a        0xa zephyr/drivers/display/libdrivers__display.a(display_st7735r.c.obj)
 .text.st7735r_transmit.isra.0
                0x0000000008003b44       0x22 zephyr/drivers/display/libdrivers__display.a(display_st7735r.c.obj)
 .text.st7735r_blanking_off
                0x0000000008003b66        0xc zephyr/drivers/display/libdrivers__display.a(display_st7735r.c.obj)
 .text.st7735r_blanking_on
                0x0000000008003b72        0xc zephyr/drivers/display/libdrivers__display.a(display_st7735r.c.obj)
 .text.st7735r_write
                0x0000000008003b7e      0x1a0 zephyr/drivers/display/libdrivers__display.a(display_st7735r.c.obj)
 .text.st7735r_set_orientation.part.0
                0x0000000008003d1e       0x24 zephyr/drivers/display/libdrivers__display.a(display_st7735r.c.obj)
 .text.st7735r_set_orientation
                0x0000000008003d42        0x8 zephyr/drivers/display/libdrivers__display.a(display_st7735r.c.obj)
 .text.st7735r_set_pixel_format.part.0
                0x0000000008003d4a       0x24 zephyr/drivers/display/libdrivers__display.a(display_st7735r.c.obj)
 .text.st7735r_set_pixel_format
                0x0000000008003d6e       0x26 zephyr/drivers/display/libdrivers__display.a(display_st7735r.c.obj)
 .text.st7735r_init
                0x0000000008003d94      0x2ba zephyr/drivers/display/libdrivers__display.a(display_st7735r.c.obj)
 .text.gpio_gd32_configure
                0x000000000800404e       0xa2 zephyr/drivers/gpio/libdrivers__gpio.a(gpio_gd32.c.obj)
 .text.gpio_gd32_port_get_raw
                0x00000000080040f0        0xc zephyr/drivers/gpio/libdrivers__gpio.a(gpio_gd32.c.obj)
 .text.gpio_gd32_port_set_masked_raw
                0x00000000080040fc       0x12 zephyr/drivers/gpio/libdrivers__gpio.a(gpio_gd32.c.obj)
 .text.gpio_gd32_port_set_bits_raw
                0x000000000800410e        0xa zephyr/drivers/gpio/libdrivers__gpio.a(gpio_gd32.c.obj)
 .text.gpio_gd32_port_clear_bits_raw
                0x0000000008004118        0xa zephyr/drivers/gpio/libdrivers__gpio.a(gpio_gd32.c.obj)
 .text.gpio_gd32_port_toggle_bits
                0x0000000008004122        0xe zephyr/drivers/gpio/libdrivers__gpio.a(gpio_gd32.c.obj)
 .text.gpio_gd32_manage_callback
                0x0000000008004130       0x4a zephyr/drivers/gpio/libdrivers__gpio.a(gpio_gd32.c.obj)
 .text.clock_control_on.constprop.0.isra.0
                0x000000000800417a       0x18 zephyr/drivers/gpio/libdrivers__gpio.a(gpio_gd32.c.obj)
 .text.gpio_gd32_pin_interrupt_configure
                0x0000000008004192       0xda zephyr/drivers/gpio/libdrivers__gpio.a(gpio_gd32.c.obj)
 .text.gpio_gd32_isr
                0x000000000800426c       0x42 zephyr/drivers/gpio/libdrivers__gpio.a(gpio_gd32.c.obj)
 .text.gpio_gd32_init
                0x00000000080042ae       0x2e zephyr/drivers/gpio/libdrivers__gpio.a(gpio_gd32.c.obj)
 .text.k_sem_give
                0x00000000080042dc        0x4 zephyr/drivers/i2c/libdrivers__i2c.a(i2c_gd32.c.obj)
 .text.i2c_gd32_handle_tbe
                0x00000000080042e0       0x58 zephyr/drivers/i2c/libdrivers__i2c.a(i2c_gd32.c.obj)
 .text.i2c_gd32_error_isr
                0x0000000008004338       0x74 zephyr/drivers/i2c/libdrivers__i2c.a(i2c_gd32.c.obj)
 .text.i2c_gd32_irq_cfg_func_0
                0x00000000080043ac       0x30 zephyr/drivers/i2c/libdrivers__i2c.a(i2c_gd32.c.obj)
 .text.i2c_gd32_xfer_read
                0x00000000080043dc       0x2c zephyr/drivers/i2c/libdrivers__i2c.a(i2c_gd32.c.obj)
 .text.i2c_gd32_handle_rbne
                0x0000000008004408       0x4c zephyr/drivers/i2c/libdrivers__i2c.a(i2c_gd32.c.obj)
 .text.i2c_gd32_event_isr
                0x0000000008004454      0x13e zephyr/drivers/i2c/libdrivers__i2c.a(i2c_gd32.c.obj)
 .text.i2c_gd32_msg_read
                0x0000000008004592       0xea zephyr/drivers/i2c/libdrivers__i2c.a(i2c_gd32.c.obj)
 .text.i2c_gd32_transfer
                0x000000000800467c      0x19e zephyr/drivers/i2c/libdrivers__i2c.a(i2c_gd32.c.obj)
 .text.i2c_gd32_configure
                0x000000000800481a      0x20a zephyr/drivers/i2c/libdrivers__i2c.a(i2c_gd32.c.obj)
 .text.i2c_gd32_init
                0x0000000008004a24       0xd6 zephyr/drivers/i2c/libdrivers__i2c.a(i2c_gd32.c.obj)
 .text.pinctrl_lookup_state
                0x0000000008004afa       0x26 zephyr/drivers/pinctrl/libdrivers__pinctrl.a(common.c.obj)
                0x0000000008004afa                pinctrl_lookup_state
 .text.clock_control_on.constprop.0.isra.0
                0x0000000008004b20       0x18 zephyr/drivers/pinctrl/libdrivers__pinctrl.a(pinctrl_gd32_afio.c.obj)
 .text.afio_init
                0x0000000008004b38       0x1c zephyr/drivers/pinctrl/libdrivers__pinctrl.a(pinctrl_gd32_afio.c.obj)
 .text.pinctrl_configure_pins
                0x0000000008004b54      0x168 zephyr/drivers/pinctrl/libdrivers__pinctrl.a(pinctrl_gd32_afio.c.obj)
                0x0000000008004b54                pinctrl_configure_pins
 .text.reset_gd32_status
                0x0000000008004cbc       0x24 zephyr/drivers/reset/libdrivers__reset.a(reset_gd32.c.obj)
 .text.reset_gd32_line_assert
                0x0000000008004ce0       0x1e zephyr/drivers/reset/libdrivers__reset.a(reset_gd32.c.obj)
 .text.reset_gd32_line_deassert
                0x0000000008004cfe       0x22 zephyr/drivers/reset/libdrivers__reset.a(reset_gd32.c.obj)
 .text.reset_gd32_line_toggle
                0x0000000008004d20       0x24 zephyr/drivers/reset/libdrivers__reset.a(reset_gd32.c.obj)
 .text.usart_gd32_isr
                0x0000000008004d44        0xc zephyr/drivers/serial/libdrivers__serial.a(usart_gd32.c.obj)
 .text.usart_gd32_irq_update
                0x0000000008004d50        0x4 zephyr/drivers/serial/libdrivers__serial.a(usart_gd32.c.obj)
                0x0000000008004d50                usart_gd32_irq_update
 .text.usart_gd32_irq_callback_set
                0x0000000008004d54        0x8 zephyr/drivers/serial/libdrivers__serial.a(usart_gd32.c.obj)
                0x0000000008004d54                usart_gd32_irq_callback_set
 .text.usart_gd32_fifo_fill
                0x0000000008004d5c       0x4e zephyr/drivers/serial/libdrivers__serial.a(usart_gd32.c.obj)
                0x0000000008004d5c                usart_gd32_fifo_fill
 .text.usart_gd32_irq_tx_complete
                0x0000000008004daa        0xa zephyr/drivers/serial/libdrivers__serial.a(usart_gd32.c.obj)
                0x0000000008004daa                usart_gd32_irq_tx_complete
 .text.usart_gd32_irq_rx_ready
                0x0000000008004db4        0xa zephyr/drivers/serial/libdrivers__serial.a(usart_gd32.c.obj)
                0x0000000008004db4                usart_gd32_irq_rx_ready
 .text.usart_gd32_poll_out
                0x0000000008004dbe       0x20 zephyr/drivers/serial/libdrivers__serial.a(usart_gd32.c.obj)
 .text.usart_gd32_fifo_read
                0x0000000008004dde       0x4e zephyr/drivers/serial/libdrivers__serial.a(usart_gd32.c.obj)
                0x0000000008004dde                usart_gd32_fifo_read
 .text.usart_gd32_poll_in
                0x0000000008004e2c       0x30 zephyr/drivers/serial/libdrivers__serial.a(usart_gd32.c.obj)
 .text.usart_gd32_irq_tx_enable
                0x0000000008004e5c        0xc zephyr/drivers/serial/libdrivers__serial.a(usart_gd32.c.obj)
                0x0000000008004e5c                usart_gd32_irq_tx_enable
 .text.usart_gd32_irq_rx_enable
                0x0000000008004e68        0xc zephyr/drivers/serial/libdrivers__serial.a(usart_gd32.c.obj)
                0x0000000008004e68                usart_gd32_irq_rx_enable
 .text.usart_gd32_irq_err_enable
                0x0000000008004e74       0x22 zephyr/drivers/serial/libdrivers__serial.a(usart_gd32.c.obj)
                0x0000000008004e74                usart_gd32_irq_err_enable
 .text.usart_gd32_irq_tx_disable
                0x0000000008004e96        0xc zephyr/drivers/serial/libdrivers__serial.a(usart_gd32.c.obj)
                0x0000000008004e96                usart_gd32_irq_tx_disable
 .text.usart_gd32_irq_rx_disable
                0x0000000008004ea2        0xc zephyr/drivers/serial/libdrivers__serial.a(usart_gd32.c.obj)
                0x0000000008004ea2                usart_gd32_irq_rx_disable
 .text.usart_gd32_irq_err_disable
                0x0000000008004eae       0x22 zephyr/drivers/serial/libdrivers__serial.a(usart_gd32.c.obj)
                0x0000000008004eae                usart_gd32_irq_err_disable
 .text.usart_gd32_irq_tx_ready
                0x0000000008004ed0       0x30 zephyr/drivers/serial/libdrivers__serial.a(usart_gd32.c.obj)
                0x0000000008004ed0                usart_gd32_irq_tx_ready
 .text.usart_gd32_irq_is_pending
                0x0000000008004f00       0x4e zephyr/drivers/serial/libdrivers__serial.a(usart_gd32.c.obj)
                0x0000000008004f00                usart_gd32_irq_is_pending
 .text.usart_gd32_err_check
                0x0000000008004f4e       0x4e zephyr/drivers/serial/libdrivers__serial.a(usart_gd32.c.obj)
 .text.usart_gd32_config_func_0
                0x0000000008004f9c       0x1c zephyr/drivers/serial/libdrivers__serial.a(usart_gd32.c.obj)
 .text.usart_gd32_init
                0x0000000008004fb8       0xd6 zephyr/drivers/serial/libdrivers__serial.a(usart_gd32.c.obj)
 .text.spi_context_get_next_buf
                0x000000000800508e       0x2c zephyr/drivers/spi/libdrivers__spi.a(spi_gd32.c.obj)
 .text.gpio_pin_set_dt.isra.0
                0x00000000080050ba       0x2a zephyr/drivers/spi/libdrivers__spi.a(spi_gd32.c.obj)
 .text.spi_gd32_transceive
                0x00000000080050e4      0x3fc zephyr/drivers/spi/libdrivers__spi.a(spi_gd32.c.obj)
 .text.spi_context_unlock_unconditionally
                0x00000000080054e0       0x3e zephyr/drivers/spi/libdrivers__spi.a(spi_gd32.c.obj)
 .text.spi_gd32_release
                0x000000000800551e       0x12 zephyr/drivers/spi/libdrivers__spi.a(spi_gd32.c.obj)
 .text.spi_gd32_init
                0x0000000008005530      0x15c zephyr/drivers/spi/libdrivers__spi.a(spi_gd32.c.obj)
                0x0000000008005530                spi_gd32_init
 .text.mtime    0x000000000800568c       0x10 zephyr/drivers/timer/libdrivers__timer.a(riscv_machine_timer.c.obj)
 .text.sys_clock_driver_init
                0x000000000800569c       0x70 zephyr/drivers/timer/libdrivers__timer.a(riscv_machine_timer.c.obj)
 .text.timer_isr
                0x000000000800570c       0x64 zephyr/drivers/timer/libdrivers__timer.a(riscv_machine_timer.c.obj)
 .text.sys_clock_set_timeout
                0x0000000008005770       0xa4 zephyr/drivers/timer/libdrivers__timer.a(riscv_machine_timer.c.obj)
                0x0000000008005770                sys_clock_set_timeout
 .text.sys_clock_elapsed
                0x0000000008005814       0x30 zephyr/drivers/timer/libdrivers__timer.a(riscv_machine_timer.c.obj)
                0x0000000008005814                sys_clock_elapsed
 .text.sys_clock_cycle_get_32
                0x0000000008005844        0xe zephyr/drivers/timer/libdrivers__timer.a(riscv_machine_timer.c.obj)
                0x0000000008005844                sys_clock_cycle_get_32
 .text.SystemInit
                0x0000000008005852      0x11c modules/hal_gigadevice/libhal_gigadevice.a(system_gd32vf103.c.obj)
                0x0000000008005852                SystemInit
 .text.rcu_clock_freq_get
                0x000000000800596e      0x134 modules/hal_gigadevice/libhal_gigadevice.a(gd32vf103_rcu.c.obj)
                0x000000000800596e                rcu_clock_freq_get
 .text.usart_baudrate_set
                0x0000000008005aa2       0x64 modules/hal_gigadevice/libhal_gigadevice.a(gd32vf103_usart.c.obj)
                0x0000000008005aa2                usart_baudrate_set
 .text.usart_parity_config
                0x0000000008005b06       0x10 modules/hal_gigadevice/libhal_gigadevice.a(gd32vf103_usart.c.obj)
                0x0000000008005b06                usart_parity_config
 .text.usart_word_length_set
                0x0000000008005b16       0x12 modules/hal_gigadevice/libhal_gigadevice.a(gd32vf103_usart.c.obj)
                0x0000000008005b16                usart_word_length_set
 .text.usart_stop_bit_set
                0x0000000008005b28       0x12 modules/hal_gigadevice/libhal_gigadevice.a(gd32vf103_usart.c.obj)
                0x0000000008005b28                usart_stop_bit_set
 .text.usart_enable
                0x0000000008005b3a        0xa modules/hal_gigadevice/libhal_gigadevice.a(gd32vf103_usart.c.obj)
                0x0000000008005b3a                usart_enable
 .text.usart_transmit_config
                0x0000000008005b44        0xa modules/hal_gigadevice/libhal_gigadevice.a(gd32vf103_usart.c.obj)
                0x0000000008005b44                usart_transmit_config
 .text.usart_receive_config
                0x0000000008005b4e        0xa modules/hal_gigadevice/libhal_gigadevice.a(gd32vf103_usart.c.obj)
                0x0000000008005b4e                usart_receive_config
 .text.usart_data_transmit
                0x0000000008005b58        0x8 modules/hal_gigadevice/libhal_gigadevice.a(gd32vf103_usart.c.obj)
                0x0000000008005b58                usart_data_transmit
 .text.usart_data_receive
                0x0000000008005b60        0x8 modules/hal_gigadevice/libhal_gigadevice.a(gd32vf103_usart.c.obj)
                0x0000000008005b60                usart_data_receive
 .text.usart_flag_get
                0x0000000008005b68       0x1a modules/hal_gigadevice/libhal_gigadevice.a(gd32vf103_usart.c.obj)
                0x0000000008005b68                usart_flag_get
 .text.usart_flag_clear
                0x0000000008005b82       0x1c modules/hal_gigadevice/libhal_gigadevice.a(gd32vf103_usart.c.obj)
                0x0000000008005b82                usart_flag_clear
 .text.usart_interrupt_enable
                0x0000000008005b9e       0x18 modules/hal_gigadevice/libhal_gigadevice.a(gd32vf103_usart.c.obj)
                0x0000000008005b9e                usart_interrupt_enable
 .text.usart_interrupt_disable
                0x0000000008005bb6       0x1c modules/hal_gigadevice/libhal_gigadevice.a(gd32vf103_usart.c.obj)
                0x0000000008005bb6                usart_interrupt_disable
 .text.usart_interrupt_flag_get
                0x0000000008005bd2       0x2e modules/hal_gigadevice/libhal_gigadevice.a(gd32vf103_usart.c.obj)
                0x0000000008005bd2                usart_interrupt_flag_get
 .text.z_impl_k_busy_wait
                0x0000000008005c00       0x30 zephyr/kernel/libkernel.a(busy_wait.c.obj)
                0x0000000008005c00                z_impl_k_busy_wait
 .text.do_device_init
                0x0000000008005c30       0x48 zephyr/kernel/libkernel.a(device.c.obj)
                0x0000000008005c30                do_device_init
 .text.z_impl_device_is_ready
                0x0000000008005c78       0x1c zephyr/kernel/libkernel.a(device.c.obj)
                0x0000000008005c78                z_impl_device_is_ready
 .text.arch_system_halt
                0x0000000008005c94        0x6 zephyr/kernel/libkernel.a(fatal.c.obj)
                0x0000000008005c94                arch_system_halt
 .text.k_sys_fatal_error_handler
                0x0000000008005c9a       0x28 zephyr/kernel/libkernel.a(fatal.c.obj)
                0x0000000008005c9a                k_sys_fatal_error_handler
 .text.z_fatal_error
                0x0000000008005cc2      0x108 zephyr/kernel/libkernel.a(fatal.c.obj)
                0x0000000008005cc2                z_fatal_error
 .text.z_sys_init_run_level
                0x0000000008005dca       0x48 zephyr/kernel/libkernel.a(init.c.obj)
 .text.bg_thread_main
                0x0000000008005e12       0xc0 zephyr/kernel/libkernel.a(init.c.obj)
 .text.z_init_cpu
                0x0000000008005ed2       0x7e zephyr/kernel/libkernel.a(init.c.obj)
                0x0000000008005ed2                z_init_cpu
 .text.z_cstart
                0x0000000008005f50       0xba zephyr/kernel/libkernel.a(init.c.obj)
                0x0000000008005f50                z_cstart
 .text.idle     0x000000000800600a        0xe zephyr/kernel/libkernel.a(idle.c.obj)
                0x000000000800600a                idle
 .text.unpend_thread_no_timeout
                0x0000000008006018       0x20 zephyr/kernel/libkernel.a(msg_q.c.obj)
 .text.put_msg_in_queue
                0x0000000008006038       0xd6 zephyr/kernel/libkernel.a(msg_q.c.obj)
 .text.z_impl_k_msgq_put
                0x000000000800610e        0x6 zephyr/kernel/libkernel.a(msg_q.c.obj)
                0x000000000800610e                z_impl_k_msgq_put
 .text.z_impl_k_msgq_get
                0x0000000008006114       0xcc zephyr/kernel/libkernel.a(msg_q.c.obj)
                0x0000000008006114                z_impl_k_msgq_get
 .text.adjust_owner_prio.isra.0
                0x00000000080061e0       0x10 zephyr/kernel/libkernel.a(mutex.c.obj)
 .text.z_impl_k_mutex_init
                0x00000000080061f0       0x10 zephyr/kernel/libkernel.a(mutex.c.obj)
                0x00000000080061f0                z_impl_k_mutex_init
 .text.z_impl_k_mutex_lock
                0x0000000008006200       0xe2 zephyr/kernel/libkernel.a(mutex.c.obj)
                0x0000000008006200                z_impl_k_mutex_lock
 .text.z_impl_k_mutex_unlock
                0x00000000080062e2       0xa0 zephyr/kernel/libkernel.a(mutex.c.obj)
                0x00000000080062e2                z_impl_k_mutex_unlock
 .text.z_impl_k_sem_init
                0x0000000008006382       0x18 zephyr/kernel/libkernel.a(sem.c.obj)
                0x0000000008006382                z_impl_k_sem_init
 .text.z_impl_k_sem_give
                0x000000000800639a       0x6c zephyr/kernel/libkernel.a(sem.c.obj)
                0x000000000800639a                z_impl_k_sem_give
 .text.z_impl_k_sem_take
                0x0000000008006406       0x32 zephyr/kernel/libkernel.a(sem.c.obj)
                0x0000000008006406                z_impl_k_sem_take
 .text.z_impl_k_sem_reset
                0x0000000008006438       0x7a zephyr/kernel/libkernel.a(sem.c.obj)
                0x0000000008006438                z_impl_k_sem_reset
 .text.k_is_in_isr
                0x00000000080064b2        0xa zephyr/kernel/libkernel.a(thread.c.obj)
                0x00000000080064b2                k_is_in_isr
 .text.z_impl_k_thread_name_set
                0x00000000080064bc        0x6 zephyr/kernel/libkernel.a(thread.c.obj)
                0x00000000080064bc                z_impl_k_thread_name_set
 .text.k_thread_name_get
                0x00000000080064c2        0x4 zephyr/kernel/libkernel.a(thread.c.obj)
                0x00000000080064c2                k_thread_name_get
 .text.z_setup_new_thread
                0x00000000080064c6       0x94 zephyr/kernel/libkernel.a(thread.c.obj)
                0x00000000080064c6                z_setup_new_thread
 .text.z_impl_k_thread_create
                0x000000000800655a       0x54 zephyr/kernel/libkernel.a(thread.c.obj)
                0x000000000800655a                z_impl_k_thread_create
 .text.z_dummy_thread_init
                0x00000000080065ae       0x1e zephyr/kernel/libkernel.a(thread.c.obj)
                0x00000000080065ae                z_dummy_thread_init
 .text.sys_dlist_remove
                0x00000000080065cc       0x12 zephyr/kernel/libkernel.a(sched.c.obj)
 .text.unpend_thread_no_timeout
                0x00000000080065de       0x22 zephyr/kernel/libkernel.a(sched.c.obj)
 .text.ready_thread
                0x0000000008006600       0xa0 zephyr/kernel/libkernel.a(sched.c.obj)
 .text.unready_thread
                0x00000000080066a0       0x70 zephyr/kernel/libkernel.a(sched.c.obj)
 .text.add_thread_timeout
                0x0000000008006710       0x1e zephyr/kernel/libkernel.a(sched.c.obj)
 .text.z_swap   0x000000000800672e       0x60 zephyr/kernel/libkernel.a(sched.c.obj)
 .text.add_to_waitq_locked
                0x000000000800678e       0x60 zephyr/kernel/libkernel.a(sched.c.obj)
 .text.move_current_to_end_of_prio_q
                0x00000000080067ee       0x7e zephyr/kernel/libkernel.a(sched.c.obj)
                0x00000000080067ee                move_current_to_end_of_prio_q
 .text.z_ready_thread
                0x000000000800686c       0x1c zephyr/kernel/libkernel.a(sched.c.obj)
                0x000000000800686c                z_ready_thread
 .text.z_unpend_thread_no_timeout
                0x0000000008006888       0x20 zephyr/kernel/libkernel.a(sched.c.obj)
                0x0000000008006888                z_unpend_thread_no_timeout
 .text.z_sched_wake_thread
                0x00000000080068a8       0x40 zephyr/kernel/libkernel.a(sched.c.obj)
                0x00000000080068a8                z_sched_wake_thread
 .text.z_thread_timeout
                0x00000000080068e8        0x8 zephyr/kernel/libkernel.a(sched.c.obj)
                0x00000000080068e8                z_thread_timeout
 .text.z_pend_curr
                0x00000000080068f0       0x40 zephyr/kernel/libkernel.a(sched.c.obj)
                0x00000000080068f0                z_pend_curr
 .text.z_unpend1_no_timeout
                0x0000000008006930       0x2e zephyr/kernel/libkernel.a(sched.c.obj)
                0x0000000008006930                z_unpend1_no_timeout
 .text.z_thread_prio_set
                0x000000000800695e      0x110 zephyr/kernel/libkernel.a(sched.c.obj)
                0x000000000800695e                z_thread_prio_set
 .text.z_reschedule
                0x0000000008006a6e       0x20 zephyr/kernel/libkernel.a(sched.c.obj)
                0x0000000008006a6e                z_reschedule
 .text.z_reschedule_irqlock
                0x0000000008006a8e       0x50 zephyr/kernel/libkernel.a(sched.c.obj)
                0x0000000008006a8e                z_reschedule_irqlock
 .text.k_sched_lock
                0x0000000008006ade       0x1c zephyr/kernel/libkernel.a(sched.c.obj)
                0x0000000008006ade                k_sched_lock
 .text.k_sched_unlock
                0x0000000008006afa       0x6a zephyr/kernel/libkernel.a(sched.c.obj)
                0x0000000008006afa                k_sched_unlock
 .text.z_swap_next_thread
                0x0000000008006b64        0x8 zephyr/kernel/libkernel.a(sched.c.obj)
                0x0000000008006b64                z_swap_next_thread
 .text.z_get_next_switch_handle
                0x0000000008006b6c       0x14 zephyr/kernel/libkernel.a(sched.c.obj)
                0x0000000008006b6c                z_get_next_switch_handle
 .text.z_sched_init
                0x0000000008006b80        0xe zephyr/kernel/libkernel.a(sched.c.obj)
                0x0000000008006b80                z_sched_init
 .text.z_impl_k_yield
                0x0000000008006b8e       0x8c zephyr/kernel/libkernel.a(sched.c.obj)
                0x0000000008006b8e                z_impl_k_yield
 .text.z_tick_sleep
                0x0000000008006c1a       0x7c zephyr/kernel/libkernel.a(sched.c.obj)
 .text.z_impl_k_sleep
                0x0000000008006c96       0x4a zephyr/kernel/libkernel.a(sched.c.obj)
                0x0000000008006c96                z_impl_k_sleep
 .text.z_impl_k_wakeup
                0x0000000008006ce0       0x42 zephyr/kernel/libkernel.a(sched.c.obj)
                0x0000000008006ce0                z_impl_k_wakeup
 .text.z_impl_k_sched_current_thread_query
                0x0000000008006d22        0x8 zephyr/kernel/libkernel.a(sched.c.obj)
                0x0000000008006d22                z_impl_k_sched_current_thread_query
 .text.z_thread_abort
                0x0000000008006d2a      0x138 zephyr/kernel/libkernel.a(sched.c.obj)
                0x0000000008006d2a                z_thread_abort
 .text.z_impl_k_thread_abort
                0x0000000008006e62        0x4 zephyr/kernel/libkernel.a(sched.c.obj)
                0x0000000008006e62                z_impl_k_thread_abort
 .text.slice_timeout
                0x0000000008006e66       0x24 zephyr/kernel/libkernel.a(timeslicing.c.obj)
 .text.thread_is_sliceable
                0x0000000008006e8a       0x3c zephyr/kernel/libkernel.a(timeslicing.c.obj)
                0x0000000008006e8a                thread_is_sliceable
 .text.z_reset_time_slice
                0x0000000008006ec6       0x5e zephyr/kernel/libkernel.a(timeslicing.c.obj)
                0x0000000008006ec6                z_reset_time_slice
 .text.z_time_slice
                0x0000000008006f24       0x4c zephyr/kernel/libkernel.a(timeslicing.c.obj)
                0x0000000008006f24                z_time_slice
 .text.first    0x0000000008006f70        0xe zephyr/kernel/libkernel.a(timeout.c.obj)
 .text.next_timeout
                0x0000000008006f7e       0x42 zephyr/kernel/libkernel.a(timeout.c.obj)
 .text.elapsed  0x0000000008006fc0        0xe zephyr/kernel/libkernel.a(timeout.c.obj)
 .text.remove_timeout
                0x0000000008006fce       0x38 zephyr/kernel/libkernel.a(timeout.c.obj)
 .text.z_add_timeout
                0x0000000008007006      0x158 zephyr/kernel/libkernel.a(timeout.c.obj)
                0x0000000008007006                z_add_timeout
 .text.z_abort_timeout
                0x000000000800715e       0x54 zephyr/kernel/libkernel.a(timeout.c.obj)
                0x000000000800715e                z_abort_timeout
 .text.sys_clock_announce
                0x00000000080071b2       0xc6 zephyr/kernel/libkernel.a(timeout.c.obj)
                0x00000000080071b2                sys_clock_announce
 .text.sys_clock_tick_get
                0x0000000008007278       0x34 zephyr/kernel/libkernel.a(timeout.c.obj)
                0x0000000008007278                sys_clock_tick_get
 .text.sys_clock_tick_get_32
                0x00000000080072ac        0xe zephyr/kernel/libkernel.a(timeout.c.obj)
                0x00000000080072ac                sys_clock_tick_get_32
 .text.z_impl_k_uptime_ticks
                0x00000000080072ba        0x4 zephyr/kernel/libkernel.a(timeout.c.obj)
                0x00000000080072ba                z_impl_k_uptime_ticks
 .text.z_timer_expiration_handler
                0x00000000080072be      0x132 zephyr/kernel/libkernel.a(timer.c.obj)
                0x00000000080072be                z_timer_expiration_handler
 .text.k_timer_init
                0x00000000080073f0       0x1e zephyr/kernel/libkernel.a(timer.c.obj)
                0x00000000080073f0                k_timer_init
 .text.z_impl_k_timer_start
                0x000000000800740e       0x82 zephyr/kernel/libkernel.a(timer.c.obj)
                0x000000000800740e                z_impl_k_timer_start
 .text.z_impl_k_timer_stop
                0x0000000008007490       0x3a zephyr/kernel/libkernel.a(timer.c.obj)
                0x0000000008007490                z_impl_k_timer_stop
 .text.boot_banner
                0x00000000080074ca        0xc zephyr/kernel/libkernel.a(banner.c.obj)
                0x00000000080074ca                boot_banner
 .text.k_heap_init
                0x00000000080074d6        0xc zephyr/kernel/libkernel.a(kheap.c.obj)
                0x00000000080074d6                k_heap_init
 .text.statics_init
                0x00000000080074e2       0x2e zephyr/kernel/libkernel.a(kheap.c.obj)
 .text.strlen   0x0000000008007510       0x12 /home/dinesh/zephyr-sdk-0.17.4/riscv64-zephyr-elf/bin/../lib/gcc/../../picolibc/riscv64-zephyr-elf/lib/rv32imac_zicsr_zifencei/ilp32/libc.a(strlen.c.o)
                0x0000000008007510                strlen
 .text.atoi     0x0000000008007522        0x6 /home/dinesh/zephyr-sdk-0.17.4/riscv64-zephyr-elf/bin/../lib/gcc/../../picolibc/riscv64-zephyr-elf/lib/rv32imac_zicsr_zifencei/ilp32/libc.a(libc_stdlib_atoi.c.o)
                0x0000000008007522                atoi
 .text.strncmp  0x0000000008007528       0x2c /home/dinesh/zephyr-sdk-0.17.4/riscv64-zephyr-elf/bin/../lib/gcc/../../picolibc/riscv64-zephyr-elf/lib/rv32imac_zicsr_zifencei/ilp32/libc.a(libc_string_strncmp.c.o)
                0x0000000008007528                strncmp
 .text.strnlen  0x0000000008007554       0x18 /home/dinesh/zephyr-sdk-0.17.4/riscv64-zephyr-elf/bin/../lib/gcc/../../picolibc/riscv64-zephyr-elf/lib/rv32imac_zicsr_zifencei/ilp32/libc.a(libc_string_strnlen.c.o)
                0x0000000008007554                strnlen
 .text.snprintf
                0x000000000800756c       0x66 /home/dinesh/zephyr-sdk-0.17.4/riscv64-zephyr-elf/bin/../lib/gcc/../../picolibc/riscv64-zephyr-elf/lib/rv32imac_zicsr_zifencei/ilp32/libc.a(libc_tinystdio_snprintf.c.o)
                0x000000000800756c                snprintf
 .text.strtol   0x00000000080075d2      0x104 /home/dinesh/zephyr-sdk-0.17.4/riscv64-zephyr-elf/bin/../lib/gcc/../../picolibc/riscv64-zephyr-elf/lib/rv32imac_zicsr_zifencei/ilp32/libc.a(libc_tinystdio_strtol.c.o)
                0x00000000080075d2                strtol
 .text.__ultoa_invert
                0x00000000080076d6      0x110 /home/dinesh/zephyr-sdk-0.17.4/riscv64-zephyr-elf/bin/../lib/gcc/../../picolibc/riscv64-zephyr-elf/lib/rv32imac_zicsr_zifencei/ilp32/libc.a(libc_tinystdio_vflprintf.c.o)
 .text.__l_vfprintf
                0x00000000080077e6      0x500 /home/dinesh/zephyr-sdk-0.17.4/riscv64-zephyr-elf/bin/../lib/gcc/../../picolibc/riscv64-zephyr-elf/lib/rv32imac_zicsr_zifencei/ilp32/libc.a(libc_tinystdio_vflprintf.c.o)
                0x00000000080077e6                __l_vfprintf
 .text.__file_str_put
                0x0000000008007ce6       0x14 /home/dinesh/zephyr-sdk-0.17.4/riscv64-zephyr-elf/bin/../lib/gcc/../../picolibc/riscv64-zephyr-elf/lib/rv32imac_zicsr_zifencei/ilp32/libc.a(libc_tinystdio_filestrput.c.o)
                0x0000000008007ce6                __file_str_put
 .text.memcpy   0x0000000008007cfa       0x16 /home/dinesh/zephyr-sdk-0.17.4/riscv64-zephyr-elf/bin/../lib/gcc/../../picolibc/riscv64-zephyr-elf/lib/rv32imac_zicsr_zifencei/ilp32/libc.a(memcpy-asm.S.o)
                0x0000000008007cfa                memcpy
 .text.memset   0x0000000008007d10       0x10 /home/dinesh/zephyr-sdk-0.17.4/riscv64-zephyr-elf/bin/../lib/gcc/../../picolibc/riscv64-zephyr-elf/lib/rv32imac_zicsr_zifencei/ilp32/libc.a(memset.S.o)
                0x0000000008007d10                memset
 .text.strcmp   0x0000000008007d20       0x18 /home/dinesh/zephyr-sdk-0.17.4/riscv64-zephyr-elf/bin/../lib/gcc/../../picolibc/riscv64-zephyr-elf/lib/rv32imac_zicsr_zifencei/ilp32/libc.a(strcmp.S.o)
                0x0000000008007d20                strcmp
 *(SORT_BY_ALIGNMENT(.gnu.linkonce.t.*))
                0x0000000008007d38                __text_region_end = .
                0x0000000008007d38                __rodata_region_start = .

initlevel       0x0000000008007d38       0x98
                0x0000000008007d38                __init_start = .
                0x0000000008007d38                __init_EARLY_start = .
 *(SORT_BY_NAME(SORT_BY_ALIGNMENT(.z_init_EARLY_P_?_*)))
 *(SORT_BY_NAME(SORT_BY_ALIGNMENT(.z_init_EARLY_P_??_*)))
 *(SORT_BY_NAME(SORT_BY_ALIGNMENT(.z_init_EARLY_P_???_*)))
                0x0000000008007d38                __init_PRE_KERNEL_1_start = .
 *(SORT_BY_NAME(SORT_BY_ALIGNMENT(.z_init_PRE_KERNEL_1_P_?_*)))
 *(SORT_BY_NAME(SORT_BY_ALIGNMENT(.z_init_PRE_KERNEL_1_P_??_*)))
 .z_init_PRE_KERNEL_1_P_30_SUB_00009_
                0x0000000008007d38        0x8 zephyr/drivers/clock_control/libdrivers__clock_control.a(clock_control_gd32.c.obj)
 .z_init_PRE_KERNEL_1_P_30_SUB_0_
                0x0000000008007d40        0x8 zephyr/kernel/libkernel.a(kheap.c.obj)
 .z_init_PRE_KERNEL_1_P_35_SUB_00010_
                0x0000000008007d48        0x8 zephyr/drivers/reset/libdrivers__reset.a(reset_gd32.c.obj)
 .z_init_PRE_KERNEL_1_P_40_SUB_00011_
                0x0000000008007d50        0x8 zephyr/drivers/gpio/libdrivers__gpio.a(gpio_gd32.c.obj)
 .z_init_PRE_KERNEL_1_P_40_SUB_00014_
                0x0000000008007d58        0x8 zephyr/drivers/gpio/libdrivers__gpio.a(gpio_gd32.c.obj)
 .z_init_PRE_KERNEL_1_P_40_SUB_00019_
                0x0000000008007d60        0x8 zephyr/drivers/interrupt_controller/libdrivers__interrupt_controller.a(intc_clic.c.obj)
 .z_init_PRE_KERNEL_1_P_40_SUB_00020_
                0x0000000008007d68        0x8 zephyr/drivers/gpio/libdrivers__gpio.a(gpio_gd32.c.obj)
 .z_init_PRE_KERNEL_1_P_40_SUB_00041_
                0x0000000008007d70        0x8 zephyr/drivers/interrupt_controller/libdrivers__interrupt_controller.a(intc_gd32_exti.c.obj)
 .z_init_PRE_KERNEL_1_P_40_SUB_0_
                0x0000000008007d78        0x8 zephyr/drivers/pinctrl/libdrivers__pinctrl.a(pinctrl_gd32_afio.c.obj)
 .z_init_PRE_KERNEL_1_P_50_SUB_00047_
                0x0000000008007d80        0x8 zephyr/drivers/serial/libdrivers__serial.a(usart_gd32.c.obj)
 .z_init_PRE_KERNEL_1_P_60_SUB_0_
                0x0000000008007d88        0x8 zephyr/drivers/console/libdrivers__console.a(uart_console.c.obj)
 *(SORT_BY_NAME(SORT_BY_ALIGNMENT(.z_init_PRE_KERNEL_1_P_???_*)))
                0x0000000008007d90                __init_PRE_KERNEL_2_start = .
 *(SORT_BY_NAME(SORT_BY_ALIGNMENT(.z_init_PRE_KERNEL_2_P_?_*)))
 .z_init_PRE_KERNEL_2_P_0_SUB_0_
                0x0000000008007d90        0x8 zephyr/drivers/timer/libdrivers__timer.a(riscv_machine_timer.c.obj)
 *(SORT_BY_NAME(SORT_BY_ALIGNMENT(.z_init_PRE_KERNEL_2_P_??_*)))
 *(SORT_BY_NAME(SORT_BY_ALIGNMENT(.z_init_PRE_KERNEL_2_P_???_*)))
                0x0000000008007d98                __init_POST_KERNEL_start = .
 *(SORT_BY_NAME(SORT_BY_ALIGNMENT(.z_init_POST_KERNEL_P_?_*)))
 .z_init_POST_KERNEL_P_0_SUB_0_
                0x0000000008007d98        0x8 zephyr/libzephyr.a(log_core.c.obj)
 *(SORT_BY_NAME(SORT_BY_ALIGNMENT(.z_init_POST_KERNEL_P_??_*)))
 .z_init_POST_KERNEL_P_35_SUB_0_
                0x0000000008007da0        0x8 zephyr/lib/libc/common/liblib__libc__common.a(malloc.c.obj)
 .z_init_POST_KERNEL_P_50_SUB_00022_
                0x0000000008007da8        0x8 zephyr/drivers/spi/libdrivers__spi.a(spi_gd32.c.obj)
 .z_init_POST_KERNEL_P_50_SUB_00040_
                0x0000000008007db0        0x8 zephyr/drivers/i2c/libdrivers__i2c.a(i2c_gd32.c.obj)
 .z_init_POST_KERNEL_P_50_SUB_00065_
                0x0000000008007db8        0x8 zephyr/drivers/spi/libdrivers__spi.a(spi_gd32.c.obj)
 .z_init_POST_KERNEL_P_80_SUB_00023_
                0x0000000008007dc0        0x8 zephyr/libzephyr.a(mipi_dbi_spi.c.obj)
 .z_init_POST_KERNEL_P_85_SUB_00024_
                0x0000000008007dc8        0x8 zephyr/drivers/display/libdrivers__display.a(display_st7735r.c.obj)
 *(SORT_BY_NAME(SORT_BY_ALIGNMENT(.z_init_POST_KERNEL_P_???_*)))
                0x0000000008007dd0                __init_APPLICATION_start = .
 *(SORT_BY_NAME(SORT_BY_ALIGNMENT(.z_init_APPLICATION_P_?_*)))
 *(SORT_BY_NAME(SORT_BY_ALIGNMENT(.z_init_APPLICATION_P_??_*)))
 *(SORT_BY_NAME(SORT_BY_ALIGNMENT(.z_init_APPLICATION_P_???_*)))
                0x0000000008007dd0                __init_SMP_start = .
 *(SORT_BY_NAME(SORT_BY_ALIGNMENT(.z_init_SMP_P_?_*)))
 *(SORT_BY_NAME(SORT_BY_ALIGNMENT(.z_init_SMP_P_??_*)))
 *(SORT_BY_NAME(SORT_BY_ALIGNMENT(.z_init_SMP_P_???_*)))
                0x0000000008007dd0                __init_end = .

device_area     0x0000000008007dd0      0x16c
                0x0000000008007dd0                _device_list_start = .
 *(SORT_BY_NAME(SORT_BY_ALIGNMENT(._device.static.*_?_*)))
 *(SORT_BY_NAME(SORT_BY_ALIGNMENT(._device.static.*_??_*)))
 ._device.static.1_30_
                0x0000000008007dd0       0x1c zephyr/drivers/clock_control/libdrivers__clock_control.a(clock_control_gd32.c.obj)
                0x0000000008007dd0                __device_dts_ord_9
 ._device.static.1_35_
                0x0000000008007dec       0x1c zephyr/drivers/reset/libdrivers__reset.a(reset_gd32.c.obj)
                0x0000000008007dec                __device_dts_ord_10
 ._device.static.1_40_
                0x0000000008007e08       0x1c zephyr/drivers/interrupt_controller/libdrivers__interrupt_controller.a(intc_clic.c.obj)
                0x0000000008007e08                __device_dts_ord_19
 ._device.static.1_40_
                0x0000000008007e24       0x1c zephyr/drivers/interrupt_controller/libdrivers__interrupt_controller.a(intc_gd32_exti.c.obj)
                0x0000000008007e24                __device_dts_ord_41
 ._device.static.1_40_
                0x0000000008007e40       0x54 zephyr/drivers/gpio/libdrivers__gpio.a(gpio_gd32.c.obj)
                0x0000000008007e40                __device_dts_ord_14
                0x0000000008007e5c                __device_dts_ord_20
                0x0000000008007e78                __device_dts_ord_11
 ._device.static.1_50_
                0x0000000008007e94       0x1c zephyr/drivers/serial/libdrivers__serial.a(usart_gd32.c.obj)
                0x0000000008007e94                __device_dts_ord_47
 ._device.static.3_50_
                0x0000000008007eb0       0x1c zephyr/drivers/i2c/libdrivers__i2c.a(i2c_gd32.c.obj)
                0x0000000008007eb0                __device_dts_ord_40
 ._device.static.3_50_
                0x0000000008007ecc       0x38 zephyr/drivers/spi/libdrivers__spi.a(spi_gd32.c.obj)
                0x0000000008007ecc                __device_dts_ord_65
                0x0000000008007ee8                __device_dts_ord_22
 ._device.static.3_80_
                0x0000000008007f04       0x1c zephyr/libzephyr.a(mipi_dbi_spi.c.obj)
                0x0000000008007f04                __device_dts_ord_23
 ._device.static.3_85_
                0x0000000008007f20       0x1c zephyr/drivers/display/libdrivers__display.a(display_st7735r.c.obj)
                0x0000000008007f20                __device_dts_ord_24
 *(SORT_BY_NAME(SORT_BY_ALIGNMENT(._device.static.*_???_*)))
 *(SORT_BY_NAME(SORT_BY_ALIGNMENT(._device.static.*_????_*)))
 *(SORT_BY_NAME(SORT_BY_ALIGNMENT(._device.static.*_?????_*)))
                0x0000000008007f3c                _device_list_end = .

sw_isr_table    0x0000000008007f3c      0x2bc
                0x0000000008007f40                . = ALIGN (0x40)
 *fill*         0x0000000008007f3c        0x4 
 *(SORT_BY_ALIGNMENT(.gnu.linkonce.sw_isr_table*))
 .gnu.linkonce.sw_isr_table
                0x0000000008007f40      0x2b8 zephyr/CMakeFiles/zephyr_final.dir/isr_tables.c.obj
                0x0000000008007f40                _sw_isr_table

initlevel_error
                0x0000000008007d38        0x0
 *(SORT_BY_NAME(SORT_BY_ALIGNMENT(.z_init_*)))
                0x0000000000000001                ASSERT ((SIZEOF (initlevel_error) == 0x0), Undefined initialization levels used.)

app_shmem_regions
                0x00000000080081f8        0x0
                0x00000000080081f8                __app_shmem_regions_start = .
 *(SORT_BY_NAME(SORT_BY_ALIGNMENT(.app_regions.*)))
                0x00000000080081f8                __app_shmem_regions_end = .

k_p4wq_initparam_area
                0x00000000080081f8        0x0
                0x00000000080081f8                _k_p4wq_initparam_list_start = .
 *(SORT_BY_NAME(SORT_BY_ALIGNMENT(._k_p4wq_initparam.static.*)))
                0x00000000080081f8                _k_p4wq_initparam_list_end = .

_static_thread_data_area
                0x00000000080081f8       0x60
                0x00000000080081f8                __static_thread_data_list_start = .
 *(SORT_BY_NAME(SORT_BY_ALIGNMENT(.__static_thread_data.static.*)))
 .__static_thread_data.static._k_thread_data_cli_tid_
                0x00000000080081f8       0x30 app/libapp.a(cli.c.obj)
                0x00000000080081f8                _k_thread_data_cli_tid
 .__static_thread_data.static._k_thread_data_sensor_tid_
                0x0000000008008228       0x30 app/libapp.a(sensor.c.obj)
                0x0000000008008228                _k_thread_data_sensor_tid
                0x0000000008008258                __static_thread_data_list_end = .

device_deps     0x0000000008008258        0x0
                0x0000000008008258                __device_deps_start = .
 *(SORT_BY_NAME(SORT_BY_ALIGNMENT(.__device_deps_pass2*)))
                0x0000000008008258                __device_deps_end = .

gpio_driver_api_area
                0x0000000008008258       0x24
                0x0000000008008258                _gpio_driver_api_list_start = .
 *(SORT_BY_NAME(SORT_BY_ALIGNMENT(._gpio_driver_api.static.*)))
 ._gpio_driver_api.static.gpio_gd32_api_
                0x0000000008008258       0x24 zephyr/drivers/gpio/libdrivers__gpio.a(gpio_gd32.c.obj)
                0x000000000800827c                _gpio_driver_api_list_end = .

i2c_driver_api_area
                0x000000000800827c       0x18
                0x000000000800827c                _i2c_driver_api_list_start = .
 *(SORT_BY_NAME(SORT_BY_ALIGNMENT(._i2c_driver_api.static.*)))
 ._i2c_driver_api.static.i2c_gd32_driver_api_
                0x000000000800827c       0x18 zephyr/drivers/i2c/libdrivers__i2c.a(i2c_gd32.c.obj)
                0x0000000008008294                _i2c_driver_api_list_end = .

i2c_target_driver_api_area
                0x0000000008008294        0x0
                0x0000000008008294                _i2c_target_driver_api_list_start = .
 *(SORT_BY_NAME(SORT_BY_ALIGNMENT(._i2c_target_driver_api.static.*)))
                0x0000000008008294                _i2c_target_driver_api_list_end = .

reset_driver_api_area
                0x0000000008008294       0x10
                0x0000000008008294                _reset_driver_api_list_start = .
 *(SORT_BY_NAME(SORT_BY_ALIGNMENT(._reset_driver_api.static.*)))
 ._reset_driver_api.static.reset_gd32_driver_api_
                0x0000000008008294       0x10 zephyr/drivers/reset/libdrivers__reset.a(reset_gd32.c.obj)
                0x00000000080082a4                _reset_driver_api_list_end = .

spi_driver_api_area
                0x00000000080082a4        0x8
                0x00000000080082a4                _spi_driver_api_list_start = .
 *(SORT_BY_NAME(SORT_BY_ALIGNMENT(._spi_driver_api.static.*)))
 ._spi_driver_api.static.spi_gd32_driver_api_
                0x00000000080082a4        0x8 zephyr/drivers/spi/libdrivers__spi.a(spi_gd32.c.obj)
                0x00000000080082ac                _spi_driver_api_list_end = .

shared_irq_driver_api_area
                0x00000000080082ac        0x0
                0x00000000080082ac                _shared_irq_driver_api_list_start = .
 *(SORT_BY_NAME(SORT_BY_ALIGNMENT(._shared_irq_driver_api.static.*)))
                0x00000000080082ac                _shared_irq_driver_api_list_end = .

crypto_driver_api_area
                0x00000000080082ac        0x0
                0x00000000080082ac                _crypto_driver_api_list_start = .
 *(SORT_BY_NAME(SORT_BY_ALIGNMENT(._crypto_driver_api.static.*)))
                0x00000000080082ac                _crypto_driver_api_list_end = .

adc_driver_api_area
                0x00000000080082ac        0x0
                0x00000000080082ac                _adc_driver_api_list_start = .
 *(SORT_BY_NAME(SORT_BY_ALIGNMENT(._adc_driver_api.static.*)))
                0x00000000080082ac                _adc_driver_api_list_end = .

auxdisplay_driver_api_area
                0x00000000080082ac        0x0
                0x00000000080082ac                _auxdisplay_driver_api_list_start = .
 *(SORT_BY_NAME(SORT_BY_ALIGNMENT(._auxdisplay_driver_api.static.*)))
                0x00000000080082ac                _auxdisplay_driver_api_list_end = .

bbram_driver_api_area
                0x00000000080082ac        0x0
                0x00000000080082ac                _bbram_driver_api_list_start = .
 *(SORT_BY_NAME(SORT_BY_ALIGNMENT(._bbram_driver_api.static.*)))
                0x00000000080082ac                _bbram_driver_api_list_end = .

bt_hci_driver_api_area
                0x00000000080082ac        0x0
                0x00000000080082ac                _bt_hci_driver_api_list_start = .
 *(SORT_BY_NAME(SORT_BY_ALIGNMENT(._bt_hci_driver_api.static.*)))
                0x00000000080082ac                _bt_hci_driver_api_list_end = .

can_driver_api_area
                0x00000000080082ac        0x0
                0x00000000080082ac                _can_driver_api_list_start = .
 *(SORT_BY_NAME(SORT_BY_ALIGNMENT(._can_driver_api.static.*)))
                0x00000000080082ac                _can_driver_api_list_end = .

cellular_driver_api_area
                0x00000000080082ac        0x0
                0x00000000080082ac                _cellular_driver_api_list_start = .
 *(SORT_BY_NAME(SORT_BY_ALIGNMENT(._cellular_driver_api.static.*)))
                0x00000000080082ac                _cellular_driver_api_list_end = .

charger_driver_api_area
                0x00000000080082ac        0x0
                0x00000000080082ac                _charger_driver_api_list_start = .
 *(SORT_BY_NAME(SORT_BY_ALIGNMENT(._charger_driver_api.static.*)))
                0x00000000080082ac                _charger_driver_api_list_end = .

clock_control_driver_api_area
                0x00000000080082ac       0x1c
                0x00000000080082ac                _clock_control_driver_api_list_start = .
 *(SORT_BY_NAME(SORT_BY_ALIGNMENT(._clock_control_driver_api.static.*)))
 ._clock_control_driver_api.static.clock_control_gd32_api_
                0x00000000080082ac       0x1c zephyr/drivers/clock_control/libdrivers__clock_control.a(clock_control_gd32.c.obj)
                0x00000000080082c8                _clock_control_driver_api_list_end = .

comparator_driver_api_area
                0x00000000080082c8        0x0
                0x00000000080082c8                _comparator_driver_api_list_start = .
 *(SORT_BY_NAME(SORT_BY_ALIGNMENT(._comparator_driver_api.static.*)))
                0x00000000080082c8                _comparator_driver_api_list_end = .

coredump_driver_api_area
                0x00000000080082c8        0x0
                0x00000000080082c8                _coredump_driver_api_list_start = .
 *(SORT_BY_NAME(SORT_BY_ALIGNMENT(._coredump_driver_api.static.*)))
                0x00000000080082c8                _coredump_driver_api_list_end = .

counter_driver_api_area
                0x00000000080082c8        0x0
                0x00000000080082c8                _counter_driver_api_list_start = .
 *(SORT_BY_NAME(SORT_BY_ALIGNMENT(._counter_driver_api.static.*)))
                0x00000000080082c8                _counter_driver_api_list_end = .

crc_driver_api_area
                0x00000000080082c8        0x0
                0x00000000080082c8                _crc_driver_api_list_start = .
 *(SORT_BY_NAME(SORT_BY_ALIGNMENT(._crc_driver_api.static.*)))
                0x00000000080082c8                _crc_driver_api_list_end = .

dac_driver_api_area
                0x00000000080082c8        0x0
                0x00000000080082c8                _dac_driver_api_list_start = .
 *(SORT_BY_NAME(SORT_BY_ALIGNMENT(._dac_driver_api.static.*)))
                0x00000000080082c8                _dac_driver_api_list_end = .

dai_driver_api_area
                0x00000000080082c8        0x0
                0x00000000080082c8                _dai_driver_api_list_start = .
 *(SORT_BY_NAME(SORT_BY_ALIGNMENT(._dai_driver_api.static.*)))
                0x00000000080082c8                _dai_driver_api_list_end = .

display_driver_api_area
                0x00000000080082c8       0x2c
                0x00000000080082c8                _display_driver_api_list_start = .
 *(SORT_BY_NAME(SORT_BY_ALIGNMENT(._display_driver_api.static.*)))
 ._display_driver_api.static.st7735r_api_
                0x00000000080082c8       0x2c zephyr/drivers/display/libdrivers__display.a(display_st7735r.c.obj)
                0x00000000080082f4                _display_driver_api_list_end = .

dma_driver_api_area
                0x00000000080082f4        0x0
                0x00000000080082f4                _dma_driver_api_list_start = .
 *(SORT_BY_NAME(SORT_BY_ALIGNMENT(._dma_driver_api.static.*)))
                0x00000000080082f4                _dma_driver_api_list_end = .

edac_driver_api_area
                0x00000000080082f4        0x0
                0x00000000080082f4                _edac_driver_api_list_start = .
 *(SORT_BY_NAME(SORT_BY_ALIGNMENT(._edac_driver_api.static.*)))
                0x00000000080082f4                _edac_driver_api_list_end = .

eeprom_driver_api_area
                0x00000000080082f4        0x0
                0x00000000080082f4                _eeprom_driver_api_list_start = .
 *(SORT_BY_NAME(SORT_BY_ALIGNMENT(._eeprom_driver_api.static.*)))
                0x00000000080082f4                _eeprom_driver_api_list_end = .

emul_bbram_driver_api_area
                0x00000000080082f4        0x0
                0x00000000080082f4                _emul_bbram_driver_api_list_start = .
 *(SORT_BY_NAME(SORT_BY_ALIGNMENT(._emul_bbram_driver_api.static.*)))
                0x00000000080082f4                _emul_bbram_driver_api_list_end = .

fuel_gauge_emul_driver_api_area
                0x00000000080082f4        0x0
                0x00000000080082f4                _fuel_gauge_emul_driver_api_list_start = .
 *(SORT_BY_NAME(SORT_BY_ALIGNMENT(._fuel_gauge_emul_driver_api.static.*)))
                0x00000000080082f4                _fuel_gauge_emul_driver_api_list_end = .

emul_sensor_driver_api_area
                0x00000000080082f4        0x0
                0x00000000080082f4                _emul_sensor_driver_api_list_start = .
 *(SORT_BY_NAME(SORT_BY_ALIGNMENT(._emul_sensor_driver_api.static.*)))
                0x00000000080082f4                _emul_sensor_driver_api_list_end = .

entropy_driver_api_area
                0x00000000080082f4        0x0
                0x00000000080082f4                _entropy_driver_api_list_start = .
 *(SORT_BY_NAME(SORT_BY_ALIGNMENT(._entropy_driver_api.static.*)))
                0x00000000080082f4                _entropy_driver_api_list_end = .

espi_driver_api_area
                0x00000000080082f4        0x0
                0x00000000080082f4                _espi_driver_api_list_start = .
 *(SORT_BY_NAME(SORT_BY_ALIGNMENT(._espi_driver_api.static.*)))
                0x00000000080082f4                _espi_driver_api_list_end = .

espi_saf_driver_api_area
                0x00000000080082f4        0x0
                0x00000000080082f4                _espi_saf_driver_api_list_start = .
 *(SORT_BY_NAME(SORT_BY_ALIGNMENT(._espi_saf_driver_api.static.*)))
                0x00000000080082f4                _espi_saf_driver_api_list_end = .

flash_driver_api_area
                0x00000000080082f4        0x0
                0x00000000080082f4                _flash_driver_api_list_start = .
 *(SORT_BY_NAME(SORT_BY_ALIGNMENT(._flash_driver_api.static.*)))
                0x00000000080082f4                _flash_driver_api_list_end = .

fpga_driver_api_area
                0x00000000080082f4        0x0
                0x00000000080082f4                _fpga_driver_api_list_start = .
 *(SORT_BY_NAME(SORT_BY_ALIGNMENT(._fpga_driver_api.static.*)))
                0x00000000080082f4                _fpga_driver_api_list_end = .

fuel_gauge_driver_api_area
                0x00000000080082f4        0x0
                0x00000000080082f4                _fuel_gauge_driver_api_list_start = .
 *(SORT_BY_NAME(SORT_BY_ALIGNMENT(._fuel_gauge_driver_api.static.*)))
                0x00000000080082f4                _fuel_gauge_driver_api_list_end = .

gnss_driver_api_area
                0x00000000080082f4        0x0
                0x00000000080082f4                _gnss_driver_api_list_start = .
 *(SORT_BY_NAME(SORT_BY_ALIGNMENT(._gnss_driver_api.static.*)))
                0x00000000080082f4                _gnss_driver_api_list_end = .

haptics_driver_api_area
                0x00000000080082f4        0x0
                0x00000000080082f4                _haptics_driver_api_list_start = .
 *(SORT_BY_NAME(SORT_BY_ALIGNMENT(._haptics_driver_api.static.*)))
                0x00000000080082f4                _haptics_driver_api_list_end = .

hwspinlock_driver_api_area
                0x00000000080082f4        0x0
                0x00000000080082f4                _hwspinlock_driver_api_list_start = .
 *(SORT_BY_NAME(SORT_BY_ALIGNMENT(._hwspinlock_driver_api.static.*)))
                0x00000000080082f4                _hwspinlock_driver_api_list_end = .

i2s_driver_api_area
                0x00000000080082f4        0x0
                0x00000000080082f4                _i2s_driver_api_list_start = .
 *(SORT_BY_NAME(SORT_BY_ALIGNMENT(._i2s_driver_api.static.*)))
                0x00000000080082f4                _i2s_driver_api_list_end = .

i3c_driver_api_area
                0x00000000080082f4        0x0
                0x00000000080082f4                _i3c_driver_api_list_start = .
 *(SORT_BY_NAME(SORT_BY_ALIGNMENT(._i3c_driver_api.static.*)))
                0x00000000080082f4                _i3c_driver_api_list_end = .

ipm_driver_api_area
                0x00000000080082f4        0x0
                0x00000000080082f4                _ipm_driver_api_list_start = .
 *(SORT_BY_NAME(SORT_BY_ALIGNMENT(._ipm_driver_api.static.*)))
                0x00000000080082f4                _ipm_driver_api_list_end = .

led_driver_api_area
                0x00000000080082f4        0x0
                0x00000000080082f4                _led_driver_api_list_start = .
 *(SORT_BY_NAME(SORT_BY_ALIGNMENT(._led_driver_api.static.*)))
                0x00000000080082f4                _led_driver_api_list_end = .

led_strip_driver_api_area
                0x00000000080082f4        0x0
                0x00000000080082f4                _led_strip_driver_api_list_start = .
 *(SORT_BY_NAME(SORT_BY_ALIGNMENT(._led_strip_driver_api.static.*)))
                0x00000000080082f4                _led_strip_driver_api_list_end = .

lora_driver_api_area
                0x00000000080082f4        0x0
                0x00000000080082f4                _lora_driver_api_list_start = .
 *(SORT_BY_NAME(SORT_BY_ALIGNMENT(._lora_driver_api.static.*)))
                0x00000000080082f4                _lora_driver_api_list_end = .

mbox_driver_api_area
                0x00000000080082f4        0x0
                0x00000000080082f4                _mbox_driver_api_list_start = .
 *(SORT_BY_NAME(SORT_BY_ALIGNMENT(._mbox_driver_api.static.*)))
                0x00000000080082f4                _mbox_driver_api_list_end = .

mdio_driver_api_area
                0x00000000080082f4        0x0
                0x00000000080082f4                _mdio_driver_api_list_start = .
 *(SORT_BY_NAME(SORT_BY_ALIGNMENT(._mdio_driver_api.static.*)))
                0x00000000080082f4                _mdio_driver_api_list_end = .

mipi_dbi_driver_api_area
                0x00000000080082f4       0x18
                0x00000000080082f4                _mipi_dbi_driver_api_list_start = .
 *(SORT_BY_NAME(SORT_BY_ALIGNMENT(._mipi_dbi_driver_api.static.*)))
 ._mipi_dbi_driver_api.static.mipi_dbi_spi_driver_api_
                0x00000000080082f4       0x18 zephyr/libzephyr.a(mipi_dbi_spi.c.obj)
                0x000000000800830c                _mipi_dbi_driver_api_list_end = .

mipi_dsi_driver_api_area
                0x000000000800830c        0x0
                0x000000000800830c                _mipi_dsi_driver_api_list_start = .
 *(SORT_BY_NAME(SORT_BY_ALIGNMENT(._mipi_dsi_driver_api.static.*)))
                0x000000000800830c                _mipi_dsi_driver_api_list_end = .

mspi_driver_api_area
                0x000000000800830c        0x0
                0x000000000800830c                _mspi_driver_api_list_start = .
 *(SORT_BY_NAME(SORT_BY_ALIGNMENT(._mspi_driver_api.static.*)))
                0x000000000800830c                _mspi_driver_api_list_end = .

opamp_driver_api_area
                0x000000000800830c        0x0
                0x000000000800830c                _opamp_driver_api_list_start = .
 *(SORT_BY_NAME(SORT_BY_ALIGNMENT(._opamp_driver_api.static.*)))
                0x000000000800830c                _opamp_driver_api_list_end = .

peci_driver_api_area
                0x000000000800830c        0x0
                0x000000000800830c                _peci_driver_api_list_start = .
 *(SORT_BY_NAME(SORT_BY_ALIGNMENT(._peci_driver_api.static.*)))
                0x000000000800830c                _peci_driver_api_list_end = .

ps2_driver_api_area
                0x000000000800830c        0x0
                0x000000000800830c                _ps2_driver_api_list_start = .
 *(SORT_BY_NAME(SORT_BY_ALIGNMENT(._ps2_driver_api.static.*)))
                0x000000000800830c                _ps2_driver_api_list_end = .

ptp_clock_driver_api_area
                0x000000000800830c        0x0
                0x000000000800830c                _ptp_clock_driver_api_list_start = .
 *(SORT_BY_NAME(SORT_BY_ALIGNMENT(._ptp_clock_driver_api.static.*)))
                0x000000000800830c                _ptp_clock_driver_api_list_end = .

pwm_driver_api_area
                0x000000000800830c        0x0
                0x000000000800830c                _pwm_driver_api_list_start = .
 *(SORT_BY_NAME(SORT_BY_ALIGNMENT(._pwm_driver_api.static.*)))
                0x000000000800830c                _pwm_driver_api_list_end = .

regulator_parent_driver_api_area
                0x000000000800830c        0x0
                0x000000000800830c                _regulator_parent_driver_api_list_start = .
 *(SORT_BY_NAME(SORT_BY_ALIGNMENT(._regulator_parent_driver_api.static.*)))
                0x000000000800830c                _regulator_parent_driver_api_list_end = .

regulator_driver_api_area
                0x000000000800830c        0x0
                0x000000000800830c                _regulator_driver_api_list_start = .
 *(SORT_BY_NAME(SORT_BY_ALIGNMENT(._regulator_driver_api.static.*)))
                0x000000000800830c                _regulator_driver_api_list_end = .

retained_mem_driver_api_area
                0x000000000800830c        0x0
                0x000000000800830c                _retained_mem_driver_api_list_start = .
 *(SORT_BY_NAME(SORT_BY_ALIGNMENT(._retained_mem_driver_api.static.*)))
                0x000000000800830c                _retained_mem_driver_api_list_end = .

rtc_driver_api_area
                0x000000000800830c        0x0
                0x000000000800830c                _rtc_driver_api_list_start = .
 *(SORT_BY_NAME(SORT_BY_ALIGNMENT(._rtc_driver_api.static.*)))
                0x000000000800830c                _rtc_driver_api_list_end = .

sdhc_driver_api_area
                0x000000000800830c        0x0
                0x000000000800830c                _sdhc_driver_api_list_start = .
 *(SORT_BY_NAME(SORT_BY_ALIGNMENT(._sdhc_driver_api.static.*)))
                0x000000000800830c                _sdhc_driver_api_list_end = .

sensor_driver_api_area
                0x000000000800830c        0x0
                0x000000000800830c                _sensor_driver_api_list_start = .
 *(SORT_BY_NAME(SORT_BY_ALIGNMENT(._sensor_driver_api.static.*)))
                0x000000000800830c                _sensor_driver_api_list_end = .

smbus_driver_api_area
                0x000000000800830c        0x0
                0x000000000800830c                _smbus_driver_api_list_start = .
 *(SORT_BY_NAME(SORT_BY_ALIGNMENT(._smbus_driver_api.static.*)))
                0x000000000800830c                _smbus_driver_api_list_end = .

stepper_driver_api_area
                0x000000000800830c        0x0
                0x000000000800830c                _stepper_driver_api_list_start = .
 *(SORT_BY_NAME(SORT_BY_ALIGNMENT(._stepper_driver_api.static.*)))
                0x000000000800830c                _stepper_driver_api_list_end = .

syscon_driver_api_area
                0x000000000800830c        0x0
                0x000000000800830c                _syscon_driver_api_list_start = .
 *(SORT_BY_NAME(SORT_BY_ALIGNMENT(._syscon_driver_api.static.*)))
                0x000000000800830c                _syscon_driver_api_list_end = .

tee_driver_api_area
                0x000000000800830c        0x0
                0x000000000800830c                _tee_driver_api_list_start = .
 *(SORT_BY_NAME(SORT_BY_ALIGNMENT(._tee_driver_api.static.*)))
                0x000000000800830c                _tee_driver_api_list_end = .

video_driver_api_area
                0x000000000800830c        0x0
                0x000000000800830c                _video_driver_api_list_start = .
 *(SORT_BY_NAME(SORT_BY_ALIGNMENT(._video_driver_api.static.*)))
                0x000000000800830c                _video_driver_api_list_end = .

virtio_driver_api_area
                0x000000000800830c        0x0
                0x000000000800830c                _virtio_driver_api_list_start = .
 *(SORT_BY_NAME(SORT_BY_ALIGNMENT(._virtio_driver_api.static.*)))
                0x000000000800830c                _virtio_driver_api_list_end = .

w1_driver_api_area
                0x000000000800830c        0x0
                0x000000000800830c                _w1_driver_api_list_start = .
 *(SORT_BY_NAME(SORT_BY_ALIGNMENT(._w1_driver_api.static.*)))
                0x000000000800830c                _w1_driver_api_list_end = .

wdt_driver_api_area
                0x000000000800830c        0x0
                0x000000000800830c                _wdt_driver_api_list_start = .
 *(SORT_BY_NAME(SORT_BY_ALIGNMENT(._wdt_driver_api.static.*)))
                0x000000000800830c                _wdt_driver_api_list_end = .

can_transceiver_driver_api_area
                0x000000000800830c        0x0
                0x000000000800830c                _can_transceiver_driver_api_list_start = .
 *(SORT_BY_NAME(SORT_BY_ALIGNMENT(._can_transceiver_driver_api.static.*)))
                0x000000000800830c                _can_transceiver_driver_api_list_end = .

nrf_clock_control_driver_api_area
                0x000000000800830c        0x0