Archive member included to satisfy reference by file (symbol)

app/libapp.a(main.c.obj)      (--whole-archive)
app/libapp.a(lcd_text.c.obj)  (--whole-archive)
app/libapp.a(font5x7.c.obj)   (--whole-archive)
zephyr/libzephyr.a(validate_libc.c.obj)
                              (--whole-archive)
zephyr/libzephyr.a(heap.c.obj)
                              (--whole-archive)
zephyr/libzephyr.a(cbprintf_packaged.c.obj)
                              (--whole-archive)
zephyr/libzephyr.a(clock.c.obj)
                              (--whole-archive)
zephyr/libzephyr.a(printk.c.obj)
                              (--whole-archive)
zephyr/libzephyr.a(sem.c.obj)
                              (--whole-archive)
zephyr/libzephyr.a(thread_entry.c.obj)
                              (--whole-archive)
zephyr/libzephyr.a(cbprintf_complete.c.obj)
                              (--whole-archive)
zephyr/libzephyr.a(assert.c.obj)
                              (--whole-archive)
zephyr/libzephyr.a(mpsc_pbuf.c.obj)
                              (--whole-archive)
zephyr/libzephyr.a(dec.c.obj)
                              (--whole-archive)
zephyr/libzephyr.a(hex.c.obj)
                              (--whole-archive)
zephyr/libzephyr.a(rb.c.obj)  (--whole-archive)
zephyr/libzephyr.a(timeutil.c.obj)
                              (--whole-archive)
zephyr/libzephyr.a(bitarray.c.obj)
                              (--whole-archive)
zephyr/libzephyr.a(bitmask.c.obj)
                              (--whole-archive)
zephyr/libzephyr.a(getopt.c.obj)
                              (--whole-archive)
zephyr/libzephyr.a(getopt_common.c.obj)
                              (--whole-archive)
zephyr/libzephyr.a(ring_buffer.c.obj)
                              (--whole-archive)
zephyr/libzephyr.a(last_section_id.c.obj)
                              (--whole-archive)
zephyr/libzephyr.a(configs.c.obj)
                              (--whole-archive)
zephyr/libzephyr.a(soc_irq.S.obj)
                              (--whole-archive)
zephyr/libzephyr.a(soc_common_irq.c.obj)
                              (--whole-archive)
zephyr/libzephyr.a(vector.S.obj)
                              (--whole-archive)
zephyr/libzephyr.a(entry.S.obj)
                              (--whole-archive)
zephyr/libzephyr.a(soc.c.obj)
                              (--whole-archive)
zephyr/libzephyr.a(soc_irq.S.obj)
                              (--whole-archive)
zephyr/libzephyr.a(log_core.c.obj)
                              (--whole-archive)
zephyr/libzephyr.a(log_mgmt.c.obj)
                              (--whole-archive)
zephyr/libzephyr.a(log_cache.c.obj)
                              (--whole-archive)
zephyr/libzephyr.a(log_msg.c.obj)
                              (--whole-archive)
zephyr/libzephyr.a(log_output.c.obj)
                              (--whole-archive)
zephyr/libzephyr.a(log_backend_uart.c.obj)
                              (--whole-archive)
zephyr/libzephyr.a(tracing_none.c.obj)
                              (--whole-archive)
zephyr/libzephyr.a(mipi_dbi_spi.c.obj)
                              (--whole-archive)
zephyr/arch/common/libarch__common.a(sw_isr_common.c.obj)
                              (--whole-archive)
zephyr/arch/common/libarch__common.a(init.c.obj)
                              (--whole-archive)
zephyr/arch/common/libarch__common.a(xip.c.obj)
                              (--whole-archive)
zephyr/arch/arch/riscv/core/libarch__riscv__core.a(cpu_idle.c.obj)
                              (--whole-archive)
zephyr/arch/arch/riscv/core/libarch__riscv__core.a(fatal.c.obj)
                              (--whole-archive)
zephyr/arch/arch/riscv/core/libarch__riscv__core.a(irq_manage.c.obj)
                              (--whole-archive)
zephyr/arch/arch/riscv/core/libarch__riscv__core.a(prep_c.c.obj)
                              (--whole-archive)
zephyr/arch/arch/riscv/core/libarch__riscv__core.a(reboot.c.obj)
                              (--whole-archive)
zephyr/arch/arch/riscv/core/libarch__riscv__core.a(reset.S.obj)
                              (--whole-archive)
zephyr/arch/arch/riscv/core/libarch__riscv__core.a(switch.S.obj)
                              (--whole-archive)
zephyr/arch/arch/riscv/core/libarch__riscv__core.a(thread.c.obj)
                              (--whole-archive)
zephyr/arch/arch/riscv/core/libarch__riscv__core.a(isr.S.obj)
                              (--whole-archive)
zephyr/arch/arch/riscv/core/libarch__riscv__core.a(tls.c.obj)
                              (--whole-archive)
zephyr/arch/arch/riscv/core/libarch__riscv__core.a(stacktrace.c.obj)
                              (--whole-archive)
zephyr/lib/libc/picolibc/liblib__libc__picolibc.a(assert.c.obj)
                              (--whole-archive)
zephyr/lib/libc/picolibc/liblib__libc__picolibc.a(cbprintf.c.obj)
                              (--whole-archive)
zephyr/lib/libc/picolibc/liblib__libc__picolibc.a(chk_fail.c.obj)
                              (--whole-archive)
[...]
Memory Configuration

Name             Origin             Length             Attributes
ROM              0x0000000008000000 0x0000000000020000 xr
RAM              0x0000000020000000 0x0000000000008000 xrw
IDT_LIST         0x00000000fffff000 0x0000000000001000 xw
*default*        0x0000000000000000 0xffffffffffffffff

Linker script and memory map

                0x0000000008007564                vfprintf = __l_vfprintf
                0x0000000000000000                vfscanf = __l_vfscanf
LOAD zephyr/CMakeFiles/zephyr_pre0.dir/misc/empty_file.c.obj
LOAD zephyr/CMakeFiles/offsets.dir/./arch/riscv/core/offsets/offsets.c.obj
LOAD app/libapp.a
LOAD zephyr/libzephyr.a
LOAD zephyr/arch/common/libarch__common.a
LOAD zephyr/arch/arch/riscv/core/libarch__riscv__core.a
LOAD zephyr/lib/libc/picolibc/liblib__libc__picolibc.a
LOAD zephyr/lib/libc/common/liblib__libc__common.a
LOAD zephyr/lib/posix/c_lib_ext/liblib__posix__c_lib_ext.a
LOAD zephyr/drivers/interrupt_controller/libdrivers__interrupt_controller.a
LOAD zephyr/drivers/clock_control/libdrivers__clock_control.a
LOAD zephyr/drivers/console/libdrivers__console.a
LOAD zephyr/drivers/display/libdrivers__display.a
LOAD zephyr/drivers/gpio/libdrivers__gpio.a
LOAD zephyr/drivers/i2c/libdrivers__i2c.a
LOAD zephyr/drivers/pinctrl/libdrivers__pinctrl.a
LOAD zephyr/drivers/reset/libdrivers__reset.a
LOAD zephyr/drivers/serial/libdrivers__serial.a
LOAD zephyr/drivers/spi/libdrivers__spi.a
LOAD zephyr/drivers/timer/libdrivers__timer.a
LOAD modules/hal_gigadevice/libhal_gigadevice.a
LOAD zephyr/kernel/libkernel.a
LOAD zephyr/arch/common/libisr_tables.a
LOAD /home/dinesh/zephyr-sdk-0.17.4/riscv64-zephyr-elf/bin/../lib/gcc/../../picolibc/riscv64-zephyr-elf/lib/rv32imac_zicsr_zifencei/ilp32/libc.a
LOAD /home/dinesh/zephyr-sdk-0.17.4/riscv64-zephyr-elf/bin/../lib/gcc/riscv64-zephyr-elf/12.2.0/rv32imac_zicsr_zifencei/ilp32/libgcc.a

.rel.plt        0x0000000000000000        0x0
 *(SORT_BY_ALIGNMENT(.rel.plt))
                [!provide]                        PROVIDE (__rel_iplt_start = .)
 *(SORT_BY_ALIGNMENT(.rel.iplt))
                [!provide]                        PROVIDE (__rel_iplt_end = .)

.rela.plt       0x0000000000000000        0x0
 *(SORT_BY_ALIGNMENT(.rela.plt))
                [!provide]                        PROVIDE (__rela_iplt_start = .)
 *(SORT_BY_ALIGNMENT(.rela.iplt))
                [!provide]                        PROVIDE (__rela_iplt_end = .)

.rel.dyn
 *(SORT_BY_ALIGNMENT(.rel.*))

.rela.dyn       0x0000000008000000        0x0
 *(SORT_BY_ALIGNMENT(.rela.*))
 .rela.text.cbvprintf_package
                0x0000000008000000        0x0 app/libapp.a(main.c.obj)
 .rela.text.cbprintf_package_convert
                0x0000000008000000        0x0 app/libapp.a(main.c.obj)
 .rela.sdata._char_out
                0x0000000008000000        0x0 app/libapp.a(main.c.obj)
 .rela.vectors.__start
                0x0000000008000000        0x0 app/libapp.a(main.c.obj)
 .rela.text.activate_foreach_backend
                0x0000000008000000        0x0 app/libapp.a(main.c.obj)
 .rela.text.z_log_init
                0x0000000008000000        0x0 app/libapp.a(main.c.obj)
 .rela.text.dropped_notify
                0x0000000008000000        0x0 app/libapp.a(main.c.obj)
 .rela.text.log_core_init
                0x0000000008000000        0x0 app/libapp.a(main.c.obj)
 .rela.text.z_impl_log_process
                0x0000000008000000        0x0 app/libapp.a(main.c.obj)
 .rela.text.z_impl_log_panic
                0x0000000008000000        0x0 app/libapp.a(main.c.obj)
 .rela.text.log_process_thread_func
                0x0000000008000000        0x0 app/libapp.a(main.c.obj)
 .rela.text.log_source_name_get
                0x0000000008000000        0x0 app/libapp.a(main.c.obj)
 .rela.text.log_msg_get_source_id
                0x0000000008000000        0x0 app/libapp.a(main.c.obj)
 .rela.text.arch_bss_zero
                0x0000000008000000        0x0 app/libapp.a(main.c.obj)
 .rela.text.arch_data_copy
                0x0000000008000000        0x0 app/libapp.a(main.c.obj)
 .rela.text.arch_tls_stack_setup
                0x0000000008000000        0x0 app/libapp.a(main.c.obj)
 .rela.text.walk_stackframe
                0x0000000008000000        0x0 app/libapp.a(main.c.obj)
 .rela.text.malloc_prepare
                0x0000000008000000        0x0 app/libapp.a(main.c.obj)
 .rela.text.bg_thread_main
                0x0000000008000000        0x0 app/libapp.a(main.c.obj)
 .rela.rodata.levels.0
                0x0000000008000000        0x0 app/libapp.a(main.c.obj)

.plt
 *(SORT_BY_ALIGNMENT(.plt))

.iplt
 *(SORT_BY_ALIGNMENT(.iplt))
                0x0000000008000000                __rom_region_start = 0x8000000

rom_start       0x0000000008000000       0x50
                0x0000000008000000                . = ALIGN (0x10)
                0x0000000008000000                __rom_start_address = .
 FILL mask 0x00
                0x0000000008000000                . = (. + (0x0 - (. - __rom_start_address)))
                0x0000000008000000                . = ALIGN (0x4)
 *(SORT_BY_ALIGNMENT(.init.*))
 .init.__nuclei_start
                0x0000000008000000       0x34 zephyr/libzephyr.a(entry.S.obj)
                0x0000000008000000                __nuclei_start
 *(SORT_BY_ALIGNMENT(.vectors.*))
 *fill*         0x0000000008000034        0x0 00
 .vectors.__start
                0x0000000008000034       0x1c zephyr/libzephyr.a(vector.S.obj)
                0x0000000008000034                __start

reset           0x0000000008000050        0x4
 *(SORT_BY_ALIGNMENT(.reset.*))
 .reset.__reset
                0x0000000008000050        0x4 zephyr/arch/arch/riscv/core/libarch__riscv__core.a(reset.S.obj)
                0x0000000008000050                __reset

exceptions      0x0000000008000080      0x1b2
 *(SORT_BY_ALIGNMENT(.exception.entry.*))
 .exception.entry._isr_wrapper
                0x0000000008000080      0x160 zephyr/arch/arch/riscv/core/libarch__riscv__core.a(isr.S.obj)
                0x0000000008000080                _isr_wrapper
                0x0000000008000192                z_riscv_thread_start
 *(SORT_BY_ALIGNMENT(.exception.other.*))
 .exception.other.__soc_save_context
                0x00000000080001e0        0x2 zephyr/libzephyr.a(soc_irq.S.obj)
                0x00000000080001e0                __soc_save_context
 *fill*         0x00000000080001e2        0x2 
 .exception.other.__soc_restore_context
                0x00000000080001e4       0x16 zephyr/libzephyr.a(soc_irq.S.obj)
                0x00000000080001e4                __soc_restore_context
 *fill*         0x00000000080001fa        0x2 
 .exception.other.__soc_handle_all_irqs
                0x00000000080001fc       0x36 zephyr/drivers/interrupt_controller/libdrivers__interrupt_controller.a(intc_clic.S.obj)
                0x00000000080001fc                __soc_handle_all_irqs

text            0x0000000008000234     0x7882
                0x0000000008000234                . = ALIGN (0x4)
 *(SORT_BY_ALIGNMENT(.openocd_debug))
 *(SORT_BY_ALIGNMENT(.openocd_debug.*))
                0x0000000008000234                __text_region_start = .
 *(SORT_BY_ALIGNMENT(.text))
 .text          0x0000000008000234       0x3c /home/dinesh/zephyr-sdk-0.17.4/riscv64-zephyr-elf/bin/../lib/gcc/riscv64-zephyr-elf/12.2.0/rv32imac_zicsr_zifencei/ilp32/libgcc.a(_clzsi2.o)
                0x0000000008000234                __clzsi2
 .text          0x0000000008000270       0x3c /home/dinesh/zephyr-sdk-0.17.4/riscv64-zephyr-elf/bin/../lib/gcc/riscv64-zephyr-elf/12.2.0/rv32imac_zicsr_zifencei/ilp32/libgcc.a(_ctzsi2.o)
                0x0000000008000270                __ctzsi2
 .text          0x00000000080002ac      0x35e /home/dinesh/zephyr-sdk-0.17.4/riscv64-zephyr-elf/bin/../lib/gcc/riscv64-zephyr-elf/12.2.0/rv32imac_zicsr_zifencei/ilp32/libgcc.a(_udivdi3.o)
                0x00000000080002ac                __udivdi3
 *(SORT_BY_ALIGNMENT(.text.*))
 *fill*         0x000000000800060a        0x2 
 .text.__initialize
                0x000000000800060c       0x2a zephyr/arch/arch/riscv/core/libarch__riscv__core.a(reset.S.obj)
                0x000000000800060c                __initialize
 *fill*         0x0000000008000636        0x2 
 .text.z_riscv_switch
                0x0000000008000638       0x72 zephyr/arch/arch/riscv/core/libarch__riscv__core.a(switch.S.obj)
                0x0000000008000638                z_riscv_switch
 .text._OffsetAbsSyms
                0x00000000080006aa        0x2 zephyr/CMakeFiles/offsets.dir/./arch/riscv/core/offsets/offsets.c.obj
                0x00000000080006aa                _OffsetAbsSyms
 .text.uart_poll_out
                0x00000000080006ac        0x6 app/libapp.a(main.c.obj)
 .text.uart_cb  0x00000000080006b2       0xde app/libapp.a(main.c.obj)
                0x00000000080006b2                uart_cb
 .text.execute_command
                0x0000000008000790      0x196 app/libapp.a(main.c.obj)
                0x0000000008000790                execute_command
 .text.main     0x0000000008000926      0x3c2 app/libapp.a(main.c.obj)
                0x0000000008000926                main
 .text.lcd_draw_char
                0x0000000008000ce8       0xe2 app/libapp.a(lcd_text.c.obj)
                0x0000000008000ce8                lcd_draw_char
 .text.lcd_draw_string
                0x0000000008000dca       0x36 app/libapp.a(lcd_text.c.obj)
                0x0000000008000dca                lcd_draw_string
 .text.lcd_draw_int
                0x0000000008000e00       0x36 app/libapp.a(lcd_text.c.obj)
                0x0000000008000e00                lcd_draw_int
 .text.lcd_clear
                0x0000000008000e36       0x60 app/libapp.a(lcd_text.c.obj)
                0x0000000008000e36                lcd_clear
 .text.chunk_size
                0x0000000008000e96        0xc zephyr/libzephyr.a(heap.c.obj)
 .text.free_list_add
                0x0000000008000ea2       0x7c zephyr/libzephyr.a(heap.c.obj)
 .text.sys_heap_init
                0x0000000008000f1e       0xa4 zephyr/libzephyr.a(heap.c.obj)
                0x0000000008000f1e                sys_heap_init
 .text.cbvprintf_package
                0x0000000008000fc2      0x428 zephyr/libzephyr.a(cbprintf_packaged.c.obj)
                0x0000000008000fc2                cbvprintf_package
 .text.cbpprintf_external
                0x00000000080013ea       0x9a zephyr/libzephyr.a(cbprintf_packaged.c.obj)
                0x00000000080013ea                cbpprintf_external
 .text.is_ptr   0x0000000008001484       0x5e zephyr/libzephyr.a(cbprintf_packaged.c.obj)
                0x0000000008001484                is_ptr
 .text.cbprintf_package_convert
                0x00000000080014e2      0x482 zephyr/libzephyr.a(cbprintf_packaged.c.obj)
                0x00000000080014e2                cbprintf_package_convert
 .text.arch_printk_char_out
                0x0000000008001964        0x4 zephyr/libzephyr.a(printk.c.obj)
                0x0000000008001964                arch_printk_char_out
 .text.__printk_hook_install
                0x0000000008001968        0x6 zephyr/libzephyr.a(printk.c.obj)
                0x0000000008001968                __printk_hook_install
 .text.printk   0x000000000800196e       0x20 zephyr/libzephyr.a(printk.c.obj)
                0x000000000800196e                printk
 .text.z_thread_entry
                0x000000000800198e       0x2a zephyr/libzephyr.a(thread_entry.c.obj)
                0x000000000800198e                z_thread_entry
 .text.free_space
                0x00000000080019b8       0x26 zephyr/libzephyr.a(mpsc_pbuf.c.obj)
 .text.get_usage
                0x00000000080019de       0x28 zephyr/libzephyr.a(mpsc_pbuf.c.obj)
 .text.idx_inc  0x0000000008001a06       0x1c zephyr/libzephyr.a(mpsc_pbuf.c.obj)
 .text.rd_idx_inc
                0x0000000008001a22       0x1e zephyr/libzephyr.a(mpsc_pbuf.c.obj)
 .text.add_skip_item
                0x0000000008001a40       0x44 zephyr/libzephyr.a(mpsc_pbuf.c.obj)
 .text.drop_item_locked
                0x0000000008001a84       0xfe zephyr/libzephyr.a(mpsc_pbuf.c.obj)
 .text.post_drop_action
                0x0000000008001b82       0x48 zephyr/libzephyr.a(mpsc_pbuf.c.obj)
 .text.max_utilization_update
                0x0000000008001bca       0x2a zephyr/libzephyr.a(mpsc_pbuf.c.obj)
 .text.mpsc_pbuf_init
                0x0000000008001bf4       0x4e zephyr/libzephyr.a(mpsc_pbuf.c.obj)
                0x0000000008001bf4                mpsc_pbuf_init
 .text.mpsc_pbuf_alloc
                0x0000000008001c42      0x100 zephyr/libzephyr.a(mpsc_pbuf.c.obj)
                0x0000000008001c42                mpsc_pbuf_alloc
 .text.mpsc_pbuf_commit
                0x0000000008001d42       0x42 zephyr/libzephyr.a(mpsc_pbuf.c.obj)
                0x0000000008001d42                mpsc_pbuf_commit
 .text.mpsc_pbuf_claim
                0x0000000008001d84       0xb6 zephyr/libzephyr.a(mpsc_pbuf.c.obj)
                0x0000000008001d84                mpsc_pbuf_claim
 .text.mpsc_pbuf_free
                0x0000000008001e3a       0x7c zephyr/libzephyr.a(mpsc_pbuf.c.obj)
                0x0000000008001e3a                mpsc_pbuf_free
 .text.mpsc_pbuf_is_pending
                0x0000000008001eb6       0x26 zephyr/libzephyr.a(mpsc_pbuf.c.obj)
                0x0000000008001eb6                mpsc_pbuf_is_pending
 .text._ConfigAbsSyms
                0x0000000008001edc        0x2 zephyr/libzephyr.a(configs.c.obj)
                0x0000000008001edc                _ConfigAbsSyms
 .text.arch_irq_enable
                0x0000000008001ede        0x4 zephyr/libzephyr.a(soc_common_irq.c.obj)
                0x0000000008001ede                arch_irq_enable
 .text.z_riscv_irq_priority_set
                0x0000000008001ee2        0x4 zephyr/libzephyr.a(soc_common_irq.c.obj)
                0x0000000008001ee2                z_riscv_irq_priority_set
 .text.soc_interrupt_init
                0x0000000008001ee6        0xe zephyr/libzephyr.a(soc_common_irq.c.obj)
                0x0000000008001ee6                soc_interrupt_init
 .text.soc_early_init_hook
                0x0000000008001ef4       0x1e zephyr/libzephyr.a(soc.c.obj)
                0x0000000008001ef4                soc_early_init_hook
 .text.log_msg_generic_get_wlen
                0x0000000008001f12       0x22 zephyr/libzephyr.a(log_core.c.obj)
 .text.dummy_timestamp
                0x0000000008001f34        0x4 zephyr/libzephyr.a(log_core.c.obj)
 .text.activate_foreach_backend
                0x0000000008001f38       0x7a zephyr/libzephyr.a(log_core.c.obj)
 .text.atomic_inc
                0x0000000008001fb2        0xe zephyr/libzephyr.a(log_core.c.obj)
 .text.enable_logger
                0x0000000008001fc0       0x5a zephyr/libzephyr.a(log_core.c.obj)
 .text.default_lf_get_timestamp
                0x000000000800201a       0x16 zephyr/libzephyr.a(log_core.c.obj)
 .text.log_process_thread_timer_expiry_fn
                0x0000000008002030        0x8 zephyr/libzephyr.a(log_core.c.obj)
 .text.z_log_init
                0x0000000008002038       0xa6 zephyr/libzephyr.a(log_core.c.obj)
 .text.log_format_func_t_get
                0x00000000080020de       0x10 zephyr/libzephyr.a(log_core.c.obj)
                0x00000000080020de                log_format_func_t_get
 .text.z_log_vprintk
                0x00000000080020ee       0x12 zephyr/libzephyr.a(log_core.c.obj)
                0x00000000080020ee                z_log_vprintk
 .text.log_set_timestamp_func
                0x0000000008002100       0x1e zephyr/libzephyr.a(log_core.c.obj)
                0x0000000008002100                log_set_timestamp_func
 .text.z_log_notify_backend_enabled
                0x000000000800211e       0x22 zephyr/libzephyr.a(log_core.c.obj)
                0x000000000800211e                z_log_notify_backend_enabled
 .text.z_log_dropped
                0x0000000008002140       0x34 zephyr/libzephyr.a(log_core.c.obj)
                0x0000000008002140                z_log_dropped
 .text.z_log_notify_drop
                0x0000000008002174        0x4 zephyr/libzephyr.a(log_core.c.obj)
 .text.z_log_dropped_read_and_clear
                0x0000000008002178       0x10 zephyr/libzephyr.a(log_core.c.obj)
                0x0000000008002178                z_log_dropped_read_and_clear
 .text.dropped_notify
                0x0000000008002188       0x46 zephyr/libzephyr.a(log_core.c.obj)
                0x0000000008002188                dropped_notify
 .text.z_log_msg_init
                0x00000000080021ce       0x2a zephyr/libzephyr.a(log_core.c.obj)
                0x00000000080021ce                z_log_msg_init
 .text.log_core_init
                0x00000000080021f8       0x50 zephyr/libzephyr.a(log_core.c.obj)
                0x00000000080021f8                log_core_init
 .text.z_log_msg_alloc
                0x0000000008002248       0x12 zephyr/libzephyr.a(log_core.c.obj)
                0x0000000008002248                z_log_msg_alloc
 .text.z_log_msg_local_claim
                0x000000000800225a        0xc zephyr/libzephyr.a(log_core.c.obj)
                0x000000000800225a                z_log_msg_local_claim
 .text.z_log_msg_free
                0x0000000008002266        0x8 zephyr/libzephyr.a(log_core.c.obj)
                0x0000000008002266                z_log_msg_free
 .text.z_log_msg_pending
                0x000000000800226e        0xa zephyr/libzephyr.a(log_core.c.obj)
                0x000000000800226e                z_log_msg_pending
 .text.z_impl_log_process
                0x0000000008002278       0xb2 zephyr/libzephyr.a(log_core.c.obj)
                0x0000000008002278                z_impl_log_process
 .text.z_impl_log_panic
                0x000000000800232a       0x54 zephyr/libzephyr.a(log_core.c.obj)
                0x000000000800232a                z_impl_log_panic
 .text.log_process_thread_func
                0x000000000800237e       0x9a zephyr/libzephyr.a(log_core.c.obj)
 .text.z_log_msg_post_finalize
                0x0000000008002418       0x66 zephyr/libzephyr.a(log_core.c.obj)
 .text.z_log_msg_commit
                0x000000000800247e       0x22 zephyr/libzephyr.a(log_core.c.obj)
                0x000000000800247e                z_log_msg_commit
 .text.z_log_get_tag
                0x00000000080024a0        0x4 zephyr/libzephyr.a(log_core.c.obj)
                0x00000000080024a0                z_log_get_tag
 .text.log_source_name_get
                0x00000000080024a4       0x22 zephyr/libzephyr.a(log_mgmt.c.obj)
                0x00000000080024a4                log_source_name_get
 .text.log_backend_enable
                0x00000000080024c6       0x14 zephyr/libzephyr.a(log_mgmt.c.obj)
                0x00000000080024c6                log_backend_enable
 .text.z_cbprintf_cpy
                0x00000000080024da       0x3e zephyr/libzephyr.a(log_msg.c.obj)
 .text.z_log_msg_finalize
                0x0000000008002518       0x40 zephyr/libzephyr.a(log_msg.c.obj)
                0x0000000008002518                z_log_msg_finalize
 .text.z_log_msg_simple_create
                0x0000000008002558       0x7c zephyr/libzephyr.a(log_msg.c.obj)
 .text.z_impl_z_log_msg_simple_create_0
                0x00000000080025d4       0x12 zephyr/libzephyr.a(log_msg.c.obj)
                0x00000000080025d4                z_impl_z_log_msg_simple_create_0
 .text.z_impl_z_log_msg_simple_create_1
                0x00000000080025e6       0x14 zephyr/libzephyr.a(log_msg.c.obj)
                0x00000000080025e6                z_impl_z_log_msg_simple_create_1
 .text.z_impl_z_log_msg_simple_create_2
                0x00000000080025fa       0x16 zephyr/libzephyr.a(log_msg.c.obj)
                0x00000000080025fa                z_impl_z_log_msg_simple_create_2
 .text.z_impl_z_log_msg_static_create
                0x0000000008002610      0x152 zephyr/libzephyr.a(log_msg.c.obj)
                0x0000000008002610                z_impl_z_log_msg_static_create
 .text.z_log_msg_runtime_vcreate
                0x0000000008002762       0xcc zephyr/libzephyr.a(log_msg.c.obj)
                0x0000000008002762                z_log_msg_runtime_vcreate
 .text.log_msg_get_source_id
                0x000000000800282e       0x1a zephyr/libzephyr.a(log_msg.c.obj)
                0x000000000800282e                log_msg_get_source_id
 .text.log_output_write
                0x0000000008002848       0x32 zephyr/libzephyr.a(log_output.c.obj)
 .text.log_output_flush
                0x000000000800287a       0x22 zephyr/libzephyr.a(log_output.c.obj)
 .text.print_formatted
                0x000000000800289c       0x2a zephyr/libzephyr.a(log_output.c.obj)
 .text.newline_print
                0x00000000080028c6       0x22 zephyr/libzephyr.a(log_output.c.obj)
 .text.out_func
                0x00000000080028e8       0x3a zephyr/libzephyr.a(log_output.c.obj)
 .text.cr_out_func
                0x0000000008002922       0x28 zephyr/libzephyr.a(log_output.c.obj)
 .text.log_output_process
                0x000000000800294a      0x2d6 zephyr/libzephyr.a(log_output.c.obj)
                0x000000000800294a                log_output_process
 .text.log_output_msg_process
                0x0000000008002c20       0x7c zephyr/libzephyr.a(log_output.c.obj)
                0x0000000008002c20                log_output_msg_process
 .text.log_output_dropped_process
                0x0000000008002c9c       0x70 zephyr/libzephyr.a(log_output.c.obj)
                0x0000000008002c9c                log_output_dropped_process
 .text.log_output_timestamp_freq_set
                0x0000000008002d0c       0x26 zephyr/libzephyr.a(log_output.c.obj)
                0x0000000008002d0c                log_output_timestamp_freq_set
 .text.format_set
                0x0000000008002d32        0xc zephyr/libzephyr.a(log_backend_uart.c.obj)
 .text.log_backend_uart_init
                0x0000000008002d3e        0xc zephyr/libzephyr.a(log_backend_uart.c.obj)
 .text.panic    0x0000000008002d4a       0x52 zephyr/libzephyr.a(log_backend_uart.c.obj)
 .text.dropped  0x0000000008002d9c        0x8 zephyr/libzephyr.a(log_backend_uart.c.obj)
 .text.process  0x0000000008002da4       0x24 zephyr/libzephyr.a(log_backend_uart.c.obj)
 .text.char_out
                0x0000000008002dc8       0x42 zephyr/libzephyr.a(log_backend_uart.c.obj)
 .text.sys_trace_idle
                0x0000000008002e0a        0x2 zephyr/libzephyr.a(tracing_none.c.obj)
                0x0000000008002e0a                sys_trace_idle
 .text.sys_trace_idle_exit
                0x0000000008002e0c        0x2 zephyr/libzephyr.a(tracing_none.c.obj)
                0x0000000008002e0c                sys_trace_idle_exit
 .text.gpio_pin_configure_dt
                0x0000000008002e0e       0x60 zephyr/libzephyr.a(mipi_dbi_spi.c.obj)
 .text.gpio_pin_set_dt
                0x0000000008002e6e       0x2a zephyr/libzephyr.a(mipi_dbi_spi.c.obj)
 .text.mipi_dbi_spi_release
                0x0000000008002e98        0xc zephyr/libzephyr.a(mipi_dbi_spi.c.obj)
 .text.mipi_dbi_spi_reset
                0x0000000008002ea4       0x48 zephyr/libzephyr.a(mipi_dbi_spi.c.obj)
 .text.mipi_dbi_spi_init
                0x0000000008002eec       0xa4 zephyr/libzephyr.a(mipi_dbi_spi.c.obj)
 .text.mipi_dbi_spi_write_helper
                0x0000000008002f90       0xd4 zephyr/libzephyr.a(mipi_dbi_spi.c.obj)
 .text.mipi_dbi_spi_write_display
                0x0000000008003064        0xa zephyr/libzephyr.a(mipi_dbi_spi.c.obj)
 .text.mipi_dbi_spi_command_write
                0x000000000800306e        0xa zephyr/libzephyr.a(mipi_dbi_spi.c.obj)
 .text.arch_early_memset
                0x0000000008003078        0x4 zephyr/arch/common/libarch__common.a(init.c.obj)
                0x0000000008003078                arch_early_memset
 .text.arch_early_memcpy
                0x000000000800307c        0x4 zephyr/arch/common/libarch__common.a(init.c.obj)
                0x000000000800307c                arch_early_memcpy
 .text.arch_bss_zero
                0x0000000008003080       0x14 zephyr/arch/common/libarch__common.a(init.c.obj)
                0x0000000008003080                arch_bss_zero
 .text.arch_data_copy
                0x0000000008003094       0x48 zephyr/arch/common/libarch__common.a(xip.c.obj)
                0x0000000008003094                arch_data_copy
 .text.arch_cpu_idle
                0x00000000080030dc       0x1c zephyr/arch/arch/riscv/core/libarch__riscv__core.a(cpu_idle.c.obj)
                0x00000000080030dc                arch_cpu_idle
 .text.z_log_msg_simple_create_2.constprop.0
                0x00000000080030f8        0xc zephyr/arch/arch/riscv/core/libarch__riscv__core.a(fatal.c.obj)
 .text.z_riscv_get_sp_before_exc
                0x0000000008003104        0x6 zephyr/arch/arch/riscv/core/libarch__riscv__core.a(fatal.c.obj)
                0x0000000008003104                z_riscv_get_sp_before_exc
 .text.z_riscv_fatal_error
                0x000000000800310a      0x246 zephyr/arch/arch/riscv/core/libarch__riscv__core.a(fatal.c.obj)
                0x000000000800310a                z_riscv_fatal_error
 .text.z_riscv_fault
                0x0000000008003350        0xc zephyr/arch/arch/riscv/core/libarch__riscv__core.a(fatal.c.obj)
                0x0000000008003350                z_riscv_fault
 .text.z_irq_spurious
                0x000000000800335c       0x2a zephyr/arch/arch/riscv/core/libarch__riscv__core.a(irq_manage.c.obj)
                0x000000000800335c                z_irq_spurious
 .text.z_prep_c
                0x0000000008003386       0x14 zephyr/arch/arch/riscv/core/libarch__riscv__core.a(prep_c.c.obj)
                0x0000000008003386                z_prep_c
 .text.arch_new_thread
                0x000000000800339a       0x38 zephyr/arch/arch/riscv/core/libarch__riscv__core.a(thread.c.obj)
                0x000000000800339a                arch_new_thread
 .text.arch_coprocessors_disable
                0x00000000080033d2        0x6 zephyr/arch/arch/riscv/core/libarch__riscv__core.a(thread.c.obj)
                0x00000000080033d2                arch_coprocessors_disable
 .text.arch_tls_stack_setup
                0x00000000080033d8       0x54 zephyr/arch/arch/riscv/core/libarch__riscv__core.a(tls.c.obj)
                0x00000000080033d8                arch_tls_stack_setup
 .text.in_stack_bound
                0x000000000800342c       0x38 zephyr/arch/arch/riscv/core/libarch__riscv__core.a(stacktrace.c.obj)
 .text.walk_stackframe
                0x0000000008003464       0xc2 zephyr/arch/arch/riscv/core/libarch__riscv__core.a(stacktrace.c.obj)
 .text.in_fatal_stack_bound
                0x0000000008003526       0x32 zephyr/arch/arch/riscv/core/libarch__riscv__core.a(stacktrace.c.obj)
 .text.print_trace_address
                0x0000000008003558       0x4e zephyr/arch/arch/riscv/core/libarch__riscv__core.a(stacktrace.c.obj)
 .text.z_riscv_unwind_stack
                0x00000000080035a6       0x5c zephyr/arch/arch/riscv/core/libarch__riscv__core.a(stacktrace.c.obj)
                0x00000000080035a6                z_riscv_unwind_stack
 .text.cbputc   0x0000000008003602       0x12 zephyr/lib/libc/picolibc/liblib__libc__picolibc.a(cbprintf.c.obj)
 .text.cbvprintf
                0x0000000008003614       0x32 zephyr/lib/libc/picolibc/liblib__libc__picolibc.a(cbprintf.c.obj)
                0x0000000008003614                cbvprintf
 .text.z_impl_zephyr_fputc
                0x0000000008003646       0x12 zephyr/lib/libc/picolibc/liblib__libc__picolibc.a(stdio.c.obj)
                0x0000000008003646                z_impl_zephyr_fputc
 .text.picolibc_put
                0x0000000008003658        0xe zephyr/lib/libc/picolibc/liblib__libc__picolibc.a(stdio.c.obj)
 .text.__stdout_hook_install
                0x0000000008003666       0x1a zephyr/lib/libc/picolibc/liblib__libc__picolibc.a(stdio.c.obj)
                0x0000000008003666                __stdout_hook_install
 .text.malloc_prepare
                0x0000000008003680       0x24 zephyr/lib/libc/common/liblib__libc__common.a(malloc.c.obj)
 .text.clic_init
                0x00000000080036a4       0x52 zephyr/drivers/interrupt_controller/libdrivers__interrupt_controller.a(intc_clic.c.obj)
 .text.riscv_clic_irq_enable
                0x00000000080036f6       0x16 zephyr/drivers/interrupt_controller/libdrivers__interrupt_controller.a(intc_clic.c.obj)
                0x00000000080036f6                riscv_clic_irq_enable
 .text.riscv_clic_irq_priority_set
                0x000000000800370c       0x7e zephyr/drivers/interrupt_controller/libdrivers__interrupt_controller.a(intc_clic.c.obj)
                0x000000000800370c                riscv_clic_irq_priority_set
 .text.gd32_exti_isr
                0x000000000800378a       0x62 zephyr/drivers/interrupt_controller/libdrivers__interrupt_controller.a(intc_gd32_exti.c.obj)
 .text.gd32_exti_init
                0x00000000080037ec       0x56 zephyr/drivers/interrupt_controller/libdrivers__interrupt_controller.a(intc_gd32_exti.c.obj)
 .text.gd32_exti_enable
                0x0000000008003842       0x26 zephyr/drivers/interrupt_controller/libdrivers__interrupt_controller.a(intc_gd32_exti.c.obj)
                0x0000000008003842                gd32_exti_enable
 .text.gd32_exti_disable
                0x0000000008003868       0x1a zephyr/drivers/interrupt_controller/libdrivers__interrupt_controller.a(intc_gd32_exti.c.obj)
                0x0000000008003868                gd32_exti_disable
 .text.gd32_exti_trigger
                0x0000000008003882       0x42 zephyr/drivers/interrupt_controller/libdrivers__interrupt_controller.a(intc_gd32_exti.c.obj)
                0x0000000008003882                gd32_exti_trigger
 .text.gd32_exti_configure
                0x00000000080038c4       0x22 zephyr/drivers/interrupt_controller/libdrivers__interrupt_controller.a(intc_gd32_exti.c.obj)
                0x00000000080038c4                gd32_exti_configure
 .text.clock_control_gd32_on
                0x00000000080038e6       0x22 zephyr/drivers/clock_control/libdrivers__clock_control.a(clock_control_gd32.c.obj)
 .text.clock_control_gd32_off
                0x0000000008003908       0x26 zephyr/drivers/clock_control/libdrivers__clock_control.a(clock_control_gd32.c.obj)
 .text.clock_control_gd32_get_rate
                0x000000000800392e       0x80 zephyr/drivers/clock_control/libdrivers__clock_control.a(clock_control_gd32.c.obj)
 .text.clock_control_gd32_get_status
                0x00000000080039ae       0x24 zephyr/drivers/clock_control/libdrivers__clock_control.a(clock_control_gd32.c.obj)
 .text.uart_console_init
                0x00000000080039d2       0x36 zephyr/drivers/console/libdrivers__console.a(uart_console.c.obj)
 .text.console_out
                0x0000000008003a08       0x46 zephyr/drivers/console/libdrivers__console.a(uart_console.c.obj)
 .text.st7735r_get_capabilities
                0x0000000008003a4e       0x50 zephyr/drivers/display/libdrivers__display.a(display_st7735r.c.obj)
 .text.st7735r_transmit_hold.isra.0
                0x0000000008003a9e       0x1e zephyr/drivers/display/libdrivers__display.a(display_st7735r.c.obj)
 .text.mipi_dbi_release.isra.0
                0x0000000008003abc        0xa zephyr/drivers/display/libdrivers__display.a(display_st7735r.c.obj)
 .text.st7735r_transmit.isra.0
                0x0000000008003ac6       0x22 zephyr/drivers/display/libdrivers__display.a(display_st7735r.c.obj)
 .text.st7735r_blanking_off
                0x0000000008003ae8        0xc zephyr/drivers/display/libdrivers__display.a(display_st7735r.c.obj)
 .text.st7735r_blanking_on
                0x0000000008003af4        0xc zephyr/drivers/display/libdrivers__display.a(display_st7735r.c.obj)
 .text.st7735r_write
                0x0000000008003b00      0x1a0 zephyr/drivers/display/libdrivers__display.a(display_st7735r.c.obj)
 .text.st7735r_set_orientation.part.0
                0x0000000008003ca0       0x24 zephyr/drivers/display/libdrivers__display.a(display_st7735r.c.obj)
 .text.st7735r_set_orientation
                0x0000000008003cc4        0x8 zephyr/drivers/display/libdrivers__display.a(display_st7735r.c.obj)
 .text.st7735r_set_pixel_format.part.0
                0x0000000008003ccc       0x24 zephyr/drivers/display/libdrivers__display.a(display_st7735r.c.obj)
 .text.st7735r_set_pixel_format
                0x0000000008003cf0       0x26 zephyr/drivers/display/libdrivers__display.a(display_st7735r.c.obj)
 .text.st7735r_init
                0x0000000008003d16      0x2ba zephyr/drivers/display/libdrivers__display.a(display_st7735r.c.obj)
 .text.gpio_gd32_configure
                0x0000000008003fd0       0xa2 zephyr/drivers/gpio/libdrivers__gpio.a(gpio_gd32.c.obj)
 .text.gpio_gd32_port_get_raw
                0x0000000008004072        0xc zephyr/drivers/gpio/libdrivers__gpio.a(gpio_gd32.c.obj)
 .text.gpio_gd32_port_set_masked_raw
                0x000000000800407e       0x12 zephyr/drivers/gpio/libdrivers__gpio.a(gpio_gd32.c.obj)
 .text.gpio_gd32_port_set_bits_raw
                0x0000000008004090        0xa zephyr/drivers/gpio/libdrivers__gpio.a(gpio_gd32.c.obj)
 .text.gpio_gd32_port_clear_bits_raw
                0x000000000800409a        0xa zephyr/drivers/gpio/libdrivers__gpio.a(gpio_gd32.c.obj)
 .text.gpio_gd32_port_toggle_bits
                0x00000000080040a4        0xe zephyr/drivers/gpio/libdrivers__gpio.a(gpio_gd32.c.obj)
 .text.gpio_gd32_manage_callback
                0x00000000080040b2       0x4a zephyr/drivers/gpio/libdrivers__gpio.a(gpio_gd32.c.obj)
 .text.clock_control_on.constprop.0.isra.0
                0x00000000080040fc       0x18 zephyr/drivers/gpio/libdrivers__gpio.a(gpio_gd32.c.obj)
 .text.gpio_gd32_pin_interrupt_configure
                0x0000000008004114       0xda zephyr/drivers/gpio/libdrivers__gpio.a(gpio_gd32.c.obj)
 .text.gpio_gd32_isr
                0x00000000080041ee       0x42 zephyr/drivers/gpio/libdrivers__gpio.a(gpio_gd32.c.obj)
 .text.gpio_gd32_init
                0x0000000008004230       0x2e zephyr/drivers/gpio/libdrivers__gpio.a(gpio_gd32.c.obj)
 .text.k_sem_give
                0x000000000800425e        0x4 zephyr/drivers/i2c/libdrivers__i2c.a(i2c_gd32.c.obj)
 .text.i2c_gd32_handle_tbe
                0x0000000008004262       0x58 zephyr/drivers/i2c/libdrivers__i2c.a(i2c_gd32.c.obj)
 .text.i2c_gd32_error_isr
                0x00000000080042ba       0x74 zephyr/drivers/i2c/libdrivers__i2c.a(i2c_gd32.c.obj)
 .text.i2c_gd32_irq_cfg_func_0
                0x000000000800432e       0x30 zephyr/drivers/i2c/libdrivers__i2c.a(i2c_gd32.c.obj)
 .text.i2c_gd32_xfer_read
                0x000000000800435e       0x2c zephyr/drivers/i2c/libdrivers__i2c.a(i2c_gd32.c.obj)
 .text.i2c_gd32_handle_rbne
                0x000000000800438a       0x4c zephyr/drivers/i2c/libdrivers__i2c.a(i2c_gd32.c.obj)
 .text.i2c_gd32_event_isr
                0x00000000080043d6      0x13e zephyr/drivers/i2c/libdrivers__i2c.a(i2c_gd32.c.obj)
 .text.i2c_gd32_msg_read
                0x0000000008004514       0xea zephyr/drivers/i2c/libdrivers__i2c.a(i2c_gd32.c.obj)
 .text.i2c_gd32_transfer
                0x00000000080045fe      0x19e zephyr/drivers/i2c/libdrivers__i2c.a(i2c_gd32.c.obj)
 .text.i2c_gd32_configure
                0x000000000800479c      0x20a zephyr/drivers/i2c/libdrivers__i2c.a(i2c_gd32.c.obj)
 .text.i2c_gd32_init
                0x00000000080049a6       0xd6 zephyr/drivers/i2c/libdrivers__i2c.a(i2c_gd32.c.obj)
 .text.pinctrl_lookup_state
                0x0000000008004a7c       0x26 zephyr/drivers/pinctrl/libdrivers__pinctrl.a(common.c.obj)
                0x0000000008004a7c                pinctrl_lookup_state
 .text.clock_control_on.constprop.0.isra.0
                0x0000000008004aa2       0x18 zephyr/drivers/pinctrl/libdrivers__pinctrl.a(pinctrl_gd32_afio.c.obj)
 .text.afio_init
                0x0000000008004aba       0x1c zephyr/drivers/pinctrl/libdrivers__pinctrl.a(pinctrl_gd32_afio.c.obj)
 .text.pinctrl_configure_pins
                0x0000000008004ad6      0x168 zephyr/drivers/pinctrl/libdrivers__pinctrl.a(pinctrl_gd32_afio.c.obj)
                0x0000000008004ad6                pinctrl_configure_pins
 .text.reset_gd32_status
                0x0000000008004c3e       0x24 zephyr/drivers/reset/libdrivers__reset.a(reset_gd32.c.obj)
 .text.reset_gd32_line_assert
                0x0000000008004c62       0x1e zephyr/drivers/reset/libdrivers__reset.a(reset_gd32.c.obj)
 .text.reset_gd32_line_deassert
                0x0000000008004c80       0x22 zephyr/drivers/reset/libdrivers__reset.a(reset_gd32.c.obj)
 .text.reset_gd32_line_toggle
                0x0000000008004ca2       0x24 zephyr/drivers/reset/libdrivers__reset.a(reset_gd32.c.obj)
 .text.usart_gd32_isr
                0x0000000008004cc6        0xc zephyr/drivers/serial/libdrivers__serial.a(usart_gd32.c.obj)
 .text.usart_gd32_irq_update
                0x0000000008004cd2        0x4 zephyr/drivers/serial/libdrivers__serial.a(usart_gd32.c.obj)
                0x0000000008004cd2                usart_gd32_irq_update
 .text.usart_gd32_irq_callback_set
                0x0000000008004cd6        0x8 zephyr/drivers/serial/libdrivers__serial.a(usart_gd32.c.obj)
                0x0000000008004cd6                usart_gd32_irq_callback_set
 .text.usart_gd32_fifo_fill
                0x0000000008004cde       0x4e zephyr/drivers/serial/libdrivers__serial.a(usart_gd32.c.obj)
                0x0000000008004cde                usart_gd32_fifo_fill
 .text.usart_gd32_irq_tx_complete
                0x0000000008004d2c        0xa zephyr/drivers/serial/libdrivers__serial.a(usart_gd32.c.obj)
                0x0000000008004d2c                usart_gd32_irq_tx_complete
 .text.usart_gd32_irq_rx_ready
                0x0000000008004d36        0xa zephyr/drivers/serial/libdrivers__serial.a(usart_gd32.c.obj)
                0x0000000008004d36                usart_gd32_irq_rx_ready
 .text.usart_gd32_poll_out
                0x0000000008004d40       0x20 zephyr/drivers/serial/libdrivers__serial.a(usart_gd32.c.obj)
 .text.usart_gd32_fifo_read
                0x0000000008004d60       0x4e zephyr/drivers/serial/libdrivers__serial.a(usart_gd32.c.obj)
                0x0000000008004d60                usart_gd32_fifo_read
 .text.usart_gd32_poll_in
                0x0000000008004dae       0x30 zephyr/drivers/serial/libdrivers__serial.a(usart_gd32.c.obj)
 .text.usart_gd32_irq_tx_enable
                0x0000000008004dde        0xc zephyr/drivers/serial/libdrivers__serial.a(usart_gd32.c.obj)
                0x0000000008004dde                usart_gd32_irq_tx_enable
 .text.usart_gd32_irq_rx_enable
                0x0000000008004dea        0xc zephyr/drivers/serial/libdrivers__serial.a(usart_gd32.c.obj)
                0x0000000008004dea                usart_gd32_irq_rx_enable
 .text.usart_gd32_irq_err_enable
                0x0000000008004df6       0x22 zephyr/drivers/serial/libdrivers__serial.a(usart_gd32.c.obj)
                0x0000000008004df6                usart_gd32_irq_err_enable
 .text.usart_gd32_irq_tx_disable
                0x0000000008004e18        0xc zephyr/drivers/serial/libdrivers__serial.a(usart_gd32.c.obj)
                0x0000000008004e18                usart_gd32_irq_tx_disable
 .text.usart_gd32_irq_rx_disable
                0x0000000008004e24        0xc zephyr/drivers/serial/libdrivers__serial.a(usart_gd32.c.obj)
                0x0000000008004e24                usart_gd32_irq_rx_disable
 .text.usart_gd32_irq_err_disable
                0x0000000008004e30       0x22 zephyr/drivers/serial/libdrivers__serial.a(usart_gd32.c.obj)
                0x0000000008004e30                usart_gd32_irq_err_disable
 .text.usart_gd32_irq_tx_ready
                0x0000000008004e52       0x30 zephyr/drivers/serial/libdrivers__serial.a(usart_gd32.c.obj)
                0x0000000008004e52                usart_gd32_irq_tx_ready
 .text.usart_gd32_irq_is_pending
                0x0000000008004e82       0x4e zephyr/drivers/serial/libdrivers__serial.a(usart_gd32.c.obj)
                0x0000000008004e82                usart_gd32_irq_is_pending
 .text.usart_gd32_err_check
                0x0000000008004ed0       0x4e zephyr/drivers/serial/libdrivers__serial.a(usart_gd32.c.obj)
 .text.usart_gd32_config_func_0
                0x0000000008004f1e       0x1c zephyr/drivers/serial/libdrivers__serial.a(usart_gd32.c.obj)
 .text.usart_gd32_init
                0x0000000008004f3a       0xd6 zephyr/drivers/serial/libdrivers__serial.a(usart_gd32.c.obj)
 .text.spi_context_get_next_buf
                0x0000000008005010       0x2c zephyr/drivers/spi/libdrivers__spi.a(spi_gd32.c.obj)
 .text.gpio_pin_set_dt.isra.0
                0x000000000800503c       0x2a zephyr/drivers/spi/libdrivers__spi.a(spi_gd32.c.obj)
 .text.spi_gd32_transceive
                0x0000000008005066      0x3fc zephyr/drivers/spi/libdrivers__spi.a(spi_gd32.c.obj)
 .text.spi_context_unlock_unconditionally
                0x0000000008005462       0x3e zephyr/drivers/spi/libdrivers__spi.a(spi_gd32.c.obj)
 .text.spi_gd32_release
                0x00000000080054a0       0x12 zephyr/drivers/spi/libdrivers__spi.a(spi_gd32.c.obj)
 .text.spi_gd32_init
                0x00000000080054b2      0x15c zephyr/drivers/spi/libdrivers__spi.a(spi_gd32.c.obj)
                0x00000000080054b2                spi_gd32_init
 .text.mtime    0x000000000800560e       0x10 zephyr/drivers/timer/libdrivers__timer.a(riscv_machine_timer.c.obj)
 .text.sys_clock_driver_init
                0x000000000800561e       0x70 zephyr/drivers/timer/libdrivers__timer.a(riscv_machine_timer.c.obj)
 .text.timer_isr
                0x000000000800568e       0x64 zephyr/drivers/timer/libdrivers__timer.a(riscv_machine_timer.c.obj)
 .text.sys_clock_set_timeout
                0x00000000080056f2       0xa4 zephyr/drivers/timer/libdrivers__timer.a(riscv_machine_timer.c.obj)
                0x00000000080056f2                sys_clock_set_timeout
 .text.sys_clock_elapsed
                0x0000000008005796       0x30 zephyr/drivers/timer/libdrivers__timer.a(riscv_machine_timer.c.obj)
                0x0000000008005796                sys_clock_elapsed
 .text.sys_clock_cycle_get_32
                0x00000000080057c6        0xe zephyr/drivers/timer/libdrivers__timer.a(riscv_machine_timer.c.obj)
                0x00000000080057c6                sys_clock_cycle_get_32
 .text.SystemInit
                0x00000000080057d4      0x11c modules/hal_gigadevice/libhal_gigadevice.a(system_gd32vf103.c.obj)
                0x00000000080057d4                SystemInit
 .text.rcu_clock_freq_get
                0x00000000080058f0      0x134 modules/hal_gigadevice/libhal_gigadevice.a(gd32vf103_rcu.c.obj)
                0x00000000080058f0                rcu_clock_freq_get
 .text.usart_baudrate_set
                0x0000000008005a24       0x64 modules/hal_gigadevice/libhal_gigadevice.a(gd32vf103_usart.c.obj)
                0x0000000008005a24                usart_baudrate_set
 .text.usart_parity_config
                0x0000000008005a88       0x10 modules/hal_gigadevice/libhal_gigadevice.a(gd32vf103_usart.c.obj)
                0x0000000008005a88                usart_parity_config
 .text.usart_word_length_set
                0x0000000008005a98       0x12 modules/hal_gigadevice/libhal_gigadevice.a(gd32vf103_usart.c.obj)
                0x0000000008005a98                usart_word_length_set
 .text.usart_stop_bit_set
                0x0000000008005aaa       0x12 modules/hal_gigadevice/libhal_gigadevice.a(gd32vf103_usart.c.obj)
                0x0000000008005aaa                usart_stop_bit_set
 .text.usart_enable
                0x0000000008005abc        0xa modules/hal_gigadevice/libhal_gigadevice.a(gd32vf103_usart.c.obj)
                0x0000000008005abc                usart_enable
 .text.usart_transmit_config
                0x0000000008005ac6        0xa modules/hal_gigadevice/libhal_gigadevice.a(gd32vf103_usart.c.obj)
                0x0000000008005ac6                usart_transmit_config
 .text.usart_receive_config
                0x0000000008005ad0        0xa modules/hal_gigadevice/libhal_gigadevice.a(gd32vf103_usart.c.obj)
                0x0000000008005ad0                usart_receive_config
 .text.usart_data_transmit
                0x0000000008005ada        0x8 modules/hal_gigadevice/libhal_gigadevice.a(gd32vf103_usart.c.obj)
                0x0000000008005ada                usart_data_transmit
 .text.usart_data_receive
                0x0000000008005ae2        0x8 modules/hal_gigadevice/libhal_gigadevice.a(gd32vf103_usart.c.obj)
                0x0000000008005ae2                usart_data_receive
 .text.usart_flag_get
                0x0000000008005aea       0x1a modules/hal_gigadevice/libhal_gigadevice.a(gd32vf103_usart.c.obj)
                0x0000000008005aea                usart_flag_get
 .text.usart_flag_clear
                0x0000000008005b04       0x1c modules/hal_gigadevice/libhal_gigadevice.a(gd32vf103_usart.c.obj)
                0x0000000008005b04                usart_flag_clear
 .text.usart_interrupt_enable
                0x0000000008005b20       0x18 modules/hal_gigadevice/libhal_gigadevice.a(gd32vf103_usart.c.obj)
                0x0000000008005b20                usart_interrupt_enable
 .text.usart_interrupt_disable
                0x0000000008005b38       0x1c modules/hal_gigadevice/libhal_gigadevice.a(gd32vf103_usart.c.obj)
                0x0000000008005b38                usart_interrupt_disable
 .text.usart_interrupt_flag_get
                0x0000000008005b54       0x2e modules/hal_gigadevice/libhal_gigadevice.a(gd32vf103_usart.c.obj)
                0x0000000008005b54                usart_interrupt_flag_get
 .text.z_impl_k_busy_wait
                0x0000000008005b82       0x30 zephyr/kernel/libkernel.a(busy_wait.c.obj)
                0x0000000008005b82                z_impl_k_busy_wait
 .text.do_device_init
                0x0000000008005bb2       0x48 zephyr/kernel/libkernel.a(device.c.obj)
                0x0000000008005bb2                do_device_init
 .text.z_impl_device_is_ready
                0x0000000008005bfa       0x1c zephyr/kernel/libkernel.a(device.c.obj)
                0x0000000008005bfa                z_impl_device_is_ready
 .text.arch_system_halt
                0x0000000008005c16        0x6 zephyr/kernel/libkernel.a(fatal.c.obj)
                0x0000000008005c16                arch_system_halt
 .text.k_sys_fatal_error_handler
                0x0000000008005c1c       0x28 zephyr/kernel/libkernel.a(fatal.c.obj)
                0x0000000008005c1c                k_sys_fatal_error_handler
 .text.z_fatal_error
                0x0000000008005c44      0x106 zephyr/kernel/libkernel.a(fatal.c.obj)
                0x0000000008005c44                z_fatal_error
 .text.z_sys_init_run_level
                0x0000000008005d4a       0x48 zephyr/kernel/libkernel.a(init.c.obj)
 .text.bg_thread_main
                0x0000000008005d92       0xc0 zephyr/kernel/libkernel.a(init.c.obj)
 .text.z_init_cpu
                0x0000000008005e52       0x7e zephyr/kernel/libkernel.a(init.c.obj)
                0x0000000008005e52                z_init_cpu
 .text.z_cstart
                0x0000000008005ed0       0xba zephyr/kernel/libkernel.a(init.c.obj)
                0x0000000008005ed0                z_cstart
 .text.idle     0x0000000008005f8a        0xe zephyr/kernel/libkernel.a(idle.c.obj)
                0x0000000008005f8a                idle
 .text.adjust_owner_prio.isra.0
                0x0000000008005f98       0x10 zephyr/kernel/libkernel.a(mutex.c.obj)
 .text.z_impl_k_mutex_init
                0x0000000008005fa8       0x10 zephyr/kernel/libkernel.a(mutex.c.obj)
                0x0000000008005fa8                z_impl_k_mutex_init
 .text.z_impl_k_mutex_lock
                0x0000000008005fb8       0xe2 zephyr/kernel/libkernel.a(mutex.c.obj)
                0x0000000008005fb8                z_impl_k_mutex_lock
 .text.z_impl_k_mutex_unlock
                0x000000000800609a       0xa0 zephyr/kernel/libkernel.a(mutex.c.obj)
                0x000000000800609a                z_impl_k_mutex_unlock
 .text.z_impl_k_sem_init
                0x000000000800613a       0x18 zephyr/kernel/libkernel.a(sem.c.obj)
                0x000000000800613a                z_impl_k_sem_init
 .text.z_impl_k_sem_give
                0x0000000008006152       0x6c zephyr/kernel/libkernel.a(sem.c.obj)
                0x0000000008006152                z_impl_k_sem_give
 .text.z_impl_k_sem_take
                0x00000000080061be       0x32 zephyr/kernel/libkernel.a(sem.c.obj)
                0x00000000080061be                z_impl_k_sem_take
 .text.z_impl_k_sem_reset
                0x00000000080061f0       0x7a zephyr/kernel/libkernel.a(sem.c.obj)
                0x00000000080061f0                z_impl_k_sem_reset
 .text.k_is_in_isr
                0x000000000800626a        0xa zephyr/kernel/libkernel.a(thread.c.obj)
                0x000000000800626a                k_is_in_isr
 .text.z_impl_k_thread_name_set
                0x0000000008006274        0x6 zephyr/kernel/libkernel.a(thread.c.obj)
                0x0000000008006274                z_impl_k_thread_name_set
 .text.k_thread_name_get
                0x000000000800627a        0x4 zephyr/kernel/libkernel.a(thread.c.obj)
                0x000000000800627a                k_thread_name_get
 .text.z_setup_new_thread
                0x000000000800627e       0x94 zephyr/kernel/libkernel.a(thread.c.obj)
                0x000000000800627e                z_setup_new_thread
 .text.z_impl_k_thread_create
                0x0000000008006312       0x54 zephyr/kernel/libkernel.a(thread.c.obj)
                0x0000000008006312                z_impl_k_thread_create
 .text.z_dummy_thread_init
                0x0000000008006366       0x1e zephyr/kernel/libkernel.a(thread.c.obj)
                0x0000000008006366                z_dummy_thread_init
 .text.sys_dlist_remove
                0x0000000008006384       0x12 zephyr/kernel/libkernel.a(sched.c.obj)
 .text.unpend_thread_no_timeout
                0x0000000008006396       0x22 zephyr/kernel/libkernel.a(sched.c.obj)
 .text.ready_thread
                0x00000000080063b8       0xa0 zephyr/kernel/libkernel.a(sched.c.obj)
 .text.unready_thread
                0x0000000008006458       0x70 zephyr/kernel/libkernel.a(sched.c.obj)
 .text.add_thread_timeout
                0x00000000080064c8       0x1e zephyr/kernel/libkernel.a(sched.c.obj)
 .text.z_swap   0x00000000080064e6       0x60 zephyr/kernel/libkernel.a(sched.c.obj)
 .text.add_to_waitq_locked
                0x0000000008006546       0x60 zephyr/kernel/libkernel.a(sched.c.obj)
 .text.move_current_to_end_of_prio_q
                0x00000000080065a6       0x7e zephyr/kernel/libkernel.a(sched.c.obj)
                0x00000000080065a6                move_current_to_end_of_prio_q
 .text.z_ready_thread
                0x0000000008006624       0x1c zephyr/kernel/libkernel.a(sched.c.obj)
                0x0000000008006624                z_ready_thread
 .text.z_unpend_thread_no_timeout
                0x0000000008006640       0x20 zephyr/kernel/libkernel.a(sched.c.obj)
                0x0000000008006640                z_unpend_thread_no_timeout
 .text.z_sched_wake_thread
                0x0000000008006660       0x40 zephyr/kernel/libkernel.a(sched.c.obj)
                0x0000000008006660                z_sched_wake_thread
 .text.z_thread_timeout
                0x00000000080066a0        0x8 zephyr/kernel/libkernel.a(sched.c.obj)
                0x00000000080066a0                z_thread_timeout
 .text.z_pend_curr
                0x00000000080066a8       0x40 zephyr/kernel/libkernel.a(sched.c.obj)
                0x00000000080066a8                z_pend_curr
 .text.z_unpend1_no_timeout
                0x00000000080066e8       0x2e zephyr/kernel/libkernel.a(sched.c.obj)
                0x00000000080066e8                z_unpend1_no_timeout
 .text.z_thread_prio_set
                0x0000000008006716      0x110 zephyr/kernel/libkernel.a(sched.c.obj)
                0x0000000008006716                z_thread_prio_set
 .text.z_reschedule
                0x0000000008006826       0x20 zephyr/kernel/libkernel.a(sched.c.obj)
                0x0000000008006826                z_reschedule
 .text.z_reschedule_irqlock
                0x0000000008006846       0x50 zephyr/kernel/libkernel.a(sched.c.obj)
                0x0000000008006846                z_reschedule_irqlock
 .text.k_sched_lock
                0x0000000008006896       0x1c zephyr/kernel/libkernel.a(sched.c.obj)
                0x0000000008006896                k_sched_lock
 .text.k_sched_unlock
                0x00000000080068b2       0x6a zephyr/kernel/libkernel.a(sched.c.obj)
                0x00000000080068b2                k_sched_unlock
 .text.z_swap_next_thread
                0x000000000800691c        0x8 zephyr/kernel/libkernel.a(sched.c.obj)
                0x000000000800691c                z_swap_next_thread
 .text.z_get_next_switch_handle
                0x0000000008006924       0x14 zephyr/kernel/libkernel.a(sched.c.obj)
                0x0000000008006924                z_get_next_switch_handle
 .text.z_sched_init
                0x0000000008006938        0xe zephyr/kernel/libkernel.a(sched.c.obj)
                0x0000000008006938                z_sched_init
 .text.z_impl_k_yield
                0x0000000008006946       0x8c zephyr/kernel/libkernel.a(sched.c.obj)
                0x0000000008006946                z_impl_k_yield
 .text.z_tick_sleep
                0x00000000080069d2       0x7c zephyr/kernel/libkernel.a(sched.c.obj)
 .text.z_impl_k_sleep
                0x0000000008006a4e       0x4a zephyr/kernel/libkernel.a(sched.c.obj)
                0x0000000008006a4e                z_impl_k_sleep
 .text.z_impl_k_wakeup
                0x0000000008006a98       0x42 zephyr/kernel/libkernel.a(sched.c.obj)
                0x0000000008006a98                z_impl_k_wakeup
 .text.z_impl_k_sched_current_thread_query
                0x0000000008006ada        0x8 zephyr/kernel/libkernel.a(sched.c.obj)
                0x0000000008006ada                z_impl_k_sched_current_thread_query
 .text.z_thread_abort
                0x0000000008006ae2      0x138 zephyr/kernel/libkernel.a(sched.c.obj)
                0x0000000008006ae2                z_thread_abort
 .text.z_impl_k_thread_abort
                0x0000000008006c1a        0x4 zephyr/kernel/libkernel.a(sched.c.obj)
                0x0000000008006c1a                z_impl_k_thread_abort
 .text.slice_timeout
                0x0000000008006c1e       0x24 zephyr/kernel/libkernel.a(timeslicing.c.obj)
 .text.thread_is_sliceable
                0x0000000008006c42       0x3c zephyr/kernel/libkernel.a(timeslicing.c.obj)
                0x0000000008006c42                thread_is_sliceable
 .text.z_reset_time_slice
                0x0000000008006c7e       0x5e zephyr/kernel/libkernel.a(timeslicing.c.obj)
                0x0000000008006c7e                z_reset_time_slice
 .text.z_time_slice
                0x0000000008006cdc       0x4c zephyr/kernel/libkernel.a(timeslicing.c.obj)
                0x0000000008006cdc                z_time_slice
 .text.first    0x0000000008006d28        0xe zephyr/kernel/libkernel.a(timeout.c.obj)
 .text.next_timeout
                0x0000000008006d36       0x42 zephyr/kernel/libkernel.a(timeout.c.obj)
 .text.elapsed  0x0000000008006d78        0xe zephyr/kernel/libkernel.a(timeout.c.obj)
 .text.remove_timeout
                0x0000000008006d86       0x38 zephyr/kernel/libkernel.a(timeout.c.obj)
 .text.z_add_timeout
                0x0000000008006dbe      0x158 zephyr/kernel/libkernel.a(timeout.c.obj)
                0x0000000008006dbe                z_add_timeout
 .text.z_abort_timeout
                0x0000000008006f16       0x54 zephyr/kernel/libkernel.a(timeout.c.obj)
                0x0000000008006f16                z_abort_timeout
 .text.sys_clock_announce
                0x0000000008006f6a       0xc6 zephyr/kernel/libkernel.a(timeout.c.obj)
                0x0000000008006f6a                sys_clock_announce
 .text.sys_clock_tick_get
                0x0000000008007030       0x34 zephyr/kernel/libkernel.a(timeout.c.obj)
                0x0000000008007030                sys_clock_tick_get
 .text.sys_clock_tick_get_32
                0x0000000008007064        0xe zephyr/kernel/libkernel.a(timeout.c.obj)
                0x0000000008007064                sys_clock_tick_get_32
 .text.z_impl_k_uptime_ticks
                0x0000000008007072        0x4 zephyr/kernel/libkernel.a(timeout.c.obj)
                0x0000000008007072                z_impl_k_uptime_ticks
 .text.z_timer_expiration_handler
                0x0000000008007076      0x132 zephyr/kernel/libkernel.a(timer.c.obj)
                0x0000000008007076                z_timer_expiration_handler
 .text.k_timer_init
                0x00000000080071a8       0x1e zephyr/kernel/libkernel.a(timer.c.obj)
                0x00000000080071a8                k_timer_init
 .text.z_impl_k_timer_start
                0x00000000080071c6       0x82 zephyr/kernel/libkernel.a(timer.c.obj)
                0x00000000080071c6                z_impl_k_timer_start
 .text.z_impl_k_timer_stop
                0x0000000008007248       0x3a zephyr/kernel/libkernel.a(timer.c.obj)
                0x0000000008007248                z_impl_k_timer_stop
 .text.boot_banner
                0x0000000008007282        0xc zephyr/kernel/libkernel.a(banner.c.obj)
                0x0000000008007282                boot_banner
 .text.strlen   0x000000000800728e       0x12 /home/dinesh/zephyr-sdk-0.17.4/riscv64-zephyr-elf/bin/../lib/gcc/../../picolibc/riscv64-zephyr-elf/lib/rv32imac_zicsr_zifencei/ilp32/libc.a(strlen.c.o)
                0x000000000800728e                strlen
 .text.atoi     0x00000000080072a0        0x6 /home/dinesh/zephyr-sdk-0.17.4/riscv64-zephyr-elf/bin/../lib/gcc/../../picolibc/riscv64-zephyr-elf/lib/rv32imac_zicsr_zifencei/ilp32/libc.a(libc_stdlib_atoi.c.o)
                0x00000000080072a0                atoi
 .text.strncmp  0x00000000080072a6       0x2c /home/dinesh/zephyr-sdk-0.17.4/riscv64-zephyr-elf/bin/../lib/gcc/../../picolibc/riscv64-zephyr-elf/lib/rv32imac_zicsr_zifencei/ilp32/libc.a(libc_string_strncmp.c.o)
                0x00000000080072a6                strncmp
 .text.strnlen  0x00000000080072d2       0x18 /home/dinesh/zephyr-sdk-0.17.4/riscv64-zephyr-elf/bin/../lib/gcc/../../picolibc/riscv64-zephyr-elf/lib/rv32imac_zicsr_zifencei/ilp32/libc.a(libc_string_strnlen.c.o)
                0x00000000080072d2                strnlen
 .text.snprintf
                0x00000000080072ea       0x66 /home/dinesh/zephyr-sdk-0.17.4/riscv64-zephyr-elf/bin/../lib/gcc/../../picolibc/riscv64-zephyr-elf/lib/rv32imac_zicsr_zifencei/ilp32/libc.a(libc_tinystdio_snprintf.c.o)
                0x00000000080072ea                snprintf
 .text.strtol   0x0000000008007350      0x104 /home/dinesh/zephyr-sdk-0.17.4/riscv64-zephyr-elf/bin/../lib/gcc/../../picolibc/riscv64-zephyr-elf/lib/rv32imac_zicsr_zifencei/ilp32/libc.a(libc_tinystdio_strtol.c.o)
                0x0000000008007350                strtol
 .text.__ultoa_invert
                0x0000000008007454      0x110 /home/dinesh/zephyr-sdk-0.17.4/riscv64-zephyr-elf/bin/../lib/gcc/../../picolibc/riscv64-zephyr-elf/lib/rv32imac_zicsr_zifencei/ilp32/libc.a(libc_tinystdio_vflprintf.c.o)
 .text.__l_vfprintf
                0x0000000008007564      0x500 /home/dinesh/zephyr-sdk-0.17.4/riscv64-zephyr-elf/bin/../lib/gcc/../../picolibc/riscv64-zephyr-elf/lib/rv32imac_zicsr_zifencei/ilp32/libc.a(libc_tinystdio_vflprintf.c.o)
                0x0000000008007564                __l_vfprintf
 .text.__file_str_put
                0x0000000008007a64       0x14 /home/dinesh/zephyr-sdk-0.17.4/riscv64-zephyr-elf/bin/../lib/gcc/../../picolibc/riscv64-zephyr-elf/lib/rv32imac_zicsr_zifencei/ilp32/libc.a(libc_tinystdio_filestrput.c.o)
                0x0000000008007a64                __file_str_put
 .text.memcpy   0x0000000008007a78       0x16 /home/dinesh/zephyr-sdk-0.17.4/riscv64-zephyr-elf/bin/../lib/gcc/../../picolibc/riscv64-zephyr-elf/lib/rv32imac_zicsr_zifencei/ilp32/libc.a(memcpy-asm.S.o)
                0x0000000008007a78                memcpy
 .text.memset   0x0000000008007a8e       0x10 /home/dinesh/zephyr-sdk-0.17.4/riscv64-zephyr-elf/bin/../lib/gcc/../../picolibc/riscv64-zephyr-elf/lib/rv32imac_zicsr_zifencei/ilp32/libc.a(memset.S.o)
                0x0000000008007a8e                memset
 .text.strcmp   0x0000000008007a9e       0x18 /home/dinesh/zephyr-sdk-0.17.4/riscv64-zephyr-elf/bin/../lib/gcc/../../picolibc/riscv64-zephyr-elf/lib/rv32imac_zicsr_zifencei/ilp32/libc.a(strcmp.S.o)
                0x0000000008007a9e                strcmp
 *(SORT_BY_ALIGNMENT(.gnu.linkonce.t.*))
                0x0000000008007ab6                __text_region_end = .
                0x0000000008007ab6                __rodata_region_start = .

initlevel       0x0000000008007ab8       0x90
                0x0000000008007ab8                __init_start = .
                0x0000000008007ab8                __init_EARLY_start = .
 *(SORT_BY_NAME(SORT_BY_ALIGNMENT(.z_init_EARLY_P_?_*)))
 *(SORT_BY_NAME(SORT_BY_ALIGNMENT(.z_init_EARLY_P_??_*)))
 *(SORT_BY_NAME(SORT_BY_ALIGNMENT(.z_init_EARLY_P_???_*)))
                0x0000000008007ab8                __init_PRE_KERNEL_1_start = .
 *(SORT_BY_NAME(SORT_BY_ALIGNMENT(.z_init_PRE_KERNEL_1_P_?_*)))
 *(SORT_BY_NAME(SORT_BY_ALIGNMENT(.z_init_PRE_KERNEL_1_P_??_*)))
 .z_init_PRE_KERNEL_1_P_30_SUB_00009_
                0x0000000008007ab8        0x8 zephyr/drivers/clock_control/libdrivers__clock_control.a(clock_control_gd32.c.obj)
 .z_init_PRE_KERNEL_1_P_35_SUB_00010_
                0x0000000008007ac0        0x8 zephyr/drivers/reset/libdrivers__reset.a(reset_gd32.c.obj)
 .z_init_PRE_KERNEL_1_P_40_SUB_00011_
                0x0000000008007ac8        0x8 zephyr/drivers/gpio/libdrivers__gpio.a(gpio_gd32.c.obj)
 .z_init_PRE_KERNEL_1_P_40_SUB_00014_
                0x0000000008007ad0        0x8 zephyr/drivers/gpio/libdrivers__gpio.a(gpio_gd32.c.obj)
 .z_init_PRE_KERNEL_1_P_40_SUB_00019_
                0x0000000008007ad8        0x8 zephyr/drivers/interrupt_controller/libdrivers__interrupt_controller.a(intc_clic.c.obj)
 .z_init_PRE_KERNEL_1_P_40_SUB_00020_
                0x0000000008007ae0        0x8 zephyr/drivers/gpio/libdrivers__gpio.a(gpio_gd32.c.obj)
 .z_init_PRE_KERNEL_1_P_40_SUB_00041_
                0x0000000008007ae8        0x8 zephyr/drivers/interrupt_controller/libdrivers__interrupt_controller.a(intc_gd32_exti.c.obj)
 .z_init_PRE_KERNEL_1_P_40_SUB_0_
                0x0000000008007af0        0x8 zephyr/drivers/pinctrl/libdrivers__pinctrl.a(pinctrl_gd32_afio.c.obj)
 .z_init_PRE_KERNEL_1_P_50_SUB_00047_
                0x0000000008007af8        0x8 zephyr/drivers/serial/libdrivers__serial.a(usart_gd32.c.obj)
 .z_init_PRE_KERNEL_1_P_60_SUB_0_
                0x0000000008007b00        0x8 zephyr/drivers/console/libdrivers__console.a(uart_console.c.obj)
 *(SORT_BY_NAME(SORT_BY_ALIGNMENT(.z_init_PRE_KERNEL_1_P_???_*)))
                0x0000000008007b08                __init_PRE_KERNEL_2_start = .
 *(SORT_BY_NAME(SORT_BY_ALIGNMENT(.z_init_PRE_KERNEL_2_P_?_*)))
 .z_init_PRE_KERNEL_2_P_0_SUB_0_
                0x0000000008007b08        0x8 zephyr/drivers/timer/libdrivers__timer.a(riscv_machine_timer.c.obj)
 *(SORT_BY_NAME(SORT_BY_ALIGNMENT(.z_init_PRE_KERNEL_2_P_??_*)))
 *(SORT_BY_NAME(SORT_BY_ALIGNMENT(.z_init_PRE_KERNEL_2_P_???_*)))
                0x0000000008007b10                __init_POST_KERNEL_start = .
 *(SORT_BY_NAME(SORT_BY_ALIGNMENT(.z_init_POST_KERNEL_P_?_*)))
 .z_init_POST_KERNEL_P_0_SUB_0_
                0x0000000008007b10        0x8 zephyr/libzephyr.a(log_core.c.obj)
 *(SORT_BY_NAME(SORT_BY_ALIGNMENT(.z_init_POST_KERNEL_P_??_*)))
 .z_init_POST_KERNEL_P_35_SUB_0_
                0x0000000008007b18        0x8 zephyr/lib/libc/common/liblib__libc__common.a(malloc.c.obj)
 .z_init_POST_KERNEL_P_50_SUB_00022_
                0x0000000008007b20        0x8 zephyr/drivers/spi/libdrivers__spi.a(spi_gd32.c.obj)
 .z_init_POST_KERNEL_P_50_SUB_00040_
                0x0000000008007b28        0x8 zephyr/drivers/i2c/libdrivers__i2c.a(i2c_gd32.c.obj)
 .z_init_POST_KERNEL_P_50_SUB_00065_
                0x0000000008007b30        0x8 zephyr/drivers/spi/libdrivers__spi.a(spi_gd32.c.obj)
 .z_init_POST_KERNEL_P_80_SUB_00023_
                0x0000000008007b38        0x8 zephyr/libzephyr.a(mipi_dbi_spi.c.obj)
 .z_init_POST_KERNEL_P_85_SUB_00024_
                0x0000000008007b40        0x8 zephyr/drivers/display/libdrivers__display.a(display_st7735r.c.obj)
 *(SORT_BY_NAME(SORT_BY_ALIGNMENT(.z_init_POST_KERNEL_P_???_*)))
                0x0000000008007b48                __init_APPLICATION_start = .
 *(SORT_BY_NAME(SORT_BY_ALIGNMENT(.z_init_APPLICATION_P_?_*)))
 *(SORT_BY_NAME(SORT_BY_ALIGNMENT(.z_init_APPLICATION_P_??_*)))
 *(SORT_BY_NAME(SORT_BY_ALIGNMENT(.z_init_APPLICATION_P_???_*)))
                0x0000000008007b48                __init_SMP_start = .
 *(SORT_BY_NAME(SORT_BY_ALIGNMENT(.z_init_SMP_P_?_*)))
 *(SORT_BY_NAME(SORT_BY_ALIGNMENT(.z_init_SMP_P_??_*)))
 *(SORT_BY_NAME(SORT_BY_ALIGNMENT(.z_init_SMP_P_???_*)))
                0x0000000008007b48                __init_end = .

device_area     0x0000000008007b48      0x16c
                0x0000000008007b48                _device_list_start = .
 *(SORT_BY_NAME(SORT_BY_ALIGNMENT(._device.static.*_?_*)))
 *(SORT_BY_NAME(SORT_BY_ALIGNMENT(._device.static.*_??_*)))
 ._device.static.1_30_
                0x0000000008007b48       0x1c zephyr/drivers/clock_control/libdrivers__clock_control.a(clock_control_gd32.c.obj)
                0x0000000008007b48                __device_dts_ord_9
 ._device.static.1_35_
                0x0000000008007b64       0x1c zephyr/drivers/reset/libdrivers__reset.a(reset_gd32.c.obj)
                0x0000000008007b64                __device_dts_ord_10
 ._device.static.1_40_
                0x0000000008007b80       0x1c zephyr/drivers/interrupt_controller/libdrivers__interrupt_controller.a(intc_clic.c.obj)
                0x0000000008007b80                __device_dts_ord_19
 ._device.static.1_40_
                0x0000000008007b9c       0x1c zephyr/drivers/interrupt_controller/libdrivers__interrupt_controller.a(intc_gd32_exti.c.obj)
                0x0000000008007b9c                __device_dts_ord_41
 ._device.static.1_40_
                0x0000000008007bb8       0x54 zephyr/drivers/gpio/libdrivers__gpio.a(gpio_gd32.c.obj)
                0x0000000008007bb8                __device_dts_ord_14
                0x0000000008007bd4                __device_dts_ord_20
                0x0000000008007bf0                __device_dts_ord_11
 ._device.static.1_50_
                0x0000000008007c0c       0x1c zephyr/drivers/serial/libdrivers__serial.a(usart_gd32.c.obj)
                0x0000000008007c0c                __device_dts_ord_47
 ._device.static.3_50_
                0x0000000008007c28       0x1c zephyr/drivers/i2c/libdrivers__i2c.a(i2c_gd32.c.obj)
                0x0000000008007c28                __device_dts_ord_40
 ._device.static.3_50_
                0x0000000008007c44       0x38 zephyr/drivers/spi/libdrivers__spi.a(spi_gd32.c.obj)
                0x0000000008007c44                __device_dts_ord_65
                0x0000000008007c60                __device_dts_ord_22
 ._device.static.3_80_
                0x0000000008007c7c       0x1c zephyr/libzephyr.a(mipi_dbi_spi.c.obj)
                0x0000000008007c7c                __device_dts_ord_23
 ._device.static.3_85_
                0x0000000008007c98       0x1c zephyr/drivers/display/libdrivers__display.a(display_st7735r.c.obj)
                0x0000000008007c98                __device_dts_ord_24
 *(SORT_BY_NAME(SORT_BY_ALIGNMENT(._device.static.*_???_*)))
 *(SORT_BY_NAME(SORT_BY_ALIGNMENT(._device.static.*_????_*)))
 *(SORT_BY_NAME(SORT_BY_ALIGNMENT(._device.static.*_?????_*)))
                0x0000000008007cb4                _device_list_end = .

sw_isr_table    0x0000000008007cb4      0x2c4
                0x0000000008007cc0                . = ALIGN (0x40)
 *fill*         0x0000000008007cb4        0xc 
 *(SORT_BY_ALIGNMENT(.gnu.linkonce.sw_isr_table*))
 .gnu.linkonce.sw_isr_table
                0x0000000008007cc0      0x2b8 zephyr/arch/common/libisr_tables.a(isr_tables.c.obj)
                0x0000000008007cc0                _sw_isr_table

initlevel_error
                0x0000000008007ab6        0x0
 *(SORT_BY_NAME(SORT_BY_ALIGNMENT(.z_init_*)))
                0x0000000000000001                ASSERT ((SIZEOF (initlevel_error) == 0x0), Undefined initialization levels used.)

app_shmem_regions
                0x0000000008007f78        0x0
                0x0000000008007f78                __app_shmem_regions_start = .
 *(SORT_BY_NAME(SORT_BY_ALIGNMENT(.app_regions.*)))
                0x0000000008007f78                __app_shmem_regions_end = .

k_p4wq_initparam_area
                0x0000000008007f78        0x0
                0x0000000008007f78                _k_p4wq_initparam_list_start = .
 *(SORT_BY_NAME(SORT_BY_ALIGNMENT(._k_p4wq_initparam.static.*)))
                0x0000000008007f78                _k_p4wq_initparam_list_end = .

_static_thread_data_area
                0x0000000008007f78        0x0
                0x0000000008007f78                __static_thread_data_list_start = .
 *(SORT_BY_NAME(SORT_BY_ALIGNMENT(.__static_thread_data.static.*)))
                0x0000000008007f78                __static_thread_data_list_end = .

device_deps     0x0000000008007f78        0x0
                0x0000000008007f78                __device_deps_start = .
 *(SORT_BY_NAME(SORT_BY_ALIGNMENT(.__device_deps_pass2*)))
                0x0000000008007f78                __device_deps_end = .

gpio_driver_api_area
                0x0000000008007f78       0x24
                0x0000000008007f78                _gpio_driver_api_list_start = .
 *(SORT_BY_NAME(SORT_BY_ALIGNMENT(._gpio_driver_api.static.*)))
 ._gpio_driver_api.static.gpio_gd32_api_
                0x0000000008007f78       0x24 zephyr/drivers/gpio/libdrivers__gpio.a(gpio_gd32.c.obj)
                0x0000000008007f9c                _gpio_driver_api_list_end = .

i2c_driver_api_area
                0x0000000008007f9c       0x18
                0x0000000008007f9c                _i2c_driver_api_list_start = .
 *(SORT_BY_NAME(SORT_BY_ALIGNMENT(._i2c_driver_api.static.*)))
 ._i2c_driver_api.static.i2c_gd32_driver_api_
                0x0000000008007f9c       0x18 zephyr/drivers/i2c/libdrivers__i2c.a(i2c_gd32.c.obj)
                0x0000000008007fb4                _i2c_driver_api_list_end = .

i2c_target_driver_api_area
                0x0000000008007fb4        0x0
                0x0000000008007fb4                _i2c_target_driver_api_list_start = .
 *(SORT_BY_NAME(SORT_BY_ALIGNMENT(._i2c_target_driver_api.static.*)))
                0x0000000008007fb4                _i2c_target_driver_api_list_end = .

reset_driver_api_area
                0x0000000008007fb4       0x10
                0x0000000008007fb4                _reset_driver_api_list_start = .
 *(SORT_BY_NAME(SORT_BY_ALIGNMENT(._reset_driver_api.static.*)))
 ._reset_driver_api.static.reset_gd32_driver_api_
                0x0000000008007fb4       0x10 zephyr/drivers/reset/libdrivers__reset.a(reset_gd32.c.obj)
                0x0000000008007fc4                _reset_driver_api_list_end = .

spi_driver_api_area
                0x0000000008007fc4        0x8
                0x0000000008007fc4                _spi_driver_api_list_start = .
 *(SORT_BY_NAME(SORT_BY_ALIGNMENT(._spi_driver_api.static.*)))
 ._spi_driver_api.static.spi_gd32_driver_api_
                0x0000000008007fc4        0x8 zephyr/drivers/spi/libdrivers__spi.a(spi_gd32.c.obj)
                0x0000000008007fcc                _spi_driver_api_list_end = .

shared_irq_driver_api_area
                0x0000000008007fcc        0x0
                0x0000000008007fcc                _shared_irq_driver_api_list_start = .
 *(SORT_BY_NAME(SORT_BY_ALIGNMENT(._shared_irq_driver_api.static.*)))
                0x0000000008007fcc                _shared_irq_driver_api_list_end = .

crypto_driver_api_area
                0x0000000008007fcc        0x0
                0x0000000008007fcc                _crypto_driver_api_list_start = .
 *(SORT_BY_NAME(SORT_BY_ALIGNMENT(._crypto_driver_api.static.*)))
                0x0000000008007fcc                _crypto_driver_api_list_end = .

adc_driver_api_area
                0x0000000008007fcc        0x0
                0x0000000008007fcc                _adc_driver_api_list_start = .
 *(SORT_BY_NAME(SORT_BY_ALIGNMENT(._adc_driver_api.static.*)))
                0x0000000008007fcc                _adc_driver_api_list_end = .

auxdisplay_driver_api_area
                0x0000000008007fcc        0x0
                0x0000000008007fcc                _auxdisplay_driver_api_list_start = .
 *(SORT_BY_NAME(SORT_BY_ALIGNMENT(._auxdisplay_driver_api.static.*)))
                0x0000000008007fcc                _auxdisplay_driver_api_list_end = .

bbram_driver_api_area
                0x0000000008007fcc        0x0
                0x0000000008007fcc                _bbram_driver_api_list_start = .
 *(SORT_BY_NAME(SORT_BY_ALIGNMENT(._bbram_driver_api.static.*)))
                0x0000000008007fcc                _bbram_driver_api_list_end = .

bt_hci_driver_api_area
                0x0000000008007fcc        0x0
                0x0000000008007fcc                _bt_hci_driver_api_list_start = .
 *(SORT_BY_NAME(SORT_BY_ALIGNMENT(._bt_hci_driver_api.static.*)))
                0x0000000008007fcc                _bt_hci_driver_api_list_end = .

can_driver_api_area
                0x0000000008007fcc        0x0
                0x0000000008007fcc                _can_driver_api_list_start = .
 *(SORT_BY_NAME(SORT_BY_ALIGNMENT(._can_driver_api.static.*)))
                0x0000000008007fcc                _can_driver_api_list_end = .

cellular_driver_api_area
                0x0000000008007fcc        0x0
                0x0000000008007fcc                _cellular_driver_api_list_start = .
 *(SORT_BY_NAME(SORT_BY_ALIGNMENT(._cellular_driver_api.static.*)))
                0x0000000008007fcc                _cellular_driver_api_list_end = .

charger_driver_api_area
                0x0000000008007fcc        0x0
                0x0000000008007fcc                _charger_driver_api_list_start = .
 *(SORT_BY_NAME(SORT_BY_ALIGNMENT(._charger_driver_api.static.*)))
                0x0000000008007fcc                _charger_driver_api_list_end = .

clock_control_driver_api_area
                0x0000000008007fcc       0x1c
                0x0000000008007fcc                _clock_control_driver_api_list_start = .
 *(SORT_BY_NAME(SORT_BY_ALIGNMENT(._clock_control_driver_api.static.*)))
 ._clock_control_driver_api.static.clock_control_gd32_api_
                0x0000000008007fcc       0x1c zephyr/drivers/clock_control/libdrivers__clock_control.a(clock_control_gd32.c.obj)
                0x0000000008007fe8                _clock_control_driver_api_list_end = .

comparator_driver_api_area
                0x0000000008007fe8        0x0
                0x0000000008007fe8                _comparator_driver_api_list_start = .
 *(SORT_BY_NAME(SORT_BY_ALIGNMENT(._comparator_driver_api.static.*)))
                0x0000000008007fe8                _comparator_driver_api_list_end = .

coredump_driver_api_area
                0x0000000008007fe8        0x0
                0x0000000008007fe8                _coredump_driver_api_list_start = .
 *(SORT_BY_NAME(SORT_BY_ALIGNMENT(._coredump_driver_api.static.*)))
                0x0000000008007fe8                _coredump_driver_api_list_end = .

counter_driver_api_area
                0x0000000008007fe8        0x0
                0x0000000008007fe8                _counter_driver_api_list_start = .
 *(SORT_BY_NAME(SORT_BY_ALIGNMENT(._counter_driver_api.static.*)))
                0x0000000008007fe8                _counter_driver_api_list_end = .

crc_driver_api_area
                0x0000000008007fe8        0x0
                0x0000000008007fe8                _crc_driver_api_list_start = .
 *(SORT_BY_NAME(SORT_BY_ALIGNMENT(._crc_driver_api.static.*)))
                0x0000000008007fe8                _crc_driver_api_list_end = .

dac_driver_api_area
                0x0000000008007fe8        0x0
                0x0000000008007fe8                _dac_driver_api_list_start = .
 *(SORT_BY_NAME(SORT_BY_ALIGNMENT(._dac_driver_api.static.*)))
                0x0000000008007fe8                _dac_driver_api_list_end = .

dai_driver_api_area
                0x0000000008007fe8        0x0
                0x0000000008007fe8                _dai_driver_api_list_start = .
 *(SORT_BY_NAME(SORT_BY_ALIGNMENT(._dai_driver_api.static.*)))
                0x0000000008007fe8                _dai_driver_api_list_end = .

display_driver_api_area
                0x0000000008007fe8       0x2c
                0x0000000008007fe8                _display_driver_api_list_start = .
 *(SORT_BY_NAME(SORT_BY_ALIGNMENT(._display_driver_api.static.*)))
 ._display_driver_api.static.st7735r_api_
                0x0000000008007fe8       0x2c zephyr/drivers/display/libdrivers__display.a(display_st7735r.c.obj)
                0x0000000008008014                _display_driver_api_list_end = .

dma_driver_api_area
                0x0000000008008014        0x0
                0x0000000008008014                _dma_driver_api_list_start = .
 *(SORT_BY_NAME(SORT_BY_ALIGNMENT(._dma_driver_api.static.*)))
                0x0000000008008014                _dma_driver_api_list_end = .

edac_driver_api_area
                0x0000000008008014        0x0
                0x0000000008008014                _edac_driver_api_list_start = .
 *(SORT_BY_NAME(SORT_BY_ALIGNMENT(._edac_driver_api.static.*)))
                0x0000000008008014                _edac_driver_api_list_end = .

eeprom_driver_api_area
                0x0000000008008014        0x0
                0x0000000008008014                _eeprom_driver_api_list_start = .
 *(SORT_BY_NAME(SORT_BY_ALIGNMENT(._eeprom_driver_api.static.*)))
                0x0000000008008014                _eeprom_driver_api_list_end = .

emul_bbram_driver_api_area
                0x0000000008008014        0x0
                0x0000000008008014                _emul_bbram_driver_api_list_start = .
 *(SORT_BY_NAME(SORT_BY_ALIGNMENT(._emul_bbram_driver_api.static.*)))
                0x0000000008008014                _emul_bbram_driver_api_list_end = .

fuel_gauge_emul_driver_api_area
                0x0000000008008014        0x0
                0x0000000008008014                _fuel_gauge_emul_driver_api_list_start = .
 *(SORT_BY_NAME(SORT_BY_ALIGNMENT(._fuel_gauge_emul_driver_api.static.*)))
                0x0000000008008014                _fuel_gauge_emul_driver_api_list_end = .

emul_sensor_driver_api_area
                0x0000000008008014        0x0
                0x0000000008008014                _emul_sensor_driver_api_list_start = .
 *(SORT_BY_NAME(SORT_BY_ALIGNMENT(._emul_sensor_driver_api.static.*)))
                0x0000000008008014                _emul_sensor_driver_api_list_end = .

entropy_driver_api_area
                0x0000000008008014        0x0
                0x0000000008008014                _entropy_driver_api_list_start = .
 *(SORT_BY_NAME(SORT_BY_ALIGNMENT(._entropy_driver_api.static.*)))
                0x0000000008008014                _entropy_driver_api_list_end = .

espi_driver_api_area
                0x0000000008008014        0x0
                0x0000000008008014                _espi_driver_api_list_start = .
 *(SORT_BY_NAME(SORT_BY_ALIGNMENT(._espi_driver_api.static.*)))
                0x0000000008008014                _espi_driver_api_list_end = .

espi_saf_driver_api_area
                0x0000000008008014        0x0
                0x0000000008008014                _espi_saf_driver_api_list_start = .
 *(SORT_BY_NAME(SORT_BY_ALIGNMENT(._espi_saf_driver_api.static.*)))
                0x0000000008008014                _espi_saf_driver_api_list_end = .

flash_driver_api_area
                0x0000000008008014        0x0
                0x0000000008008014                _flash_driver_api_list_start = .
 *(SORT_BY_NAME(SORT_BY_ALIGNMENT(._flash_driver_api.static.*)))
                0x0000000008008014                _flash_driver_api_list_end = .

fpga_driver_api_area
                0x0000000008008014        0x0
                0x0000000008008014                _fpga_driver_api_list_start = .
 *(SORT_BY_NAME(SORT_BY_ALIGNMENT(._fpga_driver_api.static.*)))
                0x0000000008008014                _fpga_driver_api_list_end = .

fuel_gauge_driver_api_area
                0x0000000008008014        0x0
                0x0000000008008014                _fuel_gauge_driver_api_list_start = .
 *(SORT_BY_NAME(SORT_BY_ALIGNMENT(._fuel_gauge_driver_api.static.*)))
                0x0000000008008014                _fuel_gauge_driver_api_list_end = .

gnss_driver_api_area
                0x0000000008008014        0x0
                0x0000000008008014                _gnss_driver_api_list_start = .
 *(SORT_BY_NAME(SORT_BY_ALIGNMENT(._gnss_driver_api.static.*)))
                0x0000000008008014                _gnss_driver_api_list_end = .

haptics_driver_api_area
                0x0000000008008014        0x0
                0x0000000008008014                _haptics_driver_api_list_start = .
 *(SORT_BY_NAME(SORT_BY_ALIGNMENT(._haptics_driver_api.static.*)))
                0x0000000008008014                _haptics_driver_api_list_end = .

hwspinlock_driver_api_area
                0x0000000008008014        0x0
                0x0000000008008014                _hwspinlock_driver_api_list_start = .
 *(SORT_BY_NAME(SORT_BY_ALIGNMENT(._hwspinlock_driver_api.static.*)))
                0x0000000008008014                _hwspinlock_driver_api_list_end = .

i2s_driver_api_area
                0x0000000008008014        0x0
                0x0000000008008014                _i2s_driver_api_list_start = .
 *(SORT_BY_NAME(SORT_BY_ALIGNMENT(._i2s_driver_api.static.*)))
                0x0000000008008014                _i2s_driver_api_list_end = .

i3c_driver_api_area
                0x0000000008008014        0x0
                0x0000000008008014                _i3c_driver_api_list_start = .
 *(SORT_BY_NAME(SORT_BY_ALIGNMENT(._i3c_driver_api.static.*)))
                0x0000000008008014                _i3c_driver_api_list_end = .

ipm_driver_api_area
                0x0000000008008014        0x0
                0x0000000008008014                _ipm_driver_api_list_start = .
 *(SORT_BY_NAME(SORT_BY_ALIGNMENT(._ipm_driver_api.static.*)))
                0x0000000008008014                _ipm_driver_api_list_end = .

led_driver_api_area
                0x0000000008008014        0x0
                0x0000000008008014                _led_driver_api_list_start = .
 *(SORT_BY_NAME(SORT_BY_ALIGNMENT(._led_driver_api.static.*)))
                0x0000000008008014                _led_driver_api_list_end = .

led_strip_driver_api_area
                0x0000000008008014        0x0
                0x0000000008008014                _led_strip_driver_api_list_start = .
 *(SORT_BY_NAME(SORT_BY_ALIGNMENT(._led_strip_driver_api.static.*)))
                0x0000000008008014                _led_strip_driver_api_list_end = .

lora_driver_api_area
                0x0000000008008014        0x0
                0x0000000008008014                _lora_driver_api_list_start = .
 *(SORT_BY_NAME(SORT_BY_ALIGNMENT(._lora_driver_api.static.*)))
                0x0000000008008014                _lora_driver_api_list_end = .

mbox_driver_api_area
                0x0000000008008014        0x0
                0x0000000008008014                _mbox_driver_api_list_start = .
 *(SORT_BY_NAME(SORT_BY_ALIGNMENT(._mbox_driver_api.static.*)))
                0x0000000008008014                _mbox_driver_api_list_end = .

mdio_driver_api_area
                0x0000000008008014        0x0
                0x0000000008008014                _mdio_driver_api_list_start = .
 *(SORT_BY_NAME(SORT_BY_ALIGNMENT(._mdio_driver_api.static.*)))
                0x0000000008008014                _mdio_driver_api_list_end = .

mipi_dbi_driver_api_area
                0x0000000008008014       0x18
                0x0000000008008014                _mipi_dbi_driver_api_list_start = .
 *(SORT_BY_NAME(SORT_BY_ALIGNMENT(._mipi_dbi_driver_api.static.*)))
 ._mipi_dbi_driver_api.static.mipi_dbi_spi_driver_api_
                0x0000000008008014       0x18 zephyr/libzephyr.a(mipi_dbi_spi.c.obj)
                0x000000000800802c                _mipi_dbi_driver_api_list_end = .

mipi_dsi_driver_api_area
                0x000000000800802c        0x0
                0x000000000800802c                _mipi_dsi_driver_api_list_start = .
 *(SORT_BY_NAME(SORT_BY_ALIGNMENT(._mipi_dsi_driver_api.static.*)))
                0x000000000800802c                _mipi_dsi_driver_api_list_end = .

mspi_driver_api_area
                0x000000000800802c        0x0
                0x000000000800802c                _mspi_driver_api_list_start = .
 *(SORT_BY_NAME(SORT_BY_ALIGNMENT(._mspi_driver_api.static.*)))
                0x000000000800802c                _mspi_driver_api_list_end = .

opamp_driver_api_area
                0x000000000800802c        0x0
                0x000000000800802c                _opamp_driver_api_list_start = .
 *(SORT_BY_NAME(SORT_BY_ALIGNMENT(._opamp_driver_api.static.*)))
                0x000000000800802c                _opamp_driver_api_list_end = .

peci_driver_api_area
                0x000000000800802c        0x0
                0x000000000800802c                _peci_driver_api_list_start = .
 *(SORT_BY_NAME(SORT_BY_ALIGNMENT(._peci_driver_api.static.*)))
                0x000000000800802c                _peci_driver_api_list_end = .

ps2_driver_api_area
                0x000000000800802c        0x0
                0x000000000800802c                _ps2_driver_api_list_start = .
 *(SORT_BY_NAME(SORT_BY_ALIGNMENT(._ps2_driver_api.static.*)))
                0x000000000800802c                _ps2_driver_api_list_end = .

ptp_clock_driver_api_area
                0x000000000800802c        0x0
                0x000000000800802c                _ptp_clock_driver_api_list_start = .
 *(SORT_BY_NAME(SORT_BY_ALIGNMENT(._ptp_clock_driver_api.static.*)))
                0x000000000800802c                _ptp_clock_driver_api_list_end = .

pwm_driver_api_area
                0x000000000800802c        0x0
                0x000000000800802c                _pwm_driver_api_list_start = .
 *(SORT_BY_NAME(SORT_BY_ALIGNMENT(._pwm_driver_api.static.*)))
                0x000000000800802c                _pwm_driver_api_list_end = .

regulator_parent_driver_api_area
                0x000000000800802c        0x0
                0x000000000800802c                _regulator_parent_driver_api_list_start = .
 *(SORT_BY_NAME(SORT_BY_ALIGNMENT(._regulator_parent_driver_api.static.*)))
                0x000000000800802c                _regulator_parent_driver_api_list_end = .

regulator_driver_api_area
                0x000000000800802c        0x0
                0x000000000800802c                _regulator_driver_api_list_start = .
 *(SORT_BY_NAME(SORT_BY_ALIGNMENT(._regulator_driver_api.static.*)))
                0x000000000800802c                _regulator_driver_api_list_end = .

retained_mem_driver_api_area
                0x000000000800802c        0x0
                0x000000000800802c                _retained_mem_driver_api_list_start = .
 *(SORT_BY_NAME(SORT_BY_ALIGNMENT(._retained_mem_driver_api.static.*)))
                0x000000000800802c                _retained_mem_driver_api_list_end = .

rtc_driver_api_area
                0x000000000800802c        0x0
                0x000000000800802c                _rtc_driver_api_list_start = .
 *(SORT_BY_NAME(SORT_BY_ALIGNMENT(._rtc_driver_api.static.*)))
                0x000000000800802c                _rtc_driver_api_list_end = .

sdhc_driver_api_area
                0x000000000800802c        0x0
                0x000000000800802c                _sdhc_driver_api_list_start = .
 *(SORT_BY_NAME(SORT_BY_ALIGNMENT(._sdhc_driver_api.static.*)))
                0x000000000800802c                _sdhc_driver_api_list_end = .

sensor_driver_api_area
                0x000000000800802c        0x0
                0x000000000800802c                _sensor_driver_api_list_start = .
 *(SORT_BY_NAME(SORT_BY_ALIGNMENT(._sensor_driver_api.static.*)))
                0x000000000800802c                _sensor_driver_api_list_end = .

smbus_driver_api_area
                0x000000000800802c        0x0
                0x000000000800802c                _smbus_driver_api_list_start = .
 *(SORT_BY_NAME(SORT_BY_ALIGNMENT(._smbus_driver_api.static.*)))
                0x000000000800802c                _smbus_driver_api_list_end = .

stepper_driver_api_area
                0x000000000800802c        0x0
                0x000000000800802c                _stepper_driver_api_list_start = .
 *(SORT_BY_NAME(SORT_BY_ALIGNMENT(._stepper_driver_api.static.*)))
                0x000000000800802c                _stepper_driver_api_list_end = .

syscon_driver_api_area
                0x000000000800802c        0x0
                0x000000000800802c                _syscon_driver_api_list_start = .
 *(SORT_BY_NAME(SORT_BY_ALIGNMENT(._syscon_driver_api.static.*)))
                0x000000000800802c                _syscon_driver_api_list_end = .

tee_driver_api_area
                0x000000000800802c        0x0
                0x000000000800802c                _tee_driver_api_list_start = .
 *(SORT_BY_NAME(SORT_BY_ALIGNMENT(._tee_driver_api.static.*)))
                0x000000000800802c                _tee_driver_api_list_end = .

video_driver_api_area
                0x000000000800802c        0x0
                0x000000000800802c                _video_driver_api_list_start = .
 *(SORT_BY_NAME(SORT_BY_ALIGNMENT(._video_driver_api.static.*)))
                0x000000000800802c                _video_driver_api_list_end = .

virtio_driver_api_area
                0x000000000800802c        0x0
                0x000000000800802c                _virtio_driver_api_list_start = .
 *(SORT_BY_NAME(SORT_BY_ALIGNMENT(._virtio_driver_api.static.*)))
                0x000000000800802c                _virtio_driver_api_list_end = .

w1_driver_api_area
                0x000000000800802c        0x0
                0x000000000800802c                _w1_driver_api_list_start = .
 *(SORT_BY_NAME(SORT_BY_ALIGNMENT(._w1_driver_api.static.*)))
                0x000000000800802c                _w1_driver_api_list_end = .

wdt_driver_api_area
                0x000000000800802c        0x0
                0x000000000800802c                _wdt_driver_api_list_start = .
 *(SORT_BY_NAME(SORT_BY_ALIGNMENT(._wdt_driver_api.static.*)))
                0x000000000800802c                _wdt_driver_api_list_end = .

can_transceiver_driver_api_area
                0x000000000800802c        0x0
                0x000000000800802c                _can_transceiver_driver_api_list_start = .
 *(SORT_BY_NAME(SORT_BY_ALIGNMENT(._can_transceiver_driver_api.static.*)))
                0x000000000800802c                _can_transceiver_driver_api_list_end = .

nrf_clock_control_driver_api_area
                0x000000000800802c        0x0
                0x000000000800802c                _nrf_clock_control_driver_api_list_start = .
 *(SORT_BY_NAME(SORT_BY_ALIGNMENT(._nrf_clock_control_driver_api.static.*)))
                0x000000000800802c                _nrf_clock_control_driver_api_list_end = .

i3c_target_driver_api_area
                0x000000000800802c        0x0
                0x000000000800802c                _i3c_target_driver_api_list_start = .
 *(SORT_BY_NAME(SORT_BY_ALIGNMENT(._i3c_target_driver_api.static.*)))
                0x000000000800802c                _i3c_target_driver_api_list_end = .

its_driver_api_area
                0x000000000800802c        0x0
                0x000000000800802c                _its_driver_api_list_start = .
 *(SORT_BY_NAME(SORT_BY_ALIGNMENT(._its_driver_api.static.*)))
                0x000000000800802c                _its_driver_api_list_end = .

vtd_driver_api_area
                0x000000000800802c        0x0
                0x000000000800802c                _vtd_driver_api_list_start = .
 *(SORT_BY_NAME(SORT_BY_ALIGNMENT(._vtd_driver_api.static.*)))
                0x000000000800802c                _vtd_driver_api_list_end = .

renesas_elc_driver_api_area
                0x000000000800802c        0x0
                0x000000000800802c                _renesas_elc_driver_api_list_start = .
 *(SORT_BY_NAME(SORT_BY_ALIGNMENT(._renesas_elc_driver_api.static.*)))
                0x000000000800802c                _renesas_elc_driver_api_list_end = .

tgpio_driver_api_area
                0x000000000800802c        0x0
                0x000000000800802c                _tgpio_driver_api_list_start = .
 *(SORT_BY_NAME(SORT_BY_ALIGNMENT(._tgpio_driver_api.static.*)))
                0x000000000800802c                _tgpio_driver_api_list_end = .

pcie_ctrl_driver_api_area
                0x000000000800802c        0x0
                0x000000000800802c                _pcie_ctrl_driver_api_list_start = .
 *(SORT_BY_NAME(SORT_BY_ALIGNMENT(._pcie_ctrl_driver_api.static.*)))
                0x000000000800802c                _pcie_ctrl_driver_api_list_end = .

pcie_ep_driver_api_area
                0x000000000800802c        0x0
                0x000000000800802c                _pcie_ep_driver_api_list_start = .
 *(SORT_BY_NAME(SORT_BY_ALIGNMENT(._pcie_ep_driver_api.static.*)))
                0x000000000800802c                _pcie_ep_driver_api_list_end = .

psi5_driver_api_area
                0x000000000800802c        0x0
                0x000000000800802c                _psi5_driver_api_list_start = .
 *(SORT_BY_NAME(SORT_BY_ALIGNMENT(._psi5_driver_api.static.*)))
                0x000000000800802c                _psi5_driver_api_list_end = .

sent_driver_api_area
                0x000000000800802c        0x0
                0x000000000800802c                _sent_driver_api_list_start = .
 *(SORT_BY_NAME(SORT_BY_ALIGNMENT(._sent_driver_api.static.*)))
                0x000000000800802c                _sent_driver_api_list_end = .

svc_driver_api_area
                0x000000000800802c        0x0
                0x000000000800802c                _svc_driver_api_list_start = .
 *(SORT_BY_NAME(SORT_BY_ALIGNMENT(._svc_driver_api.static.*)))
                0x000000000800802c                _svc_driver_api_list_end = .

uart_driver_api_area
                0x000000000800802c       0x4c