Archive member included to satisfy reference by file (symbol)

app/libapp.a(main.c.obj)      (--whole-archive)
app/libapp.a(lcd_text.c.obj)  (--whole-archive)
app/libapp.a(font5x7.c.obj)   (--whole-archive)
zephyr/libzephyr.a(validate_libc.c.obj)
                              (--whole-archive)
zephyr/libzephyr.a(heap.c.obj)
                              (--whole-archive)
zephyr/libzephyr.a(cbprintf_packaged.c.obj)
                              (--whole-archive)
zephyr/libzephyr.a(clock.c.obj)
                              (--whole-archive)
zephyr/libzephyr.a(printk.c.obj)
                              (--whole-archive)
zephyr/libzephyr.a(sem.c.obj)
                              (--whole-archive)
zephyr/libzephyr.a(thread_entry.c.obj)
                              (--whole-archive)
zephyr/libzephyr.a(cbprintf_complete.c.obj)
                              (--whole-archive)
zephyr/libzephyr.a(assert.c.obj)
                              (--whole-archive)
zephyr/libzephyr.a(mpsc_pbuf.c.obj)
                              (--whole-archive)
zephyr/libzephyr.a(dec.c.obj)
                              (--whole-archive)
zephyr/libzephyr.a(hex.c.obj)
                              (--whole-archive)
zephyr/libzephyr.a(rb.c.obj)  (--whole-archive)
zephyr/libzephyr.a(timeutil.c.obj)
                              (--whole-archive)
zephyr/libzephyr.a(bitarray.c.obj)
                              (--whole-archive)
zephyr/libzephyr.a(bitmask.c.obj)
                              (--whole-archive)
zephyr/libzephyr.a(getopt.c.obj)
                              (--whole-archive)
zephyr/libzephyr.a(getopt_common.c.obj)
                              (--whole-archive)
zephyr/libzephyr.a(ring_buffer.c.obj)
                              (--whole-archive)
zephyr/libzephyr.a(last_section_id.c.obj)
                              (--whole-archive)
zephyr/libzephyr.a(configs.c.obj)
                              (--whole-archive)
zephyr/libzephyr.a(soc_irq.S.obj)
                              (--whole-archive)
zephyr/libzephyr.a(soc_common_irq.c.obj)
                              (--whole-archive)
zephyr/libzephyr.a(vector.S.obj)
                              (--whole-archive)
zephyr/libzephyr.a(entry.S.obj)
                              (--whole-archive)
zephyr/libzephyr.a(soc.c.obj)
                              (--whole-archive)
zephyr/libzephyr.a(soc_irq.S.obj)
                              (--whole-archive)
zephyr/libzephyr.a(log_core.c.obj)
                              (--whole-archive)
zephyr/libzephyr.a(log_mgmt.c.obj)
                              (--whole-archive)
zephyr/libzephyr.a(log_cache.c.obj)
                              (--whole-archive)
zephyr/libzephyr.a(log_msg.c.obj)
                              (--whole-archive)
zephyr/libzephyr.a(log_output.c.obj)
                              (--whole-archive)
zephyr/libzephyr.a(log_backend_uart.c.obj)
                              (--whole-archive)
zephyr/libzephyr.a(tracing_none.c.obj)
                              (--whole-archive)
zephyr/libzephyr.a(mipi_dbi_spi.c.obj)
                              (--whole-archive)
zephyr/arch/common/libarch__common.a(sw_isr_common.c.obj)
                              (--whole-archive)
zephyr/arch/common/libarch__common.a(init.c.obj)
                              (--whole-archive)
zephyr/arch/common/libarch__common.a(xip.c.obj)
                              (--whole-archive)
zephyr/arch/arch/riscv/core/libarch__riscv__core.a(cpu_idle.c.obj)
                              (--whole-archive)
zephyr/arch/arch/riscv/core/libarch__riscv__core.a(fatal.c.obj)
                              (--whole-archive)
zephyr/arch/arch/riscv/core/libarch__riscv__core.a(irq_manage.c.obj)
                              (--whole-archive)
zephyr/arch/arch/riscv/core/libarch__riscv__core.a(prep_c.c.obj)
                              (--whole-archive)
zephyr/arch/arch/riscv/core/libarch__riscv__core.a(reboot.c.obj)
                              (--whole-archive)
zephyr/arch/arch/riscv/core/libarch__riscv__core.a(reset.S.obj)
                              (--whole-archive)
zephyr/arch/arch/riscv/core/libarch__riscv__core.a(switch.S.obj)
                              (--whole-archive)
zephyr/arch/arch/riscv/core/libarch__riscv__core.a(thread.c.obj)
                              (--whole-archive)
zephyr/arch/arch/riscv/core/libarch__riscv__core.a(isr.S.obj)
                              (--whole-archive)
zephyr/arch/arch/riscv/core/libarch__riscv__core.a(tls.c.obj)
                              (--whole-archive)
zephyr/arch/arch/riscv/core/libarch__riscv__core.a(stacktrace.c.obj)
                              (--whole-archive)
zephyr/lib/libc/picolibc/liblib__libc__picolibc.a(assert.c.obj)
                              (--whole-archive)
zephyr/lib/libc/picolibc/liblib__libc__picolibc.a(cbprintf.c.obj)
                              (--whole-archive)
zephyr/lib/libc/picolibc/liblib__libc__picolibc.a(chk_fail.c.obj)
                              (--whole-archive)
[...]
Memory Configuration

Name             Origin             Length             Attributes
ROM              0x0000000008000000 0x0000000000020000 xr
RAM              0x0000000020000000 0x0000000000008000 xrw
IDT_LIST         0x00000000fffff000 0x0000000000001000 xw
*default*        0x0000000000000000 0xffffffffffffffff

Linker script and memory map

                0x0000000008007788                vfprintf = __l_vfprintf
                0x0000000000000000                vfscanf = __l_vfscanf
LOAD zephyr/CMakeFiles/zephyr_pre0.dir/misc/empty_file.c.obj
LOAD zephyr/CMakeFiles/offsets.dir/./arch/riscv/core/offsets/offsets.c.obj
LOAD app/libapp.a
LOAD zephyr/libzephyr.a
LOAD zephyr/arch/common/libarch__common.a
LOAD zephyr/arch/arch/riscv/core/libarch__riscv__core.a
LOAD zephyr/lib/libc/picolibc/liblib__libc__picolibc.a
LOAD zephyr/lib/libc/common/liblib__libc__common.a
LOAD zephyr/lib/posix/c_lib_ext/liblib__posix__c_lib_ext.a
LOAD zephyr/drivers/interrupt_controller/libdrivers__interrupt_controller.a
LOAD zephyr/drivers/clock_control/libdrivers__clock_control.a
LOAD zephyr/drivers/console/libdrivers__console.a
LOAD zephyr/drivers/display/libdrivers__display.a
LOAD zephyr/drivers/gpio/libdrivers__gpio.a
LOAD zephyr/drivers/i2c/libdrivers__i2c.a
LOAD zephyr/drivers/pinctrl/libdrivers__pinctrl.a
LOAD zephyr/drivers/reset/libdrivers__reset.a
LOAD zephyr/drivers/serial/libdrivers__serial.a
LOAD zephyr/drivers/spi/libdrivers__spi.a
LOAD zephyr/drivers/timer/libdrivers__timer.a
LOAD modules/hal_gigadevice/libhal_gigadevice.a
LOAD zephyr/kernel/libkernel.a
LOAD zephyr/arch/common/libisr_tables.a
LOAD /home/dinesh/zephyr-sdk-0.17.4/riscv64-zephyr-elf/bin/../lib/gcc/../../picolibc/riscv64-zephyr-elf/lib/rv32imac_zicsr_zifencei/ilp32/libc.a
LOAD /home/dinesh/zephyr-sdk-0.17.4/riscv64-zephyr-elf/bin/../lib/gcc/riscv64-zephyr-elf/12.2.0/rv32imac_zicsr_zifencei/ilp32/libgcc.a

.rel.plt        0x0000000000000000        0x0
 *(SORT_BY_ALIGNMENT(.rel.plt))
                [!provide]                        PROVIDE (__rel_iplt_start = .)
 *(SORT_BY_ALIGNMENT(.rel.iplt))
                [!provide]                        PROVIDE (__rel_iplt_end = .)

.rela.plt       0x0000000000000000        0x0
 *(SORT_BY_ALIGNMENT(.rela.plt))
                [!provide]                        PROVIDE (__rela_iplt_start = .)
 *(SORT_BY_ALIGNMENT(.rela.iplt))
                [!provide]                        PROVIDE (__rela_iplt_end = .)

.rel.dyn
 *(SORT_BY_ALIGNMENT(.rel.*))

.rela.dyn       0x0000000008000000        0x0
 *(SORT_BY_ALIGNMENT(.rela.*))
 .rela.text.cbvprintf_package
                0x0000000008000000        0x0 app/libapp.a(main.c.obj)
 .rela.text.cbprintf_package_convert
                0x0000000008000000        0x0 app/libapp.a(main.c.obj)
 .rela.sdata._char_out
                0x0000000008000000        0x0 app/libapp.a(main.c.obj)
 .rela.vectors.__start
                0x0000000008000000        0x0 app/libapp.a(main.c.obj)
 .rela.text.activate_foreach_backend
                0x0000000008000000        0x0 app/libapp.a(main.c.obj)
 .rela.text.z_log_init
                0x0000000008000000        0x0 app/libapp.a(main.c.obj)
 .rela.text.dropped_notify
                0x0000000008000000        0x0 app/libapp.a(main.c.obj)
 .rela.text.log_core_init
                0x0000000008000000        0x0 app/libapp.a(main.c.obj)
 .rela.text.z_impl_log_process
                0x0000000008000000        0x0 app/libapp.a(main.c.obj)
 .rela.text.z_impl_log_panic
                0x0000000008000000        0x0 app/libapp.a(main.c.obj)
 .rela.text.log_process_thread_func
                0x0000000008000000        0x0 app/libapp.a(main.c.obj)
 .rela.text.log_source_name_get
                0x0000000008000000        0x0 app/libapp.a(main.c.obj)
 .rela.text.log_msg_get_source_id
                0x0000000008000000        0x0 app/libapp.a(main.c.obj)
 .rela.text.arch_bss_zero
                0x0000000008000000        0x0 app/libapp.a(main.c.obj)
 .rela.text.arch_data_copy
                0x0000000008000000        0x0 app/libapp.a(main.c.obj)
 .rela.text.arch_tls_stack_setup
                0x0000000008000000        0x0 app/libapp.a(main.c.obj)
 .rela.text.walk_stackframe
                0x0000000008000000        0x0 app/libapp.a(main.c.obj)
 .rela.text.malloc_prepare
                0x0000000008000000        0x0 app/libapp.a(main.c.obj)
 .rela.text.bg_thread_main
                0x0000000008000000        0x0 app/libapp.a(main.c.obj)
 .rela.rodata.levels.0
                0x0000000008000000        0x0 app/libapp.a(main.c.obj)
 .rela.text.statics_init
                0x0000000008000000        0x0 app/libapp.a(main.c.obj)

.plt
 *(SORT_BY_ALIGNMENT(.plt))

.iplt
 *(SORT_BY_ALIGNMENT(.iplt))
                0x0000000008000000                __rom_region_start = 0x8000000

rom_start       0x0000000008000000       0x50
                0x0000000008000000                . = ALIGN (0x10)
                0x0000000008000000                __rom_start_address = .
 FILL mask 0x00
                0x0000000008000000                . = (. + (0x0 - (. - __rom_start_address)))
                0x0000000008000000                . = ALIGN (0x4)
 *(SORT_BY_ALIGNMENT(.init.*))
 .init.__nuclei_start
                0x0000000008000000       0x34 zephyr/libzephyr.a(entry.S.obj)
                0x0000000008000000                __nuclei_start
 *(SORT_BY_ALIGNMENT(.vectors.*))
 *fill*         0x0000000008000034        0x0 00
 .vectors.__start
                0x0000000008000034       0x1c zephyr/libzephyr.a(vector.S.obj)
                0x0000000008000034                __start

reset           0x0000000008000050        0x4
 *(SORT_BY_ALIGNMENT(.reset.*))
 .reset.__reset
                0x0000000008000050        0x4 zephyr/arch/arch/riscv/core/libarch__riscv__core.a(reset.S.obj)
                0x0000000008000050                __reset

exceptions      0x0000000008000080      0x1b2
 *(SORT_BY_ALIGNMENT(.exception.entry.*))
 .exception.entry._isr_wrapper
                0x0000000008000080      0x160 zephyr/arch/arch/riscv/core/libarch__riscv__core.a(isr.S.obj)
                0x0000000008000080                _isr_wrapper
                0x0000000008000192                z_riscv_thread_start
 *(SORT_BY_ALIGNMENT(.exception.other.*))
 .exception.other.__soc_save_context
                0x00000000080001e0        0x2 zephyr/libzephyr.a(soc_irq.S.obj)
                0x00000000080001e0                __soc_save_context
 *fill*         0x00000000080001e2        0x2 
 .exception.other.__soc_restore_context
                0x00000000080001e4       0x16 zephyr/libzephyr.a(soc_irq.S.obj)
                0x00000000080001e4                __soc_restore_context
 *fill*         0x00000000080001fa        0x2 
 .exception.other.__soc_handle_all_irqs
                0x00000000080001fc       0x36 zephyr/drivers/interrupt_controller/libdrivers__interrupt_controller.a(intc_clic.S.obj)
                0x00000000080001fc                __soc_handle_all_irqs

text            0x0000000008000234     0x7aa6
                0x0000000008000234                . = ALIGN (0x4)
 *(SORT_BY_ALIGNMENT(.openocd_debug))
 *(SORT_BY_ALIGNMENT(.openocd_debug.*))
                0x0000000008000234                __text_region_start = .
 *(SORT_BY_ALIGNMENT(.text))
 .text          0x0000000008000234       0x3c /home/dinesh/zephyr-sdk-0.17.4/riscv64-zephyr-elf/bin/../lib/gcc/riscv64-zephyr-elf/12.2.0/rv32imac_zicsr_zifencei/ilp32/libgcc.a(_clzsi2.o)
                0x0000000008000234                __clzsi2
 .text          0x0000000008000270       0x3c /home/dinesh/zephyr-sdk-0.17.4/riscv64-zephyr-elf/bin/../lib/gcc/riscv64-zephyr-elf/12.2.0/rv32imac_zicsr_zifencei/ilp32/libgcc.a(_ctzsi2.o)
                0x0000000008000270                __ctzsi2
 .text          0x00000000080002ac      0x35e /home/dinesh/zephyr-sdk-0.17.4/riscv64-zephyr-elf/bin/../lib/gcc/riscv64-zephyr-elf/12.2.0/rv32imac_zicsr_zifencei/ilp32/libgcc.a(_udivdi3.o)
                0x00000000080002ac                __udivdi3
 *(SORT_BY_ALIGNMENT(.text.*))
 *fill*         0x000000000800060a        0x2 
 .text.__initialize
                0x000000000800060c       0x2a zephyr/arch/arch/riscv/core/libarch__riscv__core.a(reset.S.obj)
                0x000000000800060c                __initialize
 *fill*         0x0000000008000636        0x2 
 .text.z_riscv_switch
                0x0000000008000638       0x72 zephyr/arch/arch/riscv/core/libarch__riscv__core.a(switch.S.obj)
                0x0000000008000638                z_riscv_switch
 .text._OffsetAbsSyms
                0x00000000080006aa        0x2 zephyr/CMakeFiles/offsets.dir/./arch/riscv/core/offsets/offsets.c.obj
                0x00000000080006aa                _OffsetAbsSyms
 .text.uart_poll_out
                0x00000000080006ac        0x6 app/libapp.a(main.c.obj)
 .text.uart_cb  0x00000000080006b2       0xe6 app/libapp.a(main.c.obj)
                0x00000000080006b2                uart_cb
 .text.cli_thread
                0x0000000008000798      0x1dc app/libapp.a(main.c.obj)
                0x0000000008000798                cli_thread
 .text.sensor_thread
                0x0000000008000974      0x30a app/libapp.a(main.c.obj)
                0x0000000008000974                sensor_thread
 .text.main     0x0000000008000c7e       0x8c app/libapp.a(main.c.obj)
                0x0000000008000c7e                main
 .text.lcd_draw_char
                0x0000000008000d0a       0xe2 app/libapp.a(lcd_text.c.obj)
                0x0000000008000d0a                lcd_draw_char
 .text.lcd_draw_string
                0x0000000008000dec       0x36 app/libapp.a(lcd_text.c.obj)
                0x0000000008000dec                lcd_draw_string
 .text.lcd_draw_int
                0x0000000008000e22       0x36 app/libapp.a(lcd_text.c.obj)
                0x0000000008000e22                lcd_draw_int
 .text.lcd_clear
                0x0000000008000e58       0x60 app/libapp.a(lcd_text.c.obj)
                0x0000000008000e58                lcd_clear
 .text.chunk_size
                0x0000000008000eb8        0xc zephyr/libzephyr.a(heap.c.obj)
 .text.free_list_add
                0x0000000008000ec4       0x7c zephyr/libzephyr.a(heap.c.obj)
 .text.sys_heap_init
                0x0000000008000f40       0xa4 zephyr/libzephyr.a(heap.c.obj)
                0x0000000008000f40                sys_heap_init
 .text.cbvprintf_package
                0x0000000008000fe4      0x428 zephyr/libzephyr.a(cbprintf_packaged.c.obj)
                0x0000000008000fe4                cbvprintf_package
 .text.cbpprintf_external
                0x000000000800140c       0x9a zephyr/libzephyr.a(cbprintf_packaged.c.obj)
                0x000000000800140c                cbpprintf_external
 .text.is_ptr   0x00000000080014a6       0x5e zephyr/libzephyr.a(cbprintf_packaged.c.obj)
                0x00000000080014a6                is_ptr
 .text.cbprintf_package_convert
                0x0000000008001504      0x482 zephyr/libzephyr.a(cbprintf_packaged.c.obj)
                0x0000000008001504                cbprintf_package_convert
 .text.arch_printk_char_out
                0x0000000008001986        0x4 zephyr/libzephyr.a(printk.c.obj)
                0x0000000008001986                arch_printk_char_out
 .text.__printk_hook_install
                0x000000000800198a        0x6 zephyr/libzephyr.a(printk.c.obj)
                0x000000000800198a                __printk_hook_install
 .text.printk   0x0000000008001990       0x20 zephyr/libzephyr.a(printk.c.obj)
                0x0000000008001990                printk
 .text.z_thread_entry
                0x00000000080019b0       0x2a zephyr/libzephyr.a(thread_entry.c.obj)
                0x00000000080019b0                z_thread_entry
 .text.free_space
                0x00000000080019da       0x26 zephyr/libzephyr.a(mpsc_pbuf.c.obj)
 .text.get_usage
                0x0000000008001a00       0x28 zephyr/libzephyr.a(mpsc_pbuf.c.obj)
 .text.idx_inc  0x0000000008001a28       0x1c zephyr/libzephyr.a(mpsc_pbuf.c.obj)
 .text.rd_idx_inc
                0x0000000008001a44       0x1e zephyr/libzephyr.a(mpsc_pbuf.c.obj)
 .text.add_skip_item
                0x0000000008001a62       0x44 zephyr/libzephyr.a(mpsc_pbuf.c.obj)
 .text.drop_item_locked
                0x0000000008001aa6       0xfe zephyr/libzephyr.a(mpsc_pbuf.c.obj)
 .text.post_drop_action
                0x0000000008001ba4       0x48 zephyr/libzephyr.a(mpsc_pbuf.c.obj)
 .text.max_utilization_update
                0x0000000008001bec       0x2a zephyr/libzephyr.a(mpsc_pbuf.c.obj)
 .text.mpsc_pbuf_init
                0x0000000008001c16       0x4e zephyr/libzephyr.a(mpsc_pbuf.c.obj)
                0x0000000008001c16                mpsc_pbuf_init
 .text.mpsc_pbuf_alloc
                0x0000000008001c64      0x100 zephyr/libzephyr.a(mpsc_pbuf.c.obj)
                0x0000000008001c64                mpsc_pbuf_alloc
 .text.mpsc_pbuf_commit
                0x0000000008001d64       0x42 zephyr/libzephyr.a(mpsc_pbuf.c.obj)
                0x0000000008001d64                mpsc_pbuf_commit
 .text.mpsc_pbuf_claim
                0x0000000008001da6       0xb6 zephyr/libzephyr.a(mpsc_pbuf.c.obj)
                0x0000000008001da6                mpsc_pbuf_claim
 .text.mpsc_pbuf_free
                0x0000000008001e5c       0x7c zephyr/libzephyr.a(mpsc_pbuf.c.obj)
                0x0000000008001e5c                mpsc_pbuf_free
 .text.mpsc_pbuf_is_pending
                0x0000000008001ed8       0x26 zephyr/libzephyr.a(mpsc_pbuf.c.obj)
                0x0000000008001ed8                mpsc_pbuf_is_pending
 .text._ConfigAbsSyms
                0x0000000008001efe        0x2 zephyr/libzephyr.a(configs.c.obj)
                0x0000000008001efe                _ConfigAbsSyms
 .text.arch_irq_enable
                0x0000000008001f00        0x4 zephyr/libzephyr.a(soc_common_irq.c.obj)
                0x0000000008001f00                arch_irq_enable
 .text.z_riscv_irq_priority_set
                0x0000000008001f04        0x4 zephyr/libzephyr.a(soc_common_irq.c.obj)
                0x0000000008001f04                z_riscv_irq_priority_set
 .text.soc_interrupt_init
                0x0000000008001f08        0xe zephyr/libzephyr.a(soc_common_irq.c.obj)
                0x0000000008001f08                soc_interrupt_init
 .text.soc_early_init_hook
                0x0000000008001f16       0x1e zephyr/libzephyr.a(soc.c.obj)
                0x0000000008001f16                soc_early_init_hook
 .text.log_msg_generic_get_wlen
                0x0000000008001f34       0x22 zephyr/libzephyr.a(log_core.c.obj)
 .text.dummy_timestamp
                0x0000000008001f56        0x4 zephyr/libzephyr.a(log_core.c.obj)
 .text.activate_foreach_backend
                0x0000000008001f5a       0x7a zephyr/libzephyr.a(log_core.c.obj)
 .text.atomic_inc
                0x0000000008001fd4        0xe zephyr/libzephyr.a(log_core.c.obj)
 .text.enable_logger
                0x0000000008001fe2       0x5e zephyr/libzephyr.a(log_core.c.obj)
 .text.default_lf_get_timestamp
                0x0000000008002040       0x16 zephyr/libzephyr.a(log_core.c.obj)
 .text.log_process_thread_timer_expiry_fn
                0x0000000008002056        0x8 zephyr/libzephyr.a(log_core.c.obj)
 .text.z_log_init
                0x000000000800205e       0xa6 zephyr/libzephyr.a(log_core.c.obj)
 .text.log_format_func_t_get
                0x0000000008002104       0x10 zephyr/libzephyr.a(log_core.c.obj)
                0x0000000008002104                log_format_func_t_get
 .text.z_log_vprintk
                0x0000000008002114       0x12 zephyr/libzephyr.a(log_core.c.obj)
                0x0000000008002114                z_log_vprintk
 .text.log_set_timestamp_func
                0x0000000008002126       0x1e zephyr/libzephyr.a(log_core.c.obj)
                0x0000000008002126                log_set_timestamp_func
 .text.z_log_notify_backend_enabled
                0x0000000008002144       0x22 zephyr/libzephyr.a(log_core.c.obj)
                0x0000000008002144                z_log_notify_backend_enabled
 .text.z_log_dropped
                0x0000000008002166       0x34 zephyr/libzephyr.a(log_core.c.obj)
                0x0000000008002166                z_log_dropped
 .text.z_log_notify_drop
                0x000000000800219a        0x4 zephyr/libzephyr.a(log_core.c.obj)
 .text.z_log_dropped_read_and_clear
                0x000000000800219e       0x10 zephyr/libzephyr.a(log_core.c.obj)
                0x000000000800219e                z_log_dropped_read_and_clear
 .text.dropped_notify
                0x00000000080021ae       0x46 zephyr/libzephyr.a(log_core.c.obj)
                0x00000000080021ae                dropped_notify
 .text.z_log_msg_init
                0x00000000080021f4       0x2a zephyr/libzephyr.a(log_core.c.obj)
                0x00000000080021f4                z_log_msg_init
 .text.log_core_init
                0x000000000800221e       0x50 zephyr/libzephyr.a(log_core.c.obj)
                0x000000000800221e                log_core_init
 .text.z_log_msg_alloc
                0x000000000800226e       0x12 zephyr/libzephyr.a(log_core.c.obj)
                0x000000000800226e                z_log_msg_alloc
 .text.z_log_msg_local_claim
                0x0000000008002280        0xc zephyr/libzephyr.a(log_core.c.obj)
                0x0000000008002280                z_log_msg_local_claim
 .text.z_log_msg_free
                0x000000000800228c        0x8 zephyr/libzephyr.a(log_core.c.obj)
                0x000000000800228c                z_log_msg_free
 .text.z_log_msg_pending
                0x0000000008002294        0xa zephyr/libzephyr.a(log_core.c.obj)
                0x0000000008002294                z_log_msg_pending
 .text.z_impl_log_process
                0x000000000800229e       0xb2 zephyr/libzephyr.a(log_core.c.obj)
                0x000000000800229e                z_impl_log_process
 .text.z_impl_log_panic
                0x0000000008002350       0x54 zephyr/libzephyr.a(log_core.c.obj)
                0x0000000008002350                z_impl_log_panic
 .text.log_process_thread_func
                0x00000000080023a4       0x9a zephyr/libzephyr.a(log_core.c.obj)
 .text.z_log_msg_post_finalize
                0x000000000800243e       0x66 zephyr/libzephyr.a(log_core.c.obj)
 .text.z_log_msg_commit
                0x00000000080024a4       0x22 zephyr/libzephyr.a(log_core.c.obj)
                0x00000000080024a4                z_log_msg_commit
 .text.z_log_get_tag
                0x00000000080024c6        0x4 zephyr/libzephyr.a(log_core.c.obj)
                0x00000000080024c6                z_log_get_tag
 .text.log_source_name_get
                0x00000000080024ca       0x22 zephyr/libzephyr.a(log_mgmt.c.obj)
                0x00000000080024ca                log_source_name_get
 .text.log_backend_enable
                0x00000000080024ec       0x14 zephyr/libzephyr.a(log_mgmt.c.obj)
                0x00000000080024ec                log_backend_enable
 .text.z_cbprintf_cpy
                0x0000000008002500       0x3e zephyr/libzephyr.a(log_msg.c.obj)
 .text.z_log_msg_finalize
                0x000000000800253e       0x3e zephyr/libzephyr.a(log_msg.c.obj)
                0x000000000800253e                z_log_msg_finalize
 .text.z_log_msg_simple_create
                0x000000000800257c       0x7c zephyr/libzephyr.a(log_msg.c.obj)
 .text.z_impl_z_log_msg_simple_create_0
                0x00000000080025f8       0x12 zephyr/libzephyr.a(log_msg.c.obj)
                0x00000000080025f8                z_impl_z_log_msg_simple_create_0
 .text.z_impl_z_log_msg_simple_create_1
                0x000000000800260a       0x14 zephyr/libzephyr.a(log_msg.c.obj)
                0x000000000800260a                z_impl_z_log_msg_simple_create_1
 .text.z_impl_z_log_msg_simple_create_2
                0x000000000800261e       0x16 zephyr/libzephyr.a(log_msg.c.obj)
                0x000000000800261e                z_impl_z_log_msg_simple_create_2
 .text.z_impl_z_log_msg_static_create
                0x0000000008002634      0x152 zephyr/libzephyr.a(log_msg.c.obj)
                0x0000000008002634                z_impl_z_log_msg_static_create
 .text.z_log_msg_runtime_vcreate
                0x0000000008002786       0xcc zephyr/libzephyr.a(log_msg.c.obj)
                0x0000000008002786                z_log_msg_runtime_vcreate
 .text.log_msg_get_source_id
                0x0000000008002852       0x1a zephyr/libzephyr.a(log_msg.c.obj)
                0x0000000008002852                log_msg_get_source_id
 .text.log_output_write
                0x000000000800286c       0x32 zephyr/libzephyr.a(log_output.c.obj)
 .text.log_output_flush
                0x000000000800289e       0x22 zephyr/libzephyr.a(log_output.c.obj)
 .text.print_formatted
                0x00000000080028c0       0x2a zephyr/libzephyr.a(log_output.c.obj)
 .text.newline_print
                0x00000000080028ea       0x22 zephyr/libzephyr.a(log_output.c.obj)
 .text.out_func
                0x000000000800290c       0x3a zephyr/libzephyr.a(log_output.c.obj)
 .text.cr_out_func
                0x0000000008002946       0x28 zephyr/libzephyr.a(log_output.c.obj)
 .text.log_output_process
                0x000000000800296e      0x2d6 zephyr/libzephyr.a(log_output.c.obj)
                0x000000000800296e                log_output_process
 .text.log_output_msg_process
                0x0000000008002c44       0x7c zephyr/libzephyr.a(log_output.c.obj)
                0x0000000008002c44                log_output_msg_process
 .text.log_output_dropped_process
                0x0000000008002cc0       0x70 zephyr/libzephyr.a(log_output.c.obj)
                0x0000000008002cc0                log_output_dropped_process
 .text.log_output_timestamp_freq_set
                0x0000000008002d30       0x26 zephyr/libzephyr.a(log_output.c.obj)
                0x0000000008002d30                log_output_timestamp_freq_set
 .text.format_set
                0x0000000008002d56        0xc zephyr/libzephyr.a(log_backend_uart.c.obj)
 .text.log_backend_uart_init
                0x0000000008002d62        0xc zephyr/libzephyr.a(log_backend_uart.c.obj)
 .text.panic    0x0000000008002d6e       0x52 zephyr/libzephyr.a(log_backend_uart.c.obj)
 .text.dropped  0x0000000008002dc0        0x8 zephyr/libzephyr.a(log_backend_uart.c.obj)
 .text.process  0x0000000008002dc8       0x24 zephyr/libzephyr.a(log_backend_uart.c.obj)
 .text.char_out
                0x0000000008002dec       0x42 zephyr/libzephyr.a(log_backend_uart.c.obj)
 .text.sys_trace_idle
                0x0000000008002e2e        0x2 zephyr/libzephyr.a(tracing_none.c.obj)
                0x0000000008002e2e                sys_trace_idle
 .text.sys_trace_idle_exit
                0x0000000008002e30        0x2 zephyr/libzephyr.a(tracing_none.c.obj)
                0x0000000008002e30                sys_trace_idle_exit
 .text.gpio_pin_configure_dt
                0x0000000008002e32       0x60 zephyr/libzephyr.a(mipi_dbi_spi.c.obj)
 .text.gpio_pin_set_dt
                0x0000000008002e92       0x2a zephyr/libzephyr.a(mipi_dbi_spi.c.obj)
 .text.mipi_dbi_spi_release
                0x0000000008002ebc        0xc zephyr/libzephyr.a(mipi_dbi_spi.c.obj)
 .text.mipi_dbi_spi_reset
                0x0000000008002ec8       0x48 zephyr/libzephyr.a(mipi_dbi_spi.c.obj)
 .text.mipi_dbi_spi_init
                0x0000000008002f10       0xa4 zephyr/libzephyr.a(mipi_dbi_spi.c.obj)
 .text.mipi_dbi_spi_write_helper
                0x0000000008002fb4       0xd4 zephyr/libzephyr.a(mipi_dbi_spi.c.obj)
 .text.mipi_dbi_spi_write_display
                0x0000000008003088        0xa zephyr/libzephyr.a(mipi_dbi_spi.c.obj)
 .text.mipi_dbi_spi_command_write
                0x0000000008003092        0xa zephyr/libzephyr.a(mipi_dbi_spi.c.obj)
 .text.arch_early_memset
                0x000000000800309c        0x4 zephyr/arch/common/libarch__common.a(init.c.obj)
                0x000000000800309c                arch_early_memset
 .text.arch_early_memcpy
                0x00000000080030a0        0x4 zephyr/arch/common/libarch__common.a(init.c.obj)
                0x00000000080030a0                arch_early_memcpy
 .text.arch_bss_zero
                0x00000000080030a4       0x14 zephyr/arch/common/libarch__common.a(init.c.obj)
                0x00000000080030a4                arch_bss_zero
 .text.arch_data_copy
                0x00000000080030b8       0x48 zephyr/arch/common/libarch__common.a(xip.c.obj)
                0x00000000080030b8                arch_data_copy
 .text.arch_cpu_idle
                0x0000000008003100       0x1c zephyr/arch/arch/riscv/core/libarch__riscv__core.a(cpu_idle.c.obj)
                0x0000000008003100                arch_cpu_idle
 .text.z_log_msg_simple_create_2.constprop.0
                0x000000000800311c        0xc zephyr/arch/arch/riscv/core/libarch__riscv__core.a(fatal.c.obj)
 .text.z_riscv_get_sp_before_exc
                0x0000000008003128        0x6 zephyr/arch/arch/riscv/core/libarch__riscv__core.a(fatal.c.obj)
                0x0000000008003128                z_riscv_get_sp_before_exc
 .text.z_riscv_fatal_error
                0x000000000800312e      0x244 zephyr/arch/arch/riscv/core/libarch__riscv__core.a(fatal.c.obj)
                0x000000000800312e                z_riscv_fatal_error
 .text.z_riscv_fault
                0x0000000008003372        0xc zephyr/arch/arch/riscv/core/libarch__riscv__core.a(fatal.c.obj)
                0x0000000008003372                z_riscv_fault
 .text.z_irq_spurious
                0x000000000800337e       0x2a zephyr/arch/arch/riscv/core/libarch__riscv__core.a(irq_manage.c.obj)
                0x000000000800337e                z_irq_spurious
 .text.z_prep_c
                0x00000000080033a8       0x14 zephyr/arch/arch/riscv/core/libarch__riscv__core.a(prep_c.c.obj)
                0x00000000080033a8                z_prep_c
 .text.arch_new_thread
                0x00000000080033bc       0x38 zephyr/arch/arch/riscv/core/libarch__riscv__core.a(thread.c.obj)
                0x00000000080033bc                arch_new_thread
 .text.arch_coprocessors_disable
                0x00000000080033f4        0x6 zephyr/arch/arch/riscv/core/libarch__riscv__core.a(thread.c.obj)
                0x00000000080033f4                arch_coprocessors_disable
 .text.arch_tls_stack_setup
                0x00000000080033fa       0x54 zephyr/arch/arch/riscv/core/libarch__riscv__core.a(tls.c.obj)
                0x00000000080033fa                arch_tls_stack_setup
 .text.in_stack_bound
                0x000000000800344e       0x38 zephyr/arch/arch/riscv/core/libarch__riscv__core.a(stacktrace.c.obj)
 .text.walk_stackframe
                0x0000000008003486       0xc2 zephyr/arch/arch/riscv/core/libarch__riscv__core.a(stacktrace.c.obj)
 .text.in_fatal_stack_bound
                0x0000000008003548       0x32 zephyr/arch/arch/riscv/core/libarch__riscv__core.a(stacktrace.c.obj)
 .text.print_trace_address
                0x000000000800357a       0x4e zephyr/arch/arch/riscv/core/libarch__riscv__core.a(stacktrace.c.obj)
 .text.z_riscv_unwind_stack
                0x00000000080035c8       0x5c zephyr/arch/arch/riscv/core/libarch__riscv__core.a(stacktrace.c.obj)
                0x00000000080035c8                z_riscv_unwind_stack
 .text.cbputc   0x0000000008003624       0x12 zephyr/lib/libc/picolibc/liblib__libc__picolibc.a(cbprintf.c.obj)
 .text.cbvprintf
                0x0000000008003636       0x32 zephyr/lib/libc/picolibc/liblib__libc__picolibc.a(cbprintf.c.obj)
                0x0000000008003636                cbvprintf
 .text.z_impl_zephyr_fputc
                0x0000000008003668       0x12 zephyr/lib/libc/picolibc/liblib__libc__picolibc.a(stdio.c.obj)
                0x0000000008003668                z_impl_zephyr_fputc
 .text.picolibc_put
                0x000000000800367a        0xe zephyr/lib/libc/picolibc/liblib__libc__picolibc.a(stdio.c.obj)
 .text.__stdout_hook_install
                0x0000000008003688       0x1a zephyr/lib/libc/picolibc/liblib__libc__picolibc.a(stdio.c.obj)
                0x0000000008003688                __stdout_hook_install
 .text.malloc_prepare
                0x00000000080036a2       0x24 zephyr/lib/libc/common/liblib__libc__common.a(malloc.c.obj)
 .text.clic_init
                0x00000000080036c6       0x52 zephyr/drivers/interrupt_controller/libdrivers__interrupt_controller.a(intc_clic.c.obj)
 .text.riscv_clic_irq_enable
                0x0000000008003718       0x16 zephyr/drivers/interrupt_controller/libdrivers__interrupt_controller.a(intc_clic.c.obj)
                0x0000000008003718                riscv_clic_irq_enable
 .text.riscv_clic_irq_priority_set
                0x000000000800372e       0x7e zephyr/drivers/interrupt_controller/libdrivers__interrupt_controller.a(intc_clic.c.obj)
                0x000000000800372e                riscv_clic_irq_priority_set
 .text.gd32_exti_isr
                0x00000000080037ac       0x62 zephyr/drivers/interrupt_controller/libdrivers__interrupt_controller.a(intc_gd32_exti.c.obj)
 .text.gd32_exti_init
                0x000000000800380e       0x56 zephyr/drivers/interrupt_controller/libdrivers__interrupt_controller.a(intc_gd32_exti.c.obj)
 .text.gd32_exti_enable
                0x0000000008003864       0x26 zephyr/drivers/interrupt_controller/libdrivers__interrupt_controller.a(intc_gd32_exti.c.obj)
                0x0000000008003864                gd32_exti_enable
 .text.gd32_exti_disable
                0x000000000800388a       0x1a zephyr/drivers/interrupt_controller/libdrivers__interrupt_controller.a(intc_gd32_exti.c.obj)
                0x000000000800388a                gd32_exti_disable
 .text.gd32_exti_trigger
                0x00000000080038a4       0x42 zephyr/drivers/interrupt_controller/libdrivers__interrupt_controller.a(intc_gd32_exti.c.obj)
                0x00000000080038a4                gd32_exti_trigger
 .text.gd32_exti_configure
                0x00000000080038e6       0x22 zephyr/drivers/interrupt_controller/libdrivers__interrupt_controller.a(intc_gd32_exti.c.obj)
                0x00000000080038e6                gd32_exti_configure
 .text.clock_control_gd32_on
                0x0000000008003908       0x22 zephyr/drivers/clock_control/libdrivers__clock_control.a(clock_control_gd32.c.obj)
 .text.clock_control_gd32_off
                0x000000000800392a       0x26 zephyr/drivers/clock_control/libdrivers__clock_control.a(clock_control_gd32.c.obj)
 .text.clock_control_gd32_get_rate
                0x0000000008003950       0x80 zephyr/drivers/clock_control/libdrivers__clock_control.a(clock_control_gd32.c.obj)
 .text.clock_control_gd32_get_status
                0x00000000080039d0       0x24 zephyr/drivers/clock_control/libdrivers__clock_control.a(clock_control_gd32.c.obj)
 .text.uart_console_init
                0x00000000080039f4       0x36 zephyr/drivers/console/libdrivers__console.a(uart_console.c.obj)
 .text.console_out
                0x0000000008003a2a       0x46 zephyr/drivers/console/libdrivers__console.a(uart_console.c.obj)
 .text.st7735r_get_capabilities
                0x0000000008003a70       0x50 zephyr/drivers/display/libdrivers__display.a(display_st7735r.c.obj)
 .text.st7735r_transmit_hold.isra.0
                0x0000000008003ac0       0x1e zephyr/drivers/display/libdrivers__display.a(display_st7735r.c.obj)
 .text.mipi_dbi_release.isra.0
                0x0000000008003ade        0xa zephyr/drivers/display/libdrivers__display.a(display_st7735r.c.obj)
 .text.st7735r_transmit.isra.0
                0x0000000008003ae8       0x22 zephyr/drivers/display/libdrivers__display.a(display_st7735r.c.obj)
 .text.st7735r_blanking_off
                0x0000000008003b0a        0xc zephyr/drivers/display/libdrivers__display.a(display_st7735r.c.obj)
 .text.st7735r_blanking_on
                0x0000000008003b16        0xc zephyr/drivers/display/libdrivers__display.a(display_st7735r.c.obj)
 .text.st7735r_write
                0x0000000008003b22      0x19e zephyr/drivers/display/libdrivers__display.a(display_st7735r.c.obj)
 .text.st7735r_set_orientation.part.0
                0x0000000008003cc0       0x24 zephyr/drivers/display/libdrivers__display.a(display_st7735r.c.obj)
 .text.st7735r_set_orientation
                0x0000000008003ce4        0x8 zephyr/drivers/display/libdrivers__display.a(display_st7735r.c.obj)
 .text.st7735r_set_pixel_format.part.0
                0x0000000008003cec       0x24 zephyr/drivers/display/libdrivers__display.a(display_st7735r.c.obj)
 .text.st7735r_set_pixel_format
                0x0000000008003d10       0x26 zephyr/drivers/display/libdrivers__display.a(display_st7735r.c.obj)
 .text.st7735r_init
                0x0000000008003d36      0x2ba zephyr/drivers/display/libdrivers__display.a(display_st7735r.c.obj)
 .text.gpio_gd32_configure
                0x0000000008003ff0       0xa2 zephyr/drivers/gpio/libdrivers__gpio.a(gpio_gd32.c.obj)
 .text.gpio_gd32_port_get_raw
                0x0000000008004092        0xc zephyr/drivers/gpio/libdrivers__gpio.a(gpio_gd32.c.obj)
 .text.gpio_gd32_port_set_masked_raw
                0x000000000800409e       0x12 zephyr/drivers/gpio/libdrivers__gpio.a(gpio_gd32.c.obj)
 .text.gpio_gd32_port_set_bits_raw
                0x00000000080040b0        0xa zephyr/drivers/gpio/libdrivers__gpio.a(gpio_gd32.c.obj)
 .text.gpio_gd32_port_clear_bits_raw
                0x00000000080040ba        0xa zephyr/drivers/gpio/libdrivers__gpio.a(gpio_gd32.c.obj)
 .text.gpio_gd32_port_toggle_bits
                0x00000000080040c4        0xe zephyr/drivers/gpio/libdrivers__gpio.a(gpio_gd32.c.obj)
 .text.gpio_gd32_manage_callback
                0x00000000080040d2       0x4a zephyr/drivers/gpio/libdrivers__gpio.a(gpio_gd32.c.obj)
 .text.clock_control_on.constprop.0.isra.0
                0x000000000800411c       0x18 zephyr/drivers/gpio/libdrivers__gpio.a(gpio_gd32.c.obj)
 .text.gpio_gd32_pin_interrupt_configure
                0x0000000008004134       0xda zephyr/drivers/gpio/libdrivers__gpio.a(gpio_gd32.c.obj)
 .text.gpio_gd32_isr
                0x000000000800420e       0x42 zephyr/drivers/gpio/libdrivers__gpio.a(gpio_gd32.c.obj)
 .text.gpio_gd32_init
                0x0000000008004250       0x2e zephyr/drivers/gpio/libdrivers__gpio.a(gpio_gd32.c.obj)
 .text.k_sem_give
                0x000000000800427e        0x4 zephyr/drivers/i2c/libdrivers__i2c.a(i2c_gd32.c.obj)
 .text.i2c_gd32_handle_tbe
                0x0000000008004282       0x58 zephyr/drivers/i2c/libdrivers__i2c.a(i2c_gd32.c.obj)
 .text.i2c_gd32_error_isr
                0x00000000080042da       0x74 zephyr/drivers/i2c/libdrivers__i2c.a(i2c_gd32.c.obj)
 .text.i2c_gd32_irq_cfg_func_0
                0x000000000800434e       0x30 zephyr/drivers/i2c/libdrivers__i2c.a(i2c_gd32.c.obj)
 .text.i2c_gd32_xfer_read
                0x000000000800437e       0x2c zephyr/drivers/i2c/libdrivers__i2c.a(i2c_gd32.c.obj)
 .text.i2c_gd32_handle_rbne
                0x00000000080043aa       0x4c zephyr/drivers/i2c/libdrivers__i2c.a(i2c_gd32.c.obj)
 .text.i2c_gd32_event_isr
                0x00000000080043f6      0x13e zephyr/drivers/i2c/libdrivers__i2c.a(i2c_gd32.c.obj)
 .text.i2c_gd32_msg_read
                0x0000000008004534       0xea zephyr/drivers/i2c/libdrivers__i2c.a(i2c_gd32.c.obj)
 .text.i2c_gd32_transfer
                0x000000000800461e      0x19e zephyr/drivers/i2c/libdrivers__i2c.a(i2c_gd32.c.obj)
 .text.i2c_gd32_configure
                0x00000000080047bc      0x20a zephyr/drivers/i2c/libdrivers__i2c.a(i2c_gd32.c.obj)
 .text.i2c_gd32_init
                0x00000000080049c6       0xd6 zephyr/drivers/i2c/libdrivers__i2c.a(i2c_gd32.c.obj)
 .text.pinctrl_lookup_state
                0x0000000008004a9c       0x26 zephyr/drivers/pinctrl/libdrivers__pinctrl.a(common.c.obj)
                0x0000000008004a9c                pinctrl_lookup_state
 .text.clock_control_on.constprop.0.isra.0
                0x0000000008004ac2       0x18 zephyr/drivers/pinctrl/libdrivers__pinctrl.a(pinctrl_gd32_afio.c.obj)
 .text.afio_init
                0x0000000008004ada       0x1c zephyr/drivers/pinctrl/libdrivers__pinctrl.a(pinctrl_gd32_afio.c.obj)
 .text.pinctrl_configure_pins
                0x0000000008004af6      0x168 zephyr/drivers/pinctrl/libdrivers__pinctrl.a(pinctrl_gd32_afio.c.obj)
                0x0000000008004af6                pinctrl_configure_pins
 .text.reset_gd32_status
                0x0000000008004c5e       0x24 zephyr/drivers/reset/libdrivers__reset.a(reset_gd32.c.obj)
 .text.reset_gd32_line_assert
                0x0000000008004c82       0x1e zephyr/drivers/reset/libdrivers__reset.a(reset_gd32.c.obj)
 .text.reset_gd32_line_deassert
                0x0000000008004ca0       0x22 zephyr/drivers/reset/libdrivers__reset.a(reset_gd32.c.obj)
 .text.reset_gd32_line_toggle
                0x0000000008004cc2       0x24 zephyr/drivers/reset/libdrivers__reset.a(reset_gd32.c.obj)
 .text.usart_gd32_isr
                0x0000000008004ce6        0xc zephyr/drivers/serial/libdrivers__serial.a(usart_gd32.c.obj)
 .text.usart_gd32_irq_update
                0x0000000008004cf2        0x4 zephyr/drivers/serial/libdrivers__serial.a(usart_gd32.c.obj)
                0x0000000008004cf2                usart_gd32_irq_update
 .text.usart_gd32_irq_callback_set
                0x0000000008004cf6        0x8 zephyr/drivers/serial/libdrivers__serial.a(usart_gd32.c.obj)
                0x0000000008004cf6                usart_gd32_irq_callback_set
 .text.usart_gd32_fifo_fill
                0x0000000008004cfe       0x4e zephyr/drivers/serial/libdrivers__serial.a(usart_gd32.c.obj)
                0x0000000008004cfe                usart_gd32_fifo_fill
 .text.usart_gd32_irq_tx_complete
                0x0000000008004d4c        0xa zephyr/drivers/serial/libdrivers__serial.a(usart_gd32.c.obj)
                0x0000000008004d4c                usart_gd32_irq_tx_complete
 .text.usart_gd32_irq_rx_ready
                0x0000000008004d56        0xa zephyr/drivers/serial/libdrivers__serial.a(usart_gd32.c.obj)
                0x0000000008004d56                usart_gd32_irq_rx_ready
 .text.usart_gd32_poll_out
                0x0000000008004d60       0x20 zephyr/drivers/serial/libdrivers__serial.a(usart_gd32.c.obj)
 .text.usart_gd32_fifo_read
                0x0000000008004d80       0x4e zephyr/drivers/serial/libdrivers__serial.a(usart_gd32.c.obj)
                0x0000000008004d80                usart_gd32_fifo_read
 .text.usart_gd32_poll_in
                0x0000000008004dce       0x30 zephyr/drivers/serial/libdrivers__serial.a(usart_gd32.c.obj)
 .text.usart_gd32_irq_tx_enable
                0x0000000008004dfe        0xc zephyr/drivers/serial/libdrivers__serial.a(usart_gd32.c.obj)
                0x0000000008004dfe                usart_gd32_irq_tx_enable
 .text.usart_gd32_irq_rx_enable
                0x0000000008004e0a        0xc zephyr/drivers/serial/libdrivers__serial.a(usart_gd32.c.obj)
                0x0000000008004e0a                usart_gd32_irq_rx_enable
 .text.usart_gd32_irq_err_enable
                0x0000000008004e16       0x22 zephyr/drivers/serial/libdrivers__serial.a(usart_gd32.c.obj)
                0x0000000008004e16                usart_gd32_irq_err_enable
 .text.usart_gd32_irq_tx_disable
                0x0000000008004e38        0xc zephyr/drivers/serial/libdrivers__serial.a(usart_gd32.c.obj)
                0x0000000008004e38                usart_gd32_irq_tx_disable
 .text.usart_gd32_irq_rx_disable
                0x0000000008004e44        0xc zephyr/drivers/serial/libdrivers__serial.a(usart_gd32.c.obj)
                0x0000000008004e44                usart_gd32_irq_rx_disable
 .text.usart_gd32_irq_err_disable
                0x0000000008004e50       0x22 zephyr/drivers/serial/libdrivers__serial.a(usart_gd32.c.obj)
                0x0000000008004e50                usart_gd32_irq_err_disable
 .text.usart_gd32_irq_tx_ready
                0x0000000008004e72       0x30 zephyr/drivers/serial/libdrivers__serial.a(usart_gd32.c.obj)
                0x0000000008004e72                usart_gd32_irq_tx_ready
 .text.usart_gd32_irq_is_pending
                0x0000000008004ea2       0x4e zephyr/drivers/serial/libdrivers__serial.a(usart_gd32.c.obj)
                0x0000000008004ea2                usart_gd32_irq_is_pending
 .text.usart_gd32_err_check
                0x0000000008004ef0       0x4e zephyr/drivers/serial/libdrivers__serial.a(usart_gd32.c.obj)
 .text.usart_gd32_config_func_0
                0x0000000008004f3e       0x1c zephyr/drivers/serial/libdrivers__serial.a(usart_gd32.c.obj)
 .text.usart_gd32_init
                0x0000000008004f5a       0xd6 zephyr/drivers/serial/libdrivers__serial.a(usart_gd32.c.obj)
 .text.spi_context_get_next_buf
                0x0000000008005030       0x2c zephyr/drivers/spi/libdrivers__spi.a(spi_gd32.c.obj)
 .text.gpio_pin_set_dt.isra.0
                0x000000000800505c       0x2a zephyr/drivers/spi/libdrivers__spi.a(spi_gd32.c.obj)
 .text.spi_gd32_transceive
                0x0000000008005086      0x3fc zephyr/drivers/spi/libdrivers__spi.a(spi_gd32.c.obj)
 .text.spi_context_unlock_unconditionally
                0x0000000008005482       0x3e zephyr/drivers/spi/libdrivers__spi.a(spi_gd32.c.obj)
 .text.spi_gd32_release
                0x00000000080054c0       0x12 zephyr/drivers/spi/libdrivers__spi.a(spi_gd32.c.obj)
 .text.spi_gd32_init
                0x00000000080054d2      0x15c zephyr/drivers/spi/libdrivers__spi.a(spi_gd32.c.obj)
                0x00000000080054d2                spi_gd32_init
 .text.mtime    0x000000000800562e       0x10 zephyr/drivers/timer/libdrivers__timer.a(riscv_machine_timer.c.obj)
 .text.sys_clock_driver_init
                0x000000000800563e       0x70 zephyr/drivers/timer/libdrivers__timer.a(riscv_machine_timer.c.obj)
 .text.timer_isr
                0x00000000080056ae       0x64 zephyr/drivers/timer/libdrivers__timer.a(riscv_machine_timer.c.obj)
 .text.sys_clock_set_timeout
                0x0000000008005712       0xa4 zephyr/drivers/timer/libdrivers__timer.a(riscv_machine_timer.c.obj)
                0x0000000008005712                sys_clock_set_timeout
 .text.sys_clock_elapsed
                0x00000000080057b6       0x30 zephyr/drivers/timer/libdrivers__timer.a(riscv_machine_timer.c.obj)
                0x00000000080057b6                sys_clock_elapsed
 .text.sys_clock_cycle_get_32
                0x00000000080057e6        0xe zephyr/drivers/timer/libdrivers__timer.a(riscv_machine_timer.c.obj)
                0x00000000080057e6                sys_clock_cycle_get_32
 .text.SystemInit
                0x00000000080057f4      0x11c modules/hal_gigadevice/libhal_gigadevice.a(system_gd32vf103.c.obj)
                0x00000000080057f4                SystemInit
 .text.rcu_clock_freq_get
                0x0000000008005910      0x134 modules/hal_gigadevice/libhal_gigadevice.a(gd32vf103_rcu.c.obj)
                0x0000000008005910                rcu_clock_freq_get
 .text.usart_baudrate_set
                0x0000000008005a44       0x64 modules/hal_gigadevice/libhal_gigadevice.a(gd32vf103_usart.c.obj)
                0x0000000008005a44                usart_baudrate_set
 .text.usart_parity_config
                0x0000000008005aa8       0x10 modules/hal_gigadevice/libhal_gigadevice.a(gd32vf103_usart.c.obj)
                0x0000000008005aa8                usart_parity_config
 .text.usart_word_length_set
                0x0000000008005ab8       0x12 modules/hal_gigadevice/libhal_gigadevice.a(gd32vf103_usart.c.obj)
                0x0000000008005ab8                usart_word_length_set
 .text.usart_stop_bit_set
                0x0000000008005aca       0x12 modules/hal_gigadevice/libhal_gigadevice.a(gd32vf103_usart.c.obj)
                0x0000000008005aca                usart_stop_bit_set
 .text.usart_enable
                0x0000000008005adc        0xa modules/hal_gigadevice/libhal_gigadevice.a(gd32vf103_usart.c.obj)
                0x0000000008005adc                usart_enable
 .text.usart_transmit_config
                0x0000000008005ae6        0xa modules/hal_gigadevice/libhal_gigadevice.a(gd32vf103_usart.c.obj)
                0x0000000008005ae6                usart_transmit_config
 .text.usart_receive_config
                0x0000000008005af0        0xa modules/hal_gigadevice/libhal_gigadevice.a(gd32vf103_usart.c.obj)
                0x0000000008005af0                usart_receive_config
 .text.usart_data_transmit
                0x0000000008005afa        0x8 modules/hal_gigadevice/libhal_gigadevice.a(gd32vf103_usart.c.obj)
                0x0000000008005afa                usart_data_transmit
 .text.usart_data_receive
                0x0000000008005b02        0x8 modules/hal_gigadevice/libhal_gigadevice.a(gd32vf103_usart.c.obj)
                0x0000000008005b02                usart_data_receive
 .text.usart_flag_get
                0x0000000008005b0a       0x1a modules/hal_gigadevice/libhal_gigadevice.a(gd32vf103_usart.c.obj)
                0x0000000008005b0a                usart_flag_get
 .text.usart_flag_clear
                0x0000000008005b24       0x1c modules/hal_gigadevice/libhal_gigadevice.a(gd32vf103_usart.c.obj)
                0x0000000008005b24                usart_flag_clear
 .text.usart_interrupt_enable
                0x0000000008005b40       0x18 modules/hal_gigadevice/libhal_gigadevice.a(gd32vf103_usart.c.obj)
                0x0000000008005b40                usart_interrupt_enable
 .text.usart_interrupt_disable
                0x0000000008005b58       0x1c modules/hal_gigadevice/libhal_gigadevice.a(gd32vf103_usart.c.obj)
                0x0000000008005b58                usart_interrupt_disable
 .text.usart_interrupt_flag_get
                0x0000000008005b74       0x2e modules/hal_gigadevice/libhal_gigadevice.a(gd32vf103_usart.c.obj)
                0x0000000008005b74                usart_interrupt_flag_get
 .text.z_impl_k_busy_wait
                0x0000000008005ba2       0x30 zephyr/kernel/libkernel.a(busy_wait.c.obj)
                0x0000000008005ba2                z_impl_k_busy_wait
 .text.do_device_init
                0x0000000008005bd2       0x48 zephyr/kernel/libkernel.a(device.c.obj)
                0x0000000008005bd2                do_device_init
 .text.z_impl_device_is_ready
                0x0000000008005c1a       0x1c zephyr/kernel/libkernel.a(device.c.obj)
                0x0000000008005c1a                z_impl_device_is_ready
 .text.arch_system_halt
                0x0000000008005c36        0x6 zephyr/kernel/libkernel.a(fatal.c.obj)
                0x0000000008005c36                arch_system_halt
 .text.k_sys_fatal_error_handler
                0x0000000008005c3c       0x28 zephyr/kernel/libkernel.a(fatal.c.obj)
                0x0000000008005c3c                k_sys_fatal_error_handler
 .text.z_fatal_error
                0x0000000008005c64      0x108 zephyr/kernel/libkernel.a(fatal.c.obj)
                0x0000000008005c64                z_fatal_error
 .text.z_sys_init_run_level
                0x0000000008005d6c       0x48 zephyr/kernel/libkernel.a(init.c.obj)
 .text.bg_thread_main
                0x0000000008005db4       0xc0 zephyr/kernel/libkernel.a(init.c.obj)
 .text.z_init_cpu
                0x0000000008005e74       0x7e zephyr/kernel/libkernel.a(init.c.obj)
                0x0000000008005e74                z_init_cpu
 .text.z_cstart
                0x0000000008005ef2       0xba zephyr/kernel/libkernel.a(init.c.obj)
                0x0000000008005ef2                z_cstart
 .text.idle     0x0000000008005fac        0xe zephyr/kernel/libkernel.a(idle.c.obj)
                0x0000000008005fac                idle
 .text.unpend_thread_no_timeout
                0x0000000008005fba       0x20 zephyr/kernel/libkernel.a(msg_q.c.obj)
 .text.put_msg_in_queue
                0x0000000008005fda       0xd6 zephyr/kernel/libkernel.a(msg_q.c.obj)
 .text.z_impl_k_msgq_put
                0x00000000080060b0        0x6 zephyr/kernel/libkernel.a(msg_q.c.obj)
                0x00000000080060b0                z_impl_k_msgq_put
 .text.z_impl_k_msgq_get
                0x00000000080060b6       0xcc zephyr/kernel/libkernel.a(msg_q.c.obj)
                0x00000000080060b6                z_impl_k_msgq_get
 .text.adjust_owner_prio.isra.0
                0x0000000008006182       0x10 zephyr/kernel/libkernel.a(mutex.c.obj)
 .text.z_impl_k_mutex_init
                0x0000000008006192       0x10 zephyr/kernel/libkernel.a(mutex.c.obj)
                0x0000000008006192                z_impl_k_mutex_init
 .text.z_impl_k_mutex_lock
                0x00000000080061a2       0xe2 zephyr/kernel/libkernel.a(mutex.c.obj)
                0x00000000080061a2                z_impl_k_mutex_lock
 .text.z_impl_k_mutex_unlock
                0x0000000008006284       0xa0 zephyr/kernel/libkernel.a(mutex.c.obj)
                0x0000000008006284                z_impl_k_mutex_unlock
 .text.z_impl_k_sem_init
                0x0000000008006324       0x18 zephyr/kernel/libkernel.a(sem.c.obj)
                0x0000000008006324                z_impl_k_sem_init
 .text.z_impl_k_sem_give
                0x000000000800633c       0x6c zephyr/kernel/libkernel.a(sem.c.obj)
                0x000000000800633c                z_impl_k_sem_give
 .text.z_impl_k_sem_take
                0x00000000080063a8       0x32 zephyr/kernel/libkernel.a(sem.c.obj)
                0x00000000080063a8                z_impl_k_sem_take
 .text.z_impl_k_sem_reset
                0x00000000080063da       0x7a zephyr/kernel/libkernel.a(sem.c.obj)
                0x00000000080063da                z_impl_k_sem_reset
 .text.k_is_in_isr
                0x0000000008006454        0xa zephyr/kernel/libkernel.a(thread.c.obj)
                0x0000000008006454                k_is_in_isr
 .text.z_impl_k_thread_name_set
                0x000000000800645e        0x6 zephyr/kernel/libkernel.a(thread.c.obj)
                0x000000000800645e                z_impl_k_thread_name_set
 .text.k_thread_name_get
                0x0000000008006464        0x4 zephyr/kernel/libkernel.a(thread.c.obj)
                0x0000000008006464                k_thread_name_get
 .text.z_setup_new_thread
                0x0000000008006468       0x94 zephyr/kernel/libkernel.a(thread.c.obj)
                0x0000000008006468                z_setup_new_thread
 .text.z_impl_k_thread_create
                0x00000000080064fc       0x54 zephyr/kernel/libkernel.a(thread.c.obj)
                0x00000000080064fc                z_impl_k_thread_create
 .text.z_dummy_thread_init
                0x0000000008006550       0x1e zephyr/kernel/libkernel.a(thread.c.obj)
                0x0000000008006550                z_dummy_thread_init
 .text.sys_dlist_remove
                0x000000000800656e       0x12 zephyr/kernel/libkernel.a(sched.c.obj)
 .text.unpend_thread_no_timeout
                0x0000000008006580       0x22 zephyr/kernel/libkernel.a(sched.c.obj)
 .text.ready_thread
                0x00000000080065a2       0xa0 zephyr/kernel/libkernel.a(sched.c.obj)
 .text.unready_thread
                0x0000000008006642       0x70 zephyr/kernel/libkernel.a(sched.c.obj)
 .text.add_thread_timeout
                0x00000000080066b2       0x1e zephyr/kernel/libkernel.a(sched.c.obj)
 .text.z_swap   0x00000000080066d0       0x60 zephyr/kernel/libkernel.a(sched.c.obj)
 .text.add_to_waitq_locked
                0x0000000008006730       0x60 zephyr/kernel/libkernel.a(sched.c.obj)
 .text.move_current_to_end_of_prio_q
                0x0000000008006790       0x7e zephyr/kernel/libkernel.a(sched.c.obj)
                0x0000000008006790                move_current_to_end_of_prio_q
 .text.z_ready_thread
                0x000000000800680e       0x1c zephyr/kernel/libkernel.a(sched.c.obj)
                0x000000000800680e                z_ready_thread
 .text.z_unpend_thread_no_timeout
                0x000000000800682a       0x20 zephyr/kernel/libkernel.a(sched.c.obj)
                0x000000000800682a                z_unpend_thread_no_timeout
 .text.z_sched_wake_thread
                0x000000000800684a       0x40 zephyr/kernel/libkernel.a(sched.c.obj)
                0x000000000800684a                z_sched_wake_thread
 .text.z_thread_timeout
                0x000000000800688a        0x8 zephyr/kernel/libkernel.a(sched.c.obj)
                0x000000000800688a                z_thread_timeout
 .text.z_pend_curr
                0x0000000008006892       0x40 zephyr/kernel/libkernel.a(sched.c.obj)
                0x0000000008006892                z_pend_curr
 .text.z_unpend1_no_timeout
                0x00000000080068d2       0x2e zephyr/kernel/libkernel.a(sched.c.obj)
                0x00000000080068d2                z_unpend1_no_timeout
 .text.z_thread_prio_set
                0x0000000008006900      0x110 zephyr/kernel/libkernel.a(sched.c.obj)
                0x0000000008006900                z_thread_prio_set
 .text.z_reschedule
                0x0000000008006a10       0x20 zephyr/kernel/libkernel.a(sched.c.obj)
                0x0000000008006a10                z_reschedule
 .text.z_reschedule_irqlock
                0x0000000008006a30       0x50 zephyr/kernel/libkernel.a(sched.c.obj)
                0x0000000008006a30                z_reschedule_irqlock
 .text.k_sched_lock
                0x0000000008006a80       0x1c zephyr/kernel/libkernel.a(sched.c.obj)
                0x0000000008006a80                k_sched_lock
 .text.k_sched_unlock
                0x0000000008006a9c       0x6a zephyr/kernel/libkernel.a(sched.c.obj)
                0x0000000008006a9c                k_sched_unlock
 .text.z_swap_next_thread
                0x0000000008006b06        0x8 zephyr/kernel/libkernel.a(sched.c.obj)
                0x0000000008006b06                z_swap_next_thread
 .text.z_get_next_switch_handle
                0x0000000008006b0e       0x14 zephyr/kernel/libkernel.a(sched.c.obj)
                0x0000000008006b0e                z_get_next_switch_handle
 .text.z_sched_init
                0x0000000008006b22        0xe zephyr/kernel/libkernel.a(sched.c.obj)
                0x0000000008006b22                z_sched_init
 .text.z_impl_k_yield
                0x0000000008006b30       0x8c zephyr/kernel/libkernel.a(sched.c.obj)
                0x0000000008006b30                z_impl_k_yield
 .text.z_tick_sleep
                0x0000000008006bbc       0x7c zephyr/kernel/libkernel.a(sched.c.obj)
 .text.z_impl_k_sleep
                0x0000000008006c38       0x4a zephyr/kernel/libkernel.a(sched.c.obj)
                0x0000000008006c38                z_impl_k_sleep
 .text.z_impl_k_wakeup
                0x0000000008006c82       0x42 zephyr/kernel/libkernel.a(sched.c.obj)
                0x0000000008006c82                z_impl_k_wakeup
 .text.z_impl_k_sched_current_thread_query
                0x0000000008006cc4        0x8 zephyr/kernel/libkernel.a(sched.c.obj)
                0x0000000008006cc4                z_impl_k_sched_current_thread_query
 .text.z_thread_abort
                0x0000000008006ccc      0x138 zephyr/kernel/libkernel.a(sched.c.obj)
                0x0000000008006ccc                z_thread_abort
 .text.z_impl_k_thread_abort
                0x0000000008006e04        0x4 zephyr/kernel/libkernel.a(sched.c.obj)
                0x0000000008006e04                z_impl_k_thread_abort
 .text.slice_timeout
                0x0000000008006e08       0x24 zephyr/kernel/libkernel.a(timeslicing.c.obj)
 .text.thread_is_sliceable
                0x0000000008006e2c       0x3c zephyr/kernel/libkernel.a(timeslicing.c.obj)
                0x0000000008006e2c                thread_is_sliceable
 .text.z_reset_time_slice
                0x0000000008006e68       0x5e zephyr/kernel/libkernel.a(timeslicing.c.obj)
                0x0000000008006e68                z_reset_time_slice
 .text.z_time_slice
                0x0000000008006ec6       0x4c zephyr/kernel/libkernel.a(timeslicing.c.obj)
                0x0000000008006ec6                z_time_slice
 .text.first    0x0000000008006f12        0xe zephyr/kernel/libkernel.a(timeout.c.obj)
 .text.next_timeout
                0x0000000008006f20       0x42 zephyr/kernel/libkernel.a(timeout.c.obj)
 .text.elapsed  0x0000000008006f62        0xe zephyr/kernel/libkernel.a(timeout.c.obj)
 .text.remove_timeout
                0x0000000008006f70       0x38 zephyr/kernel/libkernel.a(timeout.c.obj)
 .text.z_add_timeout
                0x0000000008006fa8      0x158 zephyr/kernel/libkernel.a(timeout.c.obj)
                0x0000000008006fa8                z_add_timeout
 .text.z_abort_timeout
                0x0000000008007100       0x54 zephyr/kernel/libkernel.a(timeout.c.obj)
                0x0000000008007100                z_abort_timeout
 .text.sys_clock_announce
                0x0000000008007154       0xc6 zephyr/kernel/libkernel.a(timeout.c.obj)
                0x0000000008007154                sys_clock_announce
 .text.sys_clock_tick_get
                0x000000000800721a       0x34 zephyr/kernel/libkernel.a(timeout.c.obj)
                0x000000000800721a                sys_clock_tick_get
 .text.sys_clock_tick_get_32
                0x000000000800724e        0xe zephyr/kernel/libkernel.a(timeout.c.obj)
                0x000000000800724e                sys_clock_tick_get_32
 .text.z_impl_k_uptime_ticks
                0x000000000800725c        0x4 zephyr/kernel/libkernel.a(timeout.c.obj)
                0x000000000800725c                z_impl_k_uptime_ticks
 .text.z_timer_expiration_handler
                0x0000000008007260      0x132 zephyr/kernel/libkernel.a(timer.c.obj)
                0x0000000008007260                z_timer_expiration_handler
 .text.k_timer_init
                0x0000000008007392       0x1e zephyr/kernel/libkernel.a(timer.c.obj)
                0x0000000008007392                k_timer_init
 .text.z_impl_k_timer_start
                0x00000000080073b0       0x82 zephyr/kernel/libkernel.a(timer.c.obj)
                0x00000000080073b0                z_impl_k_timer_start
 .text.z_impl_k_timer_stop
                0x0000000008007432       0x3a zephyr/kernel/libkernel.a(timer.c.obj)
                0x0000000008007432                z_impl_k_timer_stop
 .text.boot_banner
                0x000000000800746c        0xc zephyr/kernel/libkernel.a(banner.c.obj)
                0x000000000800746c                boot_banner
 .text.k_heap_init
                0x0000000008007478        0xc zephyr/kernel/libkernel.a(kheap.c.obj)
                0x0000000008007478                k_heap_init
 .text.statics_init
                0x0000000008007484       0x2e zephyr/kernel/libkernel.a(kheap.c.obj)
 .text.strlen   0x00000000080074b2       0x12 /home/dinesh/zephyr-sdk-0.17.4/riscv64-zephyr-elf/bin/../lib/gcc/../../picolibc/riscv64-zephyr-elf/lib/rv32imac_zicsr_zifencei/ilp32/libc.a(strlen.c.o)
                0x00000000080074b2                strlen
 .text.atoi     0x00000000080074c4        0x6 /home/dinesh/zephyr-sdk-0.17.4/riscv64-zephyr-elf/bin/../lib/gcc/../../picolibc/riscv64-zephyr-elf/lib/rv32imac_zicsr_zifencei/ilp32/libc.a(libc_stdlib_atoi.c.o)
                0x00000000080074c4                atoi
 .text.strncmp  0x00000000080074ca       0x2c /home/dinesh/zephyr-sdk-0.17.4/riscv64-zephyr-elf/bin/../lib/gcc/../../picolibc/riscv64-zephyr-elf/lib/rv32imac_zicsr_zifencei/ilp32/libc.a(libc_string_strncmp.c.o)
                0x00000000080074ca                strncmp
 .text.strnlen  0x00000000080074f6       0x18 /home/dinesh/zephyr-sdk-0.17.4/riscv64-zephyr-elf/bin/../lib/gcc/../../picolibc/riscv64-zephyr-elf/lib/rv32imac_zicsr_zifencei/ilp32/libc.a(libc_string_strnlen.c.o)
                0x00000000080074f6                strnlen
 .text.snprintf
                0x000000000800750e       0x66 /home/dinesh/zephyr-sdk-0.17.4/riscv64-zephyr-elf/bin/../lib/gcc/../../picolibc/riscv64-zephyr-elf/lib/rv32imac_zicsr_zifencei/ilp32/libc.a(libc_tinystdio_snprintf.c.o)
                0x000000000800750e                snprintf
 .text.strtol   0x0000000008007574      0x104 /home/dinesh/zephyr-sdk-0.17.4/riscv64-zephyr-elf/bin/../lib/gcc/../../picolibc/riscv64-zephyr-elf/lib/rv32imac_zicsr_zifencei/ilp32/libc.a(libc_tinystdio_strtol.c.o)
                0x0000000008007574                strtol
 .text.__ultoa_invert
                0x0000000008007678      0x110 /home/dinesh/zephyr-sdk-0.17.4/riscv64-zephyr-elf/bin/../lib/gcc/../../picolibc/riscv64-zephyr-elf/lib/rv32imac_zicsr_zifencei/ilp32/libc.a(libc_tinystdio_vflprintf.c.o)
 .text.__l_vfprintf
                0x0000000008007788      0x500 /home/dinesh/zephyr-sdk-0.17.4/riscv64-zephyr-elf/bin/../lib/gcc/../../picolibc/riscv64-zephyr-elf/lib/rv32imac_zicsr_zifencei/ilp32/libc.a(libc_tinystdio_vflprintf.c.o)
                0x0000000008007788                __l_vfprintf
 .text.__file_str_put
                0x0000000008007c88       0x14 /home/dinesh/zephyr-sdk-0.17.4/riscv64-zephyr-elf/bin/../lib/gcc/../../picolibc/riscv64-zephyr-elf/lib/rv32imac_zicsr_zifencei/ilp32/libc.a(libc_tinystdio_filestrput.c.o)
                0x0000000008007c88                __file_str_put
 .text.memcpy   0x0000000008007c9c       0x16 /home/dinesh/zephyr-sdk-0.17.4/riscv64-zephyr-elf/bin/../lib/gcc/../../picolibc/riscv64-zephyr-elf/lib/rv32imac_zicsr_zifencei/ilp32/libc.a(memcpy-asm.S.o)
                0x0000000008007c9c                memcpy
 .text.memset   0x0000000008007cb2       0x10 /home/dinesh/zephyr-sdk-0.17.4/riscv64-zephyr-elf/bin/../lib/gcc/../../picolibc/riscv64-zephyr-elf/lib/rv32imac_zicsr_zifencei/ilp32/libc.a(memset.S.o)
                0x0000000008007cb2                memset
 .text.strcmp   0x0000000008007cc2       0x18 /home/dinesh/zephyr-sdk-0.17.4/riscv64-zephyr-elf/bin/../lib/gcc/../../picolibc/riscv64-zephyr-elf/lib/rv32imac_zicsr_zifencei/ilp32/libc.a(strcmp.S.o)
                0x0000000008007cc2                strcmp
 *(SORT_BY_ALIGNMENT(.gnu.linkonce.t.*))
                0x0000000008007cda                __text_region_end = .
                0x0000000008007cda                __rodata_region_start = .

initlevel       0x0000000008007cdc       0x98
                0x0000000008007cdc                __init_start = .
                0x0000000008007cdc                __init_EARLY_start = .
 *(SORT_BY_NAME(SORT_BY_ALIGNMENT(.z_init_EARLY_P_?_*)))
 *(SORT_BY_NAME(SORT_BY_ALIGNMENT(.z_init_EARLY_P_??_*)))
 *(SORT_BY_NAME(SORT_BY_ALIGNMENT(.z_init_EARLY_P_???_*)))
                0x0000000008007cdc                __init_PRE_KERNEL_1_start = .
 *(SORT_BY_NAME(SORT_BY_ALIGNMENT(.z_init_PRE_KERNEL_1_P_?_*)))
 *(SORT_BY_NAME(SORT_BY_ALIGNMENT(.z_init_PRE_KERNEL_1_P_??_*)))
 .z_init_PRE_KERNEL_1_P_30_SUB_00009_
                0x0000000008007cdc        0x8 zephyr/drivers/clock_control/libdrivers__clock_control.a(clock_control_gd32.c.obj)
 .z_init_PRE_KERNEL_1_P_30_SUB_0_
                0x0000000008007ce4        0x8 zephyr/kernel/libkernel.a(kheap.c.obj)
 .z_init_PRE_KERNEL_1_P_35_SUB_00010_
                0x0000000008007cec        0x8 zephyr/drivers/reset/libdrivers__reset.a(reset_gd32.c.obj)
 .z_init_PRE_KERNEL_1_P_40_SUB_00011_
                0x0000000008007cf4        0x8 zephyr/drivers/gpio/libdrivers__gpio.a(gpio_gd32.c.obj)
 .z_init_PRE_KERNEL_1_P_40_SUB_00014_
                0x0000000008007cfc        0x8 zephyr/drivers/gpio/libdrivers__gpio.a(gpio_gd32.c.obj)
 .z_init_PRE_KERNEL_1_P_40_SUB_00019_
                0x0000000008007d04        0x8 zephyr/drivers/interrupt_controller/libdrivers__interrupt_controller.a(intc_clic.c.obj)
 .z_init_PRE_KERNEL_1_P_40_SUB_00020_
                0x0000000008007d0c        0x8 zephyr/drivers/gpio/libdrivers__gpio.a(gpio_gd32.c.obj)
 .z_init_PRE_KERNEL_1_P_40_SUB_00041_
                0x0000000008007d14        0x8 zephyr/drivers/interrupt_controller/libdrivers__interrupt_controller.a(intc_gd32_exti.c.obj)
 .z_init_PRE_KERNEL_1_P_40_SUB_0_
                0x0000000008007d1c        0x8 zephyr/drivers/pinctrl/libdrivers__pinctrl.a(pinctrl_gd32_afio.c.obj)
 .z_init_PRE_KERNEL_1_P_50_SUB_00047_
                0x0000000008007d24        0x8 zephyr/drivers/serial/libdrivers__serial.a(usart_gd32.c.obj)
 .z_init_PRE_KERNEL_1_P_60_SUB_0_
                0x0000000008007d2c        0x8 zephyr/drivers/console/libdrivers__console.a(uart_console.c.obj)
 *(SORT_BY_NAME(SORT_BY_ALIGNMENT(.z_init_PRE_KERNEL_1_P_???_*)))
                0x0000000008007d34                __init_PRE_KERNEL_2_start = .
 *(SORT_BY_NAME(SORT_BY_ALIGNMENT(.z_init_PRE_KERNEL_2_P_?_*)))
 .z_init_PRE_KERNEL_2_P_0_SUB_0_
                0x0000000008007d34        0x8 zephyr/drivers/timer/libdrivers__timer.a(riscv_machine_timer.c.obj)
 *(SORT_BY_NAME(SORT_BY_ALIGNMENT(.z_init_PRE_KERNEL_2_P_??_*)))
 *(SORT_BY_NAME(SORT_BY_ALIGNMENT(.z_init_PRE_KERNEL_2_P_???_*)))
                0x0000000008007d3c                __init_POST_KERNEL_start = .
 *(SORT_BY_NAME(SORT_BY_ALIGNMENT(.z_init_POST_KERNEL_P_?_*)))
 .z_init_POST_KERNEL_P_0_SUB_0_
                0x0000000008007d3c        0x8 zephyr/libzephyr.a(log_core.c.obj)
 *(SORT_BY_NAME(SORT_BY_ALIGNMENT(.z_init_POST_KERNEL_P_??_*)))
 .z_init_POST_KERNEL_P_35_SUB_0_
                0x0000000008007d44        0x8 zephyr/lib/libc/common/liblib__libc__common.a(malloc.c.obj)
 .z_init_POST_KERNEL_P_50_SUB_00022_
                0x0000000008007d4c        0x8 zephyr/drivers/spi/libdrivers__spi.a(spi_gd32.c.obj)
 .z_init_POST_KERNEL_P_50_SUB_00040_
                0x0000000008007d54        0x8 zephyr/drivers/i2c/libdrivers__i2c.a(i2c_gd32.c.obj)
 .z_init_POST_KERNEL_P_50_SUB_00065_
                0x0000000008007d5c        0x8 zephyr/drivers/spi/libdrivers__spi.a(spi_gd32.c.obj)
 .z_init_POST_KERNEL_P_80_SUB_00023_
                0x0000000008007d64        0x8 zephyr/libzephyr.a(mipi_dbi_spi.c.obj)
 .z_init_POST_KERNEL_P_85_SUB_00024_
                0x0000000008007d6c        0x8 zephyr/drivers/display/libdrivers__display.a(display_st7735r.c.obj)
 *(SORT_BY_NAME(SORT_BY_ALIGNMENT(.z_init_POST_KERNEL_P_???_*)))
                0x0000000008007d74                __init_APPLICATION_start = .
 *(SORT_BY_NAME(SORT_BY_ALIGNMENT(.z_init_APPLICATION_P_?_*)))
 *(SORT_BY_NAME(SORT_BY_ALIGNMENT(.z_init_APPLICATION_P_??_*)))
 *(SORT_BY_NAME(SORT_BY_ALIGNMENT(.z_init_APPLICATION_P_???_*)))
                0x0000000008007d74                __init_SMP_start = .
 *(SORT_BY_NAME(SORT_BY_ALIGNMENT(.z_init_SMP_P_?_*)))
 *(SORT_BY_NAME(SORT_BY_ALIGNMENT(.z_init_SMP_P_??_*)))
 *(SORT_BY_NAME(SORT_BY_ALIGNMENT(.z_init_SMP_P_???_*)))
                0x0000000008007d74                __init_end = .

device_area     0x0000000008007d74      0x16c
                0x0000000008007d74                _device_list_start = .
 *(SORT_BY_NAME(SORT_BY_ALIGNMENT(._device.static.*_?_*)))
 *(SORT_BY_NAME(SORT_BY_ALIGNMENT(._device.static.*_??_*)))
 ._device.static.1_30_
                0x0000000008007d74       0x1c zephyr/drivers/clock_control/libdrivers__clock_control.a(clock_control_gd32.c.obj)
                0x0000000008007d74                __device_dts_ord_9
 ._device.static.1_35_
                0x0000000008007d90       0x1c zephyr/drivers/reset/libdrivers__reset.a(reset_gd32.c.obj)
                0x0000000008007d90                __device_dts_ord_10
 ._device.static.1_40_
                0x0000000008007dac       0x1c zephyr/drivers/interrupt_controller/libdrivers__interrupt_controller.a(intc_clic.c.obj)
                0x0000000008007dac                __device_dts_ord_19
 ._device.static.1_40_
                0x0000000008007dc8       0x1c zephyr/drivers/interrupt_controller/libdrivers__interrupt_controller.a(intc_gd32_exti.c.obj)
                0x0000000008007dc8                __device_dts_ord_41
 ._device.static.1_40_
                0x0000000008007de4       0x54 zephyr/drivers/gpio/libdrivers__gpio.a(gpio_gd32.c.obj)
                0x0000000008007de4                __device_dts_ord_14
                0x0000000008007e00                __device_dts_ord_20
                0x0000000008007e1c                __device_dts_ord_11
 ._device.static.1_50_
                0x0000000008007e38       0x1c zephyr/drivers/serial/libdrivers__serial.a(usart_gd32.c.obj)
                0x0000000008007e38                __device_dts_ord_47
 ._device.static.3_50_
                0x0000000008007e54       0x1c zephyr/drivers/i2c/libdrivers__i2c.a(i2c_gd32.c.obj)
                0x0000000008007e54                __device_dts_ord_40
 ._device.static.3_50_
                0x0000000008007e70       0x38 zephyr/drivers/spi/libdrivers__spi.a(spi_gd32.c.obj)
                0x0000000008007e70                __device_dts_ord_65
                0x0000000008007e8c                __device_dts_ord_22
 ._device.static.3_80_
                0x0000000008007ea8       0x1c zephyr/libzephyr.a(mipi_dbi_spi.c.obj)
                0x0000000008007ea8                __device_dts_ord_23
 ._device.static.3_85_
                0x0000000008007ec4       0x1c zephyr/drivers/display/libdrivers__display.a(display_st7735r.c.obj)
                0x0000000008007ec4                __device_dts_ord_24
 *(SORT_BY_NAME(SORT_BY_ALIGNMENT(._device.static.*_???_*)))
 *(SORT_BY_NAME(SORT_BY_ALIGNMENT(._device.static.*_????_*)))
 *(SORT_BY_NAME(SORT_BY_ALIGNMENT(._device.static.*_?????_*)))
                0x0000000008007ee0                _device_list_end = .

sw_isr_table    0x0000000008007ee0      0x2d8
                0x0000000008007f00                . = ALIGN (0x40)
 *fill*         0x0000000008007ee0       0x20 
 *(SORT_BY_ALIGNMENT(.gnu.linkonce.sw_isr_table*))
 .gnu.linkonce.sw_isr_table
                0x0000000008007f00      0x2b8 zephyr/arch/common/libisr_tables.a(isr_tables.c.obj)
                0x0000000008007f00                _sw_isr_table

initlevel_error
                0x0000000008007cda        0x0
 *(SORT_BY_NAME(SORT_BY_ALIGNMENT(.z_init_*)))
                0x0000000000000001                ASSERT ((SIZEOF (initlevel_error) == 0x0), Undefined initialization levels used.)

app_shmem_regions
                0x00000000080081b8        0x0
                0x00000000080081b8                __app_shmem_regions_start = .
 *(SORT_BY_NAME(SORT_BY_ALIGNMENT(.app_regions.*)))
                0x00000000080081b8                __app_shmem_regions_end = .

k_p4wq_initparam_area
                0x00000000080081b8        0x0
                0x00000000080081b8                _k_p4wq_initparam_list_start = .
 *(SORT_BY_NAME(SORT_BY_ALIGNMENT(._k_p4wq_initparam.static.*)))
                0x00000000080081b8                _k_p4wq_initparam_list_end = .

_static_thread_data_area
                0x00000000080081b8       0x60
                0x00000000080081b8                __static_thread_data_list_start = .
 *(SORT_BY_NAME(SORT_BY_ALIGNMENT(.__static_thread_data.static.*)))
 .__static_thread_data.static._k_thread_data_cli_tid_
                0x00000000080081b8       0x30 app/libapp.a(main.c.obj)
                0x00000000080081b8                _k_thread_data_cli_tid
 .__static_thread_data.static._k_thread_data_sensor_tid_
                0x00000000080081e8       0x30 app/libapp.a(main.c.obj)
                0x00000000080081e8                _k_thread_data_sensor_tid
                0x0000000008008218                __static_thread_data_list_end = .

device_deps     0x0000000008008218        0x0
                0x0000000008008218                __device_deps_start = .
 *(SORT_BY_NAME(SORT_BY_ALIGNMENT(.__device_deps_pass2*)))
                0x0000000008008218                __device_deps_end = .

gpio_driver_api_area
                0x0000000008008218       0x24
                0x0000000008008218                _gpio_driver_api_list_start = .
 *(SORT_BY_NAME(SORT_BY_ALIGNMENT(._gpio_driver_api.static.*)))
 ._gpio_driver_api.static.gpio_gd32_api_
                0x0000000008008218       0x24 zephyr/drivers/gpio/libdrivers__gpio.a(gpio_gd32.c.obj)
                0x000000000800823c                _gpio_driver_api_list_end = .

i2c_driver_api_area
                0x000000000800823c       0x18
                0x000000000800823c                _i2c_driver_api_list_start = .
 *(SORT_BY_NAME(SORT_BY_ALIGNMENT(._i2c_driver_api.static.*)))
 ._i2c_driver_api.static.i2c_gd32_driver_api_
                0x000000000800823c       0x18 zephyr/drivers/i2c/libdrivers__i2c.a(i2c_gd32.c.obj)
                0x0000000008008254                _i2c_driver_api_list_end = .

i2c_target_driver_api_area
                0x0000000008008254        0x0
                0x0000000008008254                _i2c_target_driver_api_list_start = .
 *(SORT_BY_NAME(SORT_BY_ALIGNMENT(._i2c_target_driver_api.static.*)))
                0x0000000008008254                _i2c_target_driver_api_list_end = .

reset_driver_api_area
                0x0000000008008254       0x10
                0x0000000008008254                _reset_driver_api_list_start = .
 *(SORT_BY_NAME(SORT_BY_ALIGNMENT(._reset_driver_api.static.*)))
 ._reset_driver_api.static.reset_gd32_driver_api_
                0x0000000008008254       0x10 zephyr/drivers/reset/libdrivers__reset.a(reset_gd32.c.obj)
                0x0000000008008264                _reset_driver_api_list_end = .

spi_driver_api_area
                0x0000000008008264        0x8
                0x0000000008008264                _spi_driver_api_list_start = .
 *(SORT_BY_NAME(SORT_BY_ALIGNMENT(._spi_driver_api.static.*)))
 ._spi_driver_api.static.spi_gd32_driver_api_
                0x0000000008008264        0x8 zephyr/drivers/spi/libdrivers__spi.a(spi_gd32.c.obj)
                0x000000000800826c                _spi_driver_api_list_end = .

shared_irq_driver_api_area
                0x000000000800826c        0x0
                0x000000000800826c                _shared_irq_driver_api_list_start = .
 *(SORT_BY_NAME(SORT_BY_ALIGNMENT(._shared_irq_driver_api.static.*)))
                0x000000000800826c                _shared_irq_driver_api_list_end = .

crypto_driver_api_area
                0x000000000800826c        0x0
                0x000000000800826c                _crypto_driver_api_list_start = .
 *(SORT_BY_NAME(SORT_BY_ALIGNMENT(._crypto_driver_api.static.*)))
                0x000000000800826c                _crypto_driver_api_list_end = .

adc_driver_api_area
                0x000000000800826c        0x0
                0x000000000800826c                _adc_driver_api_list_start = .
 *(SORT_BY_NAME(SORT_BY_ALIGNMENT(._adc_driver_api.static.*)))
                0x000000000800826c                _adc_driver_api_list_end = .

auxdisplay_driver_api_area
                0x000000000800826c        0x0
                0x000000000800826c                _auxdisplay_driver_api_list_start = .
 *(SORT_BY_NAME(SORT_BY_ALIGNMENT(._auxdisplay_driver_api.static.*)))
                0x000000000800826c                _auxdisplay_driver_api_list_end = .

bbram_driver_api_area
                0x000000000800826c        0x0
                0x000000000800826c                _bbram_driver_api_list_start = .
 *(SORT_BY_NAME(SORT_BY_ALIGNMENT(._bbram_driver_api.static.*)))
                0x000000000800826c                _bbram_driver_api_list_end = .

bt_hci_driver_api_area
                0x000000000800826c        0x0
                0x000000000800826c                _bt_hci_driver_api_list_start = .
 *(SORT_BY_NAME(SORT_BY_ALIGNMENT(._bt_hci_driver_api.static.*)))
                0x000000000800826c                _bt_hci_driver_api_list_end = .

can_driver_api_area
                0x000000000800826c        0x0
                0x000000000800826c                _can_driver_api_list_start = .
 *(SORT_BY_NAME(SORT_BY_ALIGNMENT(._can_driver_api.static.*)))
                0x000000000800826c                _can_driver_api_list_end = .

cellular_driver_api_area
                0x000000000800826c        0x0
                0x000000000800826c                _cellular_driver_api_list_start = .
 *(SORT_BY_NAME(SORT_BY_ALIGNMENT(._cellular_driver_api.static.*)))
                0x000000000800826c                _cellular_driver_api_list_end = .

charger_driver_api_area
                0x000000000800826c        0x0
                0x000000000800826c                _charger_driver_api_list_start = .
 *(SORT_BY_NAME(SORT_BY_ALIGNMENT(._charger_driver_api.static.*)))
                0x000000000800826c                _charger_driver_api_list_end = .

clock_control_driver_api_area
                0x000000000800826c       0x1c
                0x000000000800826c                _clock_control_driver_api_list_start = .
 *(SORT_BY_NAME(SORT_BY_ALIGNMENT(._clock_control_driver_api.static.*)))
 ._clock_control_driver_api.static.clock_control_gd32_api_
                0x000000000800826c       0x1c zephyr/drivers/clock_control/libdrivers__clock_control.a(clock_control_gd32.c.obj)
                0x0000000008008288                _clock_control_driver_api_list_end = .

comparator_driver_api_area
                0x0000000008008288        0x0
                0x0000000008008288                _comparator_driver_api_list_start = .
 *(SORT_BY_NAME(SORT_BY_ALIGNMENT(._comparator_driver_api.static.*)))
                0x0000000008008288                _comparator_driver_api_list_end = .

coredump_driver_api_area
                0x0000000008008288        0x0
                0x0000000008008288                _coredump_driver_api_list_start = .
 *(SORT_BY_NAME(SORT_BY_ALIGNMENT(._coredump_driver_api.static.*)))
                0x0000000008008288                _coredump_driver_api_list_end = .

counter_driver_api_area
                0x0000000008008288        0x0
                0x0000000008008288                _counter_driver_api_list_start = .
 *(SORT_BY_NAME(SORT_BY_ALIGNMENT(._counter_driver_api.static.*)))
                0x0000000008008288                _counter_driver_api_list_end = .

crc_driver_api_area
                0x0000000008008288        0x0
                0x0000000008008288                _crc_driver_api_list_start = .
 *(SORT_BY_NAME(SORT_BY_ALIGNMENT(._crc_driver_api.static.*)))
                0x0000000008008288                _crc_driver_api_list_end = .

dac_driver_api_area
                0x0000000008008288        0x0
                0x0000000008008288                _dac_driver_api_list_start = .
 *(SORT_BY_NAME(SORT_BY_ALIGNMENT(._dac_driver_api.static.*)))
                0x0000000008008288                _dac_driver_api_list_end = .

dai_driver_api_area
                0x0000000008008288        0x0
                0x0000000008008288                _dai_driver_api_list_start = .
 *(SORT_BY_NAME(SORT_BY_ALIGNMENT(._dai_driver_api.static.*)))
                0x0000000008008288                _dai_driver_api_list_end = .

display_driver_api_area
                0x0000000008008288       0x2c
                0x0000000008008288                _display_driver_api_list_start = .
 *(SORT_BY_NAME(SORT_BY_ALIGNMENT(._display_driver_api.static.*)))
 ._display_driver_api.static.st7735r_api_
                0x0000000008008288       0x2c zephyr/drivers/display/libdrivers__display.a(display_st7735r.c.obj)
                0x00000000080082b4                _display_driver_api_list_end = .

dma_driver_api_area
                0x00000000080082b4        0x0
                0x00000000080082b4                _dma_driver_api_list_start = .
 *(SORT_BY_NAME(SORT_BY_ALIGNMENT(._dma_driver_api.static.*)))
                0x00000000080082b4                _dma_driver_api_list_end = .

edac_driver_api_area
                0x00000000080082b4        0x0
                0x00000000080082b4                _edac_driver_api_list_start = .
 *(SORT_BY_NAME(SORT_BY_ALIGNMENT(._edac_driver_api.static.*)))
                0x00000000080082b4                _edac_driver_api_list_end = .

eeprom_driver_api_area
                0x00000000080082b4        0x0
                0x00000000080082b4                _eeprom_driver_api_list_start = .
 *(SORT_BY_NAME(SORT_BY_ALIGNMENT(._eeprom_driver_api.static.*)))
                0x00000000080082b4                _eeprom_driver_api_list_end = .

emul_bbram_driver_api_area
                0x00000000080082b4        0x0
                0x00000000080082b4                _emul_bbram_driver_api_list_start = .
 *(SORT_BY_NAME(SORT_BY_ALIGNMENT(._emul_bbram_driver_api.static.*)))
                0x00000000080082b4                _emul_bbram_driver_api_list_end = .

fuel_gauge_emul_driver_api_area
                0x00000000080082b4        0x0
                0x00000000080082b4                _fuel_gauge_emul_driver_api_list_start = .
 *(SORT_BY_NAME(SORT_BY_ALIGNMENT(._fuel_gauge_emul_driver_api.static.*)))
                0x00000000080082b4                _fuel_gauge_emul_driver_api_list_end = .

emul_sensor_driver_api_area
                0x00000000080082b4        0x0
                0x00000000080082b4                _emul_sensor_driver_api_list_start = .
 *(SORT_BY_NAME(SORT_BY_ALIGNMENT(._emul_sensor_driver_api.static.*)))
                0x00000000080082b4                _emul_sensor_driver_api_list_end = .

entropy_driver_api_area
                0x00000000080082b4        0x0
                0x00000000080082b4                _entropy_driver_api_list_start = .
 *(SORT_BY_NAME(SORT_BY_ALIGNMENT(._entropy_driver_api.static.*)))
                0x00000000080082b4                _entropy_driver_api_list_end = .

espi_driver_api_area
                0x00000000080082b4        0x0
                0x00000000080082b4                _espi_driver_api_list_start = .
 *(SORT_BY_NAME(SORT_BY_ALIGNMENT(._espi_driver_api.static.*)))
                0x00000000080082b4                _espi_driver_api_list_end = .

espi_saf_driver_api_area
                0x00000000080082b4        0x0
                0x00000000080082b4                _espi_saf_driver_api_list_start = .
 *(SORT_BY_NAME(SORT_BY_ALIGNMENT(._espi_saf_driver_api.static.*)))
                0x00000000080082b4                _espi_saf_driver_api_list_end = .

flash_driver_api_area
                0x00000000080082b4        0x0
                0x00000000080082b4                _flash_driver_api_list_start = .
 *(SORT_BY_NAME(SORT_BY_ALIGNMENT(._flash_driver_api.static.*)))
                0x00000000080082b4                _flash_driver_api_list_end = .

fpga_driver_api_area
                0x00000000080082b4        0x0
                0x00000000080082b4                _fpga_driver_api_list_start = .
 *(SORT_BY_NAME(SORT_BY_ALIGNMENT(._fpga_driver_api.static.*)))
                0x00000000080082b4                _fpga_driver_api_list_end = .

fuel_gauge_driver_api_area
                0x00000000080082b4        0x0
                0x00000000080082b4                _fuel_gauge_driver_api_list_start = .
 *(SORT_BY_NAME(SORT_BY_ALIGNMENT(._fuel_gauge_driver_api.static.*)))
                0x00000000080082b4                _fuel_gauge_driver_api_list_end = .

gnss_driver_api_area
                0x00000000080082b4        0x0
                0x00000000080082b4                _gnss_driver_api_list_start = .
 *(SORT_BY_NAME(SORT_BY_ALIGNMENT(._gnss_driver_api.static.*)))
                0x00000000080082b4                _gnss_driver_api_list_end = .

haptics_driver_api_area
                0x00000000080082b4        0x0
                0x00000000080082b4                _haptics_driver_api_list_start = .
 *(SORT_BY_NAME(SORT_BY_ALIGNMENT(._haptics_driver_api.static.*)))
                0x00000000080082b4                _haptics_driver_api_list_end = .

hwspinlock_driver_api_area
                0x00000000080082b4        0x0
                0x00000000080082b4                _hwspinlock_driver_api_list_start = .
 *(SORT_BY_NAME(SORT_BY_ALIGNMENT(._hwspinlock_driver_api.static.*)))
                0x00000000080082b4                _hwspinlock_driver_api_list_end = .

i2s_driver_api_area
                0x00000000080082b4        0x0
                0x00000000080082b4                _i2s_driver_api_list_start = .
 *(SORT_BY_NAME(SORT_BY_ALIGNMENT(._i2s_driver_api.static.*)))
                0x00000000080082b4                _i2s_driver_api_list_end = .

i3c_driver_api_area
                0x00000000080082b4        0x0
                0x00000000080082b4                _i3c_driver_api_list_start = .
 *(SORT_BY_NAME(SORT_BY_ALIGNMENT(._i3c_driver_api.static.*)))
                0x00000000080082b4                _i3c_driver_api_list_end = .

ipm_driver_api_area
                0x00000000080082b4        0x0
                0x00000000080082b4                _ipm_driver_api_list_start = .
 *(SORT_BY_NAME(SORT_BY_ALIGNMENT(._ipm_driver_api.static.*)))
                0x00000000080082b4                _ipm_driver_api_list_end = .

led_driver_api_area
                0x00000000080082b4        0x0
                0x00000000080082b4                _led_driver_api_list_start = .
 *(SORT_BY_NAME(SORT_BY_ALIGNMENT(._led_driver_api.static.*)))
                0x00000000080082b4                _led_driver_api_list_end = .

led_strip_driver_api_area
                0x00000000080082b4        0x0
                0x00000000080082b4                _led_strip_driver_api_list_start = .
 *(SORT_BY_NAME(SORT_BY_ALIGNMENT(._led_strip_driver_api.static.*)))
                0x00000000080082b4                _led_strip_driver_api_list_end = .

lora_driver_api_area
                0x00000000080082b4        0x0
                0x00000000080082b4                _lora_driver_api_list_start = .
 *(SORT_BY_NAME(SORT_BY_ALIGNMENT(._lora_driver_api.static.*)))
                0x00000000080082b4                _lora_driver_api_list_end = .

mbox_driver_api_area
                0x00000000080082b4        0x0
                0x00000000080082b4                _mbox_driver_api_list_start = .
 *(SORT_BY_NAME(SORT_BY_ALIGNMENT(._mbox_driver_api.static.*)))
                0x00000000080082b4                _mbox_driver_api_list_end = .

mdio_driver_api_area
                0x00000000080082b4        0x0
                0x00000000080082b4                _mdio_driver_api_list_start = .
 *(SORT_BY_NAME(SORT_BY_ALIGNMENT(._mdio_driver_api.static.*)))
                0x00000000080082b4                _mdio_driver_api_list_end = .

mipi_dbi_driver_api_area
                0x00000000080082b4       0x18
                0x00000000080082b4                _mipi_dbi_driver_api_list_start = .
 *(SORT_BY_NAME(SORT_BY_ALIGNMENT(._mipi_dbi_driver_api.static.*)))
 ._mipi_dbi_driver_api.static.mipi_dbi_spi_driver_api_
                0x00000000080082b4       0x18 zephyr/libzephyr.a(mipi_dbi_spi.c.obj)
                0x00000000080082cc                _mipi_dbi_driver_api_list_end = .

mipi_dsi_driver_api_area
                0x00000000080082cc        0x0
                0x00000000080082cc                _mipi_dsi_driver_api_list_start = .
 *(SORT_BY_NAME(SORT_BY_ALIGNMENT(._mipi_dsi_driver_api.static.*)))
                0x00000000080082cc                _mipi_dsi_driver_api_list_end = .

mspi_driver_api_area
                0x00000000080082cc        0x0
                0x00000000080082cc                _mspi_driver_api_list_start = .
 *(SORT_BY_NAME(SORT_BY_ALIGNMENT(._mspi_driver_api.static.*)))
                0x00000000080082cc                _mspi_driver_api_list_end = .

opamp_driver_api_area
                0x00000000080082cc        0x0
                0x00000000080082cc                _opamp_driver_api_list_start = .
 *(SORT_BY_NAME(SORT_BY_ALIGNMENT(._opamp_driver_api.static.*)))
                0x00000000080082cc                _opamp_driver_api_list_end = .

peci_driver_api_area
                0x00000000080082cc        0x0
                0x00000000080082cc                _peci_driver_api_list_start = .
 *(SORT_BY_NAME(SORT_BY_ALIGNMENT(._peci_driver_api.static.*)))
                0x00000000080082cc                _peci_driver_api_list_end = .

ps2_driver_api_area
                0x00000000080082cc        0x0
                0x00000000080082cc                _ps2_driver_api_list_start = .
 *(SORT_BY_NAME(SORT_BY_ALIGNMENT(._ps2_driver_api.static.*)))
                0x00000000080082cc                _ps2_driver_api_list_end = .

ptp_clock_driver_api_area
                0x00000000080082cc        0x0
                0x00000000080082cc                _ptp_clock_driver_api_list_start = .
 *(SORT_BY_NAME(SORT_BY_ALIGNMENT(._ptp_clock_driver_api.static.*)))
                0x00000000080082cc                _ptp_clock_driver_api_list_end = .

pwm_driver_api_area
                0x00000000080082cc        0x0
                0x00000000080082cc                _pwm_driver_api_list_start = .
 *(SORT_BY_NAME(SORT_BY_ALIGNMENT(._pwm_driver_api.static.*)))
                0x00000000080082cc                _pwm_driver_api_list_end = .

regulator_parent_driver_api_area
                0x00000000080082cc        0x0
                0x00000000080082cc                _regulator_parent_driver_api_list_start = .
 *(SORT_BY_NAME(SORT_BY_ALIGNMENT(._regulator_parent_driver_api.static.*)))
                0x00000000080082cc                _regulator_parent_driver_api_list_end = .

regulator_driver_api_area
                0x00000000080082cc        0x0
                0x00000000080082cc                _regulator_driver_api_list_start = .
 *(SORT_BY_NAME(SORT_BY_ALIGNMENT(._regulator_driver_api.static.*)))
                0x00000000080082cc                _regulator_driver_api_list_end = .

retained_mem_driver_api_area
                0x00000000080082cc        0x0
                0x00000000080082cc                _retained_mem_driver_api_list_start = .
 *(SORT_BY_NAME(SORT_BY_ALIGNMENT(._retained_mem_driver_api.static.*)))
                0x00000000080082cc                _retained_mem_driver_api_list_end = .

rtc_driver_api_area
                0x00000000080082cc        0x0
                0x00000000080082cc                _rtc_driver_api_list_start = .
 *(SORT_BY_NAME(SORT_BY_ALIGNMENT(._rtc_driver_api.static.*)))
                0x00000000080082cc                _rtc_driver_api_list_end = .

sdhc_driver_api_area
                0x00000000080082cc        0x0
                0x00000000080082cc                _sdhc_driver_api_list_start = .
 *(SORT_BY_NAME(SORT_BY_ALIGNMENT(._sdhc_driver_api.static.*)))
                0x00000000080082cc                _sdhc_driver_api_list_end = .

sensor_driver_api_area
                0x00000000080082cc        0x0
                0x00000000080082cc                _sensor_driver_api_list_start = .
 *(SORT_BY_NAME(SORT_BY_ALIGNMENT(._sensor_driver_api.static.*)))
                0x00000000080082cc                _sensor_driver_api_list_end = .

smbus_driver_api_area
                0x00000000080082cc        0x0
                0x00000000080082cc                _smbus_driver_api_list_start = .
 *(SORT_BY_NAME(SORT_BY_ALIGNMENT(._smbus_driver_api.static.*)))
                0x00000000080082cc                _smbus_driver_api_list_end = .

stepper_driver_api_area
                0x00000000080082cc        0x0
                0x00000000080082cc                _stepper_driver_api_list_start = .
 *(SORT_BY_NAME(SORT_BY_ALIGNMENT(._stepper_driver_api.static.*)))
                0x00000000080082cc                _stepper_driver_api_list_end = .

syscon_driver_api_area
                0x00000000080082cc        0x0
                0x00000000080082cc                _syscon_driver_api_list_start = .
 *(SORT_BY_NAME(SORT_BY_ALIGNMENT(._syscon_driver_api.static.*)))
                0x00000000080082cc                _syscon_driver_api_list_end = .

tee_driver_api_area
                0x00000000080082cc        0x0
                0x00000000080082cc                _tee_driver_api_list_start = .
 *(SORT_BY_NAME(SORT_BY_ALIGNMENT(._tee_driver_api.static.*)))
                0x00000000080082cc                _tee_driver_api_list_end = .

video_driver_api_area
                0x00000000080082cc        0x0
                0x00000000080082cc                _video_driver_api_list_start = .
 *(SORT_BY_NAME(SORT_BY_ALIGNMENT(._video_driver_api.static.*)))
                0x00000000080082cc                _video_driver_api_list_end = .

virtio_driver_api_area
                0x00000000080082cc        0x0
                0x00000000080082cc                _virtio_driver_api_list_start = .
 *(SORT_BY_NAME(SORT_BY_ALIGNMENT(._virtio_driver_api.static.*)))
                0x00000000080082cc                _virtio_driver_api_list_end = .

w1_driver_api_area
                0x00000000080082cc        0x0
                0x00000000080082cc                _w1_driver_api_list_start = .
 *(SORT_BY_NAME(SORT_BY_ALIGNMENT(._w1_driver_api.static.*)))
                0x00000000080082cc                _w1_driver_api_list_end = .

wdt_driver_api_area
                0x00000000080082cc        0x0
                0x00000000080082cc                _wdt_driver_api_list_start = .
 *(SORT_BY_NAME(SORT_BY_ALIGNMENT(._wdt_driver_api.static.*)))
                0x00000000080082cc                _wdt_driver_api_list_end = .

can_transceiver_driver_api_area
                0x00000000080082cc        0x0
                0x00000000080082cc                _can_transceiver_driver_api_list_start = .
 *(SORT_BY_NAME(SORT_BY_ALIGNMENT(._can_transceiver_driver_api.static.*)))
                0x00000000080082cc                _can_transceiver_driver_api_list_end = .

nrf_clock_control_driver_api_area
                0x00000000080082cc        0x0
                0x00000000080082cc                _nrf_clock_control_driver_api_list_start = .
 *(SORT_BY_NAME(SORT_BY_ALIGNMENT(._nrf_clock_control_driver_api.static.*)))
                0x00000000080082cc                _nrf_clock_control_driver_api_list_end = .

i3c_target_driver_api_area
                0x00000000080082cc        0x0
                0x00000000080082cc                _i3c_target_driver_api_list_start = .
 *(SORT_BY_NAME(SORT_BY_ALIGNMENT(._i3c_target_driver_api.static.*)))
                0x00000000080082cc                _i3c_target_driver_api_list_end = .

its_driver_api_area
                0x00000000080082cc        0x0
                0x00000000080082cc                _its_driver_api_list_start = .
 *(SORT_BY_NAME(SORT_BY_ALIGNMENT(._its_driver_api.static.*)))
                0x00000000080082cc                _its_driver_api_list_end = .

vtd_driver_api_area
                0x00000000080082cc        0x0
                0x00000000080082cc                _vtd_driver_api_list_start = .
 *(SORT_BY_NAME(SORT_BY_ALIGNMENT(._vtd_driver_api.static.*)))
                0x00000000080082cc                _vtd_driver_api_list_end = .

renesas_elc_driver_api_area
                0x00000000080082cc        0x0
                0x00000000080082cc                _renesas_elc_driver_api_list_start = .
 *(SORT_BY_NAME(SORT_BY_ALIGNMENT(._renesas_elc_driver_api.static.*)))
                0x00000000080082cc                _renesas_elc_driver_api_list_end = .

tgpio_driver_api_area
                0x00000000080082cc        0x0
                0x00000000080082cc                _tgpio_driver_api_list_start = .
 *(SORT_BY_NAME(SORT_BY_ALIGNMENT(._tgpio_driver_api.static.*)))